[0.467s] Invoking command in '/home/deepak/task2/turtlebot3_ws/src/turtlebot3/turtlebot3_teleop': PYTHONPATH=/home/deepak/task2/turtlebot3_ws/build/turtlebot3_teleop/prefix_override:/usr/lib/python3/dist-packages/colcon_core/task/python/colcon_distutils_commands:/home/deepak/task2/turtlebot3_ws/install/turtlebot3_teleop/lib/python3.10/site-packages:${PYTHONPATH} /usr/bin/python3 -W ignore:setup.py install is deprecated -W ignore:easy_install command is deprecated setup.py egg_info --egg-base ../../../build/turtlebot3_teleop build --build-base /home/deepak/task2/turtlebot3_ws/build/turtlebot3_teleop/build install --record /home/deepak/task2/turtlebot3_ws/build/turtlebot3_teleop/install.log --install-scripts $base/lib/turtlebot3_teleop --single-version-externally-managed install_data
[0.620s] running egg_info
[0.620s] creating ../../../build/turtlebot3_teleop/turtlebot3_teleop.egg-info
[0.620s] writing ../../../build/turtlebot3_teleop/turtlebot3_teleop.egg-info/PKG-INFO
[0.621s] writing dependency_links to ../../../build/turtlebot3_teleop/turtlebot3_teleop.egg-info/dependency_links.txt
[0.621s] writing entry points to ../../../build/turtlebot3_teleop/turtlebot3_teleop.egg-info/entry_points.txt
[0.621s] writing requirements to ../../../build/turtlebot3_teleop/turtlebot3_teleop.egg-info/requires.txt
[0.621s] writing top-level names to ../../../build/turtlebot3_teleop/turtlebot3_teleop.egg-info/top_level.txt
[0.621s] writing manifest file '../../../build/turtlebot3_teleop/turtlebot3_teleop.egg-info/SOURCES.txt'
[0.623s] reading manifest file '../../../build/turtlebot3_teleop/turtlebot3_teleop.egg-info/SOURCES.txt'
[0.623s] writing manifest file '../../../build/turtlebot3_teleop/turtlebot3_teleop.egg-info/SOURCES.txt'
[0.623s] running build
[0.623s] running build_py
[0.623s] creating /home/deepak/task2/turtlebot3_ws/build/turtlebot3_teleop/build
[0.623s] creating /home/deepak/task2/turtlebot3_ws/build/turtlebot3_teleop/build/lib
[0.623s] creating /home/deepak/task2/turtlebot3_ws/build/turtlebot3_teleop/build/lib/turtlebot3_teleop
[0.624s] copying turtlebot3_teleop/__init__.py -> /home/deepak/task2/turtlebot3_ws/build/turtlebot3_teleop/build/lib/turtlebot3_teleop
[0.624s] creating /home/deepak/task2/turtlebot3_ws/build/turtlebot3_teleop/build/lib/turtlebot3_teleop/script
[0.624s] copying turtlebot3_teleop/script/__init__.py -> /home/deepak/task2/turtlebot3_ws/build/turtlebot3_teleop/build/lib/turtlebot3_teleop/script
[0.624s] copying turtlebot3_teleop/script/teleop_keyboard.py -> /home/deepak/task2/turtlebot3_ws/build/turtlebot3_teleop/build/lib/turtlebot3_teleop/script
[0.624s] running install
[0.624s] running install_lib
[0.624s] creating /home/deepak/task2/turtlebot3_ws/install/turtlebot3_teleop/lib/python3.10/site-packages/turtlebot3_teleop
[0.624s] copying /home/deepak/task2/turtlebot3_ws/build/turtlebot3_teleop/build/lib/turtlebot3_teleop/__init__.py -> /home/deepak/task2/turtlebot3_ws/install/turtlebot3_teleop/lib/python3.10/site-packages/turtlebot3_teleop
[0.625s] creating /home/deepak/task2/turtlebot3_ws/install/turtlebot3_teleop/lib/python3.10/site-packages/turtlebot3_teleop/script
[0.625s] copying /home/deepak/task2/turtlebot3_ws/build/turtlebot3_teleop/build/lib/turtlebot3_teleop/script/__init__.py -> /home/deepak/task2/turtlebot3_ws/install/turtlebot3_teleop/lib/python3.10/site-packages/turtlebot3_teleop/script
[0.625s] copying /home/deepak/task2/turtlebot3_ws/build/turtlebot3_teleop/build/lib/turtlebot3_teleop/script/teleop_keyboard.py -> /home/deepak/task2/turtlebot3_ws/install/turtlebot3_teleop/lib/python3.10/site-packages/turtlebot3_teleop/script
[0.625s] byte-compiling /home/deepak/task2/turtlebot3_ws/install/turtlebot3_teleop/lib/python3.10/site-packages/turtlebot3_teleop/__init__.py to __init__.cpython-310.pyc
[0.625s] byte-compiling /home/deepak/task2/turtlebot3_ws/install/turtlebot3_teleop/lib/python3.10/site-packages/turtlebot3_teleop/script/__init__.py to __init__.cpython-310.pyc
[0.625s] byte-compiling /home/deepak/task2/turtlebot3_ws/install/turtlebot3_teleop/lib/python3.10/site-packages/turtlebot3_teleop/script/teleop_keyboard.py to teleop_keyboard.cpython-310.pyc
[0.626s] running install_data
[0.626s] creating /home/deepak/task2/turtlebot3_ws/install/turtlebot3_teleop/share/ament_index
[0.626s] creating /home/deepak/task2/turtlebot3_ws/install/turtlebot3_teleop/share/ament_index/resource_index
[0.626s] creating /home/deepak/task2/turtlebot3_ws/install/turtlebot3_teleop/share/ament_index/resource_index/packages
[0.626s] copying resource/turtlebot3_teleop -> /home/deepak/task2/turtlebot3_ws/install/turtlebot3_teleop/share/ament_index/resource_index/packages
[0.626s] copying package.xml -> /home/deepak/task2/turtlebot3_ws/install/turtlebot3_teleop/share/turtlebot3_teleop
[0.626s] running install_egg_info
[0.627s] Copying ../../../build/turtlebot3_teleop/turtlebot3_teleop.egg-info to /home/deepak/task2/turtlebot3_ws/install/turtlebot3_teleop/lib/python3.10/site-packages/turtlebot3_teleop-2.3.6-py3.10.egg-info
[0.628s] running install_scripts
[0.642s] Installing teleop_keyboard script to /home/deepak/task2/turtlebot3_ws/install/turtlebot3_teleop/lib/turtlebot3_teleop
[0.642s] writing list of installed files to '/home/deepak/task2/turtlebot3_ws/build/turtlebot3_teleop/install.log'
[0.662s] Invoked command in '/home/deepak/task2/turtlebot3_ws/src/turtlebot3/turtlebot3_teleop' returned '0': PYTHONPATH=/home/deepak/task2/turtlebot3_ws/build/turtlebot3_teleop/prefix_override:/usr/lib/python3/dist-packages/colcon_core/task/python/colcon_distutils_commands:/home/deepak/task2/turtlebot3_ws/install/turtlebot3_teleop/lib/python3.10/site-packages:${PYTHONPATH} /usr/bin/python3 -W ignore:setup.py install is deprecated -W ignore:easy_install command is deprecated setup.py egg_info --egg-base ../../../build/turtlebot3_teleop build --build-base /home/deepak/task2/turtlebot3_ws/build/turtlebot3_teleop/build install --record /home/deepak/task2/turtlebot3_ws/build/turtlebot3_teleop/install.log --install-scripts $base/lib/turtlebot3_teleop --single-version-externally-managed install_data
