[0.048s] Invoking command in '/home/deepak/task2/turtlebot3_ws/build/turtlebot3_description': CMAKE_PREFIX_PATH=${CMAKE_PREFIX_PATH}:/home/deepak/moveit_ws/install/moveit_configs_utils:/opt/ros/humble /usr/bin/cmake /home/deepak/task2/turtlebot3_ws/src/turtlebot3/turtlebot3_description -DCMAKE_INSTALL_PREFIX=/home/deepak/task2/turtlebot3_ws/install/turtlebot3_description
[0.241s] -- The C compiler identification is GNU 11.4.0
[0.242s] -- The CXX compiler identification is GNU 11.4.0
[0.242s] -- Detecting C compiler ABI info
[0.242s] -- Detecting C compiler ABI info - done
[0.242s] -- Check for working C compiler: /usr/bin/cc - skipped
[0.243s] -- Detecting C compile features
[0.243s] -- Detecting C compile features - done
[0.243s] -- Detecting CXX compiler ABI info
[0.263s] -- Detecting CXX compiler ABI info - done
[0.270s] -- Check for working CXX compiler: /usr/bin/c++ - skipped
[0.270s] -- Detecting CXX compile features
[0.271s] -- Detecting CXX compile features - done
[0.278s] -- Found ament_cmake: 1.3.14 (/opt/ros/humble/share/ament_cmake/cmake)
[0.423s] -- Found Python3: /usr/bin/python3 (found version "3.10.12") found components: Interpreter 
[0.525s] -- Found urdf: 2.6.1 (/opt/ros/humble/share/urdf/cmake)
[0.734s] -- Configuring done
[0.736s] -- Generating done
[0.737s] -- Build files have been written to: /home/deepak/task2/turtlebot3_ws/build/turtlebot3_description
[0.749s] Invoked command in '/home/deepak/task2/turtlebot3_ws/build/turtlebot3_description' returned '0': CMAKE_PREFIX_PATH=${CMAKE_PREFIX_PATH}:/home/deepak/moveit_ws/install/moveit_configs_utils:/opt/ros/humble /usr/bin/cmake /home/deepak/task2/turtlebot3_ws/src/turtlebot3/turtlebot3_description -DCMAKE_INSTALL_PREFIX=/home/deepak/task2/turtlebot3_ws/install/turtlebot3_description
[0.751s] Invoking command in '/home/deepak/task2/turtlebot3_ws/build/turtlebot3_description': CMAKE_PREFIX_PATH=${CMAKE_PREFIX_PATH}:/home/deepak/moveit_ws/install/moveit_configs_utils:/opt/ros/humble /usr/bin/cmake --build /home/deepak/task2/turtlebot3_ws/build/turtlebot3_description -- -j20 -l20
[0.784s] Invoked command in '/home/deepak/task2/turtlebot3_ws/build/turtlebot3_description' returned '0': CMAKE_PREFIX_PATH=${CMAKE_PREFIX_PATH}:/home/deepak/moveit_ws/install/moveit_configs_utils:/opt/ros/humble /usr/bin/cmake --build /home/deepak/task2/turtlebot3_ws/build/turtlebot3_description -- -j20 -l20
[0.785s] Invoking command in '/home/deepak/task2/turtlebot3_ws/build/turtlebot3_description': CMAKE_PREFIX_PATH=${CMAKE_PREFIX_PATH}:/home/deepak/moveit_ws/install/moveit_configs_utils:/opt/ros/humble /usr/bin/cmake --install /home/deepak/task2/turtlebot3_ws/build/turtlebot3_description
[0.792s] -- Install configuration: ""
[0.792s] -- Installing: /home/deepak/task2/turtlebot3_ws/install/turtlebot3_description/share/turtlebot3_description/meshes
[0.792s] -- Installing: /home/deepak/task2/turtlebot3_ws/install/turtlebot3_description/share/turtlebot3_description/meshes/bases
[0.792s] -- Installing: /home/deepak/task2/turtlebot3_ws/install/turtlebot3_description/share/turtlebot3_description/meshes/bases/waffle_pi_base.stl
[0.796s] -- Installing: /home/deepak/task2/turtlebot3_ws/install/turtlebot3_description/share/turtlebot3_description/meshes/bases/burger_base.stl
[0.798s] -- Installing: /home/deepak/task2/turtlebot3_ws/install/turtlebot3_description/share/turtlebot3_description/meshes/bases/waffle_base.stl
[0.806s] -- Installing: /home/deepak/task2/turtlebot3_ws/install/turtlebot3_description/share/turtlebot3_description/meshes/sensors
[0.806s] -- Installing: /home/deepak/task2/turtlebot3_ws/install/turtlebot3_description/share/turtlebot3_description/meshes/sensors/astra.dae
[0.811s] -- Installing: /home/deepak/task2/turtlebot3_ws/install/turtlebot3_description/share/turtlebot3_description/meshes/sensors/r200.jpg
[0.811s] -- Installing: /home/deepak/task2/turtlebot3_ws/install/turtlebot3_description/share/turtlebot3_description/meshes/sensors/r200.dae
[0.811s] -- Installing: /home/deepak/task2/turtlebot3_ws/install/turtlebot3_description/share/turtlebot3_description/meshes/sensors/lds.stl
[0.811s] -- Installing: /home/deepak/task2/turtlebot3_ws/install/turtlebot3_description/share/turtlebot3_description/meshes/sensors/astra.jpg
[0.811s] -- Installing: /home/deepak/task2/turtlebot3_ws/install/turtlebot3_description/share/turtlebot3_description/meshes/wheels
[0.812s] -- Installing: /home/deepak/task2/turtlebot3_ws/install/turtlebot3_description/share/turtlebot3_description/meshes/wheels/left_tire.stl
[0.812s] -- Installing: /home/deepak/task2/turtlebot3_ws/install/turtlebot3_description/share/turtlebot3_description/meshes/wheels/right_tire.stl
[0.813s] -- Installing: /home/deepak/task2/turtlebot3_ws/install/turtlebot3_description/share/turtlebot3_description/rviz
[0.813s] -- Installing: /home/deepak/task2/turtlebot3_ws/install/turtlebot3_description/share/turtlebot3_description/rviz/model.rviz
[0.813s] -- Installing: /home/deepak/task2/turtlebot3_ws/install/turtlebot3_description/share/turtlebot3_description/urdf
[0.813s] -- Installing: /home/deepak/task2/turtlebot3_ws/install/turtlebot3_description/share/turtlebot3_description/urdf/turtlebot3_burger.urdf
[0.813s] -- Installing: /home/deepak/task2/turtlebot3_ws/install/turtlebot3_description/share/turtlebot3_description/urdf/turtlebot3_waffle.urdf
[0.813s] -- Installing: /home/deepak/task2/turtlebot3_ws/install/turtlebot3_description/share/turtlebot3_description/urdf/turtlebot3_waffle_pi.urdf
[0.813s] -- Installing: /home/deepak/task2/turtlebot3_ws/install/turtlebot3_description/share/turtlebot3_description/urdf/common_properties.urdf
[0.813s] -- Installing: /home/deepak/task2/turtlebot3_ws/install/turtlebot3_description/share/ament_index/resource_index/package_run_dependencies/turtlebot3_description
[0.813s] -- Installing: /home/deepak/task2/turtlebot3_ws/install/turtlebot3_description/share/ament_index/resource_index/parent_prefix_path/turtlebot3_description
[0.814s] -- Installing: /home/deepak/task2/turtlebot3_ws/install/turtlebot3_description/share/turtlebot3_description/environment/ament_prefix_path.sh
[0.814s] -- Installing: /home/deepak/task2/turtlebot3_ws/install/turtlebot3_description/share/turtlebot3_description/environment/ament_prefix_path.dsv
[0.817s] -- Installing: /home/deepak/task2/turtlebot3_ws/install/turtlebot3_description/share/turtlebot3_description/environment/path.sh
[0.817s] -- Installing: /home/deepak/task2/turtlebot3_ws/install/turtlebot3_description/share/turtlebot3_description/environment/path.dsv
[0.817s] -- Installing: /home/deepak/task2/turtlebot3_ws/install/turtlebot3_description/share/turtlebot3_description/local_setup.bash
[0.817s] -- Installing: /home/deepak/task2/turtlebot3_ws/install/turtlebot3_description/share/turtlebot3_description/local_setup.sh
[0.817s] -- Installing: /home/deepak/task2/turtlebot3_ws/install/turtlebot3_description/share/turtlebot3_description/local_setup.zsh
[0.817s] -- Installing: /home/deepak/task2/turtlebot3_ws/install/turtlebot3_description/share/turtlebot3_description/local_setup.dsv
[0.817s] -- Installing: /home/deepak/task2/turtlebot3_ws/install/turtlebot3_description/share/turtlebot3_description/package.dsv
[0.817s] -- Installing: /home/deepak/task2/turtlebot3_ws/install/turtlebot3_description/share/ament_index/resource_index/packages/turtlebot3_description
[0.817s] -- Installing: /home/deepak/task2/turtlebot3_ws/install/turtlebot3_description/share/turtlebot3_description/cmake/turtlebot3_descriptionConfig.cmake
[0.818s] -- Installing: /home/deepak/task2/turtlebot3_ws/install/turtlebot3_description/share/turtlebot3_description/cmake/turtlebot3_descriptionConfig-version.cmake
[0.818s] -- Installing: /home/deepak/task2/turtlebot3_ws/install/turtlebot3_description/share/turtlebot3_description/package.xml
[0.823s] Invoked command in '/home/deepak/task2/turtlebot3_ws/build/turtlebot3_description' returned '0': CMAKE_PREFIX_PATH=${CMAKE_PREFIX_PATH}:/home/deepak/moveit_ws/install/moveit_configs_utils:/opt/ros/humble /usr/bin/cmake --install /home/deepak/task2/turtlebot3_ws/build/turtlebot3_description
