[0.205s] Invoking command in '/home/deepak/task2/turtlebot3_ws/build/explore_lite': CMAKE_PREFIX_PATH=${CMAKE_PREFIX_PATH}:/home/deepak/moveit_ws/install/moveit_configs_utils:/opt/ros/humble /usr/bin/cmake /home/deepak/task2/turtlebot3_ws/src/m-explore-ros2/explore -DCMAKE_INSTALL_PREFIX=/home/deepak/task2/turtlebot3_ws/install/explore_lite
[0.247s] -- The C compiler identification is GNU 11.4.0
[0.298s] -- The CXX compiler identification is GNU 11.4.0
[0.304s] -- Detecting C compiler ABI info
[0.362s] -- Detecting C compiler ABI info - done
[0.369s] -- Check for working C compiler: /usr/bin/cc - skipped
[0.369s] -- Detecting C compile features
[0.369s] -- Detecting C compile features - done
[0.371s] -- Detecting CXX compiler ABI info
[0.447s] -- Detecting CXX compiler ABI info - done
[0.454s] -- Check for working CXX compiler: /usr/bin/c++ - skipped
[0.454s] -- Detecting CXX compile features
[0.454s] -- Detecting CXX compile features - done
[0.455s] -- BuilD for ROS2: humble
[0.461s] -- Found ament_cmake: 1.3.14 (/opt/ros/humble/share/ament_cmake/cmake)
[0.586s] -- Found Python3: /usr/bin/python3 (found version "3.10.12") found components: Interpreter 
[0.690s] -- Found rclcpp: 16.0.19 (/opt/ros/humble/share/rclcpp/cmake)
[0.746s] -- Found rosidl_generator_c: 3.1.9 (/opt/ros/humble/share/rosidl_generator_c/cmake)
[0.754s] -- Found rosidl_adapter: 3.1.9 (/opt/ros/humble/share/rosidl_adapter/cmake)
[0.764s] -- Found rosidl_generator_cpp: 3.1.9 (/opt/ros/humble/share/rosidl_generator_cpp/cmake)
[0.778s] -- Using all available rosidl_typesupport_c: rosidl_typesupport_fastrtps_c;rosidl_typesupport_introspection_c
[0.809s] -- Using all available rosidl_typesupport_cpp: rosidl_typesupport_fastrtps_cpp;rosidl_typesupport_introspection_cpp
[0.906s] -- Found rmw_implementation_cmake: 6.1.2 (/opt/ros/humble/share/rmw_implementation_cmake/cmake)
[0.916s] -- Found rmw_cyclonedds_cpp: 1.3.4 (/opt/ros/humble/share/rmw_cyclonedds_cpp/cmake)
[0.962s] -- Using RMW implementation 'rmw_cyclonedds_cpp' as default
[0.977s] -- Looking for pthread.h
[1.072s] -- Looking for pthread.h - found
[1.072s] -- Performing Test CMAKE_HAVE_LIBC_PTHREAD
[1.150s] -- Performing Test CMAKE_HAVE_LIBC_PTHREAD - Success
[1.151s] -- Found Threads: TRUE  
[1.209s] -- Found sensor_msgs: 4.9.1 (/opt/ros/humble/share/sensor_msgs/cmake)
[1.233s] -- Found tf2_ros: 0.25.20 (/opt/ros/humble/share/tf2_ros/cmake)
[1.335s] -- Found tf2_geometry_msgs: 0.25.20 (/opt/ros/humble/share/tf2_geometry_msgs/cmake)
[1.359s] -- Found eigen3_cmake_module: 0.1.1 (/opt/ros/humble/share/eigen3_cmake_module/cmake)
[1.360s] -- Found Eigen3: TRUE (found version "3.4.0") 
[1.360s] -- Ensuring Eigen3 include directory is part of orocos-kdl CMake target
[1.364s] -- Found nav2_msgs: 1.1.20 (/opt/ros/humble/share/nav2_msgs/cmake)
[1.393s] -- Found map_msgs: 2.1.0 (/opt/ros/humble/share/map_msgs/cmake)
[1.408s] -- Found visualization_msgs: 4.9.1 (/opt/ros/humble/share/visualization_msgs/cmake)
[1.422s] -- Found nav2_costmap_2d: 1.1.20 (/opt/ros/humble/share/nav2_costmap_2d/cmake)
[1.559s] -- Found ament_lint_auto: 0.12.15 (/opt/ros/humble/share/ament_lint_auto/cmake)
[1.647s] -- Found ament_cmake_gtest: 1.3.14 (/opt/ros/humble/share/ament_cmake_gtest/cmake)
[1.652s] -- Found gtest sources under '/opt/ros/humble/src/gtest_vendor': C++ tests using 'Google Test' will be built
[1.682s] -- Added test 'cppcheck' to perform static code analysis on C / C++ code
[1.682s] -- Configured cppcheck include dirs: /home/deepak/task2/turtlebot3_ws/src/m-explore-ros2/explore/include;$<BUILD_INTERFACE:/home/deepak/task2/turtlebot3_ws/src/m-explore-ros2/explore/include>
[1.682s] -- Configured cppcheck exclude dirs and/or files: 
[1.683s] -- Added test 'flake8' to check Python code syntax and style conventions
[1.685s] -- Added test 'lint_cmake' to check CMake code style
[1.686s] -- Added test 'pep257' to check Python code against some of the docstring style conventions in PEP 257
[1.686s] -- Added test 'uncrustify' to check C / C++ code style
[1.686s] -- Configured uncrustify additional arguments: 
[1.686s] -- Added test 'xmllint' to check XML markup files
[1.688s] -- Configuring done
[1.737s] -- Generating done
[1.746s] -- Build files have been written to: /home/deepak/task2/turtlebot3_ws/build/explore_lite
[1.754s] Invoked command in '/home/deepak/task2/turtlebot3_ws/build/explore_lite' returned '0': CMAKE_PREFIX_PATH=${CMAKE_PREFIX_PATH}:/home/deepak/moveit_ws/install/moveit_configs_utils:/opt/ros/humble /usr/bin/cmake /home/deepak/task2/turtlebot3_ws/src/m-explore-ros2/explore -DCMAKE_INSTALL_PREFIX=/home/deepak/task2/turtlebot3_ws/install/explore_lite
[1.755s] Invoking command in '/home/deepak/task2/turtlebot3_ws/build/explore_lite': CMAKE_PREFIX_PATH=${CMAKE_PREFIX_PATH}:/home/deepak/moveit_ws/install/moveit_configs_utils:/opt/ros/humble /usr/bin/cmake --build /home/deepak/task2/turtlebot3_ws/build/explore_lite -- -j20 -l20
[1.805s] [ 20%] [32mBuilding CXX object CMakeFiles/explore.dir/src/costmap_client.cpp.o[0m
[1.805s] [ 20%] [32mBuilding CXX object CMakeFiles/explore.dir/src/explore.cpp.o[0m
[1.805s] [ 30%] [32mBuilding CXX object gtest/CMakeFiles/gtest_main.dir/src/gtest_main.cc.o[0m
[1.808s] [ 40%] [32mBuilding CXX object CMakeFiles/explore.dir/src/frontier_search.cpp.o[0m
[1.812s] [ 50%] [32mBuilding CXX object gtest/CMakeFiles/gtest.dir/src/gtest-all.cc.o[0m
[2.440s] [ 60%] [32m[1mLinking CXX static library libgtest_main.a[0m
[2.620s] [ 60%] Built target gtest_main
[4.520s] [ 70%] [32m[1mLinking CXX static library libgtest.a[0m
[4.595s] [ 70%] Built target gtest
[4.623s] [ 80%] [32mBuilding CXX object CMakeFiles/test_explore.dir/test/test_explore.cpp.o[0m
[5.287s] [ 90%] [32m[1mLinking CXX executable test_explore[0m
[5.976s] [ 90%] Built target test_explore
[16.513s] [100%] [32m[1mLinking CXX executable explore[0m
[20.399s] [100%] Built target explore
[20.425s] Invoked command in '/home/deepak/task2/turtlebot3_ws/build/explore_lite' returned '0': CMAKE_PREFIX_PATH=${CMAKE_PREFIX_PATH}:/home/deepak/moveit_ws/install/moveit_configs_utils:/opt/ros/humble /usr/bin/cmake --build /home/deepak/task2/turtlebot3_ws/build/explore_lite -- -j20 -l20
[20.426s] Invoking command in '/home/deepak/task2/turtlebot3_ws/build/explore_lite': CMAKE_PREFIX_PATH=${CMAKE_PREFIX_PATH}:/home/deepak/moveit_ws/install/moveit_configs_utils:/opt/ros/humble /usr/bin/cmake --install /home/deepak/task2/turtlebot3_ws/build/explore_lite
[20.435s] -- Install configuration: ""
[20.435s] -- Installing: /home/deepak/task2/turtlebot3_ws/install/explore_lite/include/explore/
[20.435s] -- Installing: /home/deepak/task2/turtlebot3_ws/install/explore_lite/include/explore//costmap_tools.h
[20.435s] -- Installing: /home/deepak/task2/turtlebot3_ws/install/explore_lite/include/explore//frontier_search.h
[20.435s] -- Installing: /home/deepak/task2/turtlebot3_ws/install/explore_lite/include/explore//costmap_client.h
[20.435s] -- Installing: /home/deepak/task2/turtlebot3_ws/install/explore_lite/include/explore//explore.h
[20.435s] -- Installing: /home/deepak/task2/turtlebot3_ws/install/explore_lite/share/explore_lite/config
[20.436s] -- Installing: /home/deepak/task2/turtlebot3_ws/install/explore_lite/share/explore_lite/config/params.yaml
[20.436s] -- Installing: /home/deepak/task2/turtlebot3_ws/install/explore_lite/share/explore_lite/config/params_costmap.yaml
[20.436s] -- Installing: /home/deepak/task2/turtlebot3_ws/install/explore_lite/share/explore_lite/launch
[20.436s] -- Installing: /home/deepak/task2/turtlebot3_ws/install/explore_lite/share/explore_lite/launch/explore.launch.py
[20.436s] -- Installing: /home/deepak/task2/turtlebot3_ws/install/explore_lite/lib/explore_lite/explore
[20.442s] -- Set runtime path of "/home/deepak/task2/turtlebot3_ws/install/explore_lite/lib/explore_lite/explore" to ""
[20.444s] -- Installing: /home/deepak/task2/turtlebot3_ws/install/explore_lite/share/ament_index/resource_index/package_run_dependencies/explore_lite
[20.444s] -- Installing: /home/deepak/task2/turtlebot3_ws/install/explore_lite/share/ament_index/resource_index/parent_prefix_path/explore_lite
[20.444s] -- Installing: /home/deepak/task2/turtlebot3_ws/install/explore_lite/share/explore_lite/environment/ament_prefix_path.sh
[20.444s] -- Installing: /home/deepak/task2/turtlebot3_ws/install/explore_lite/share/explore_lite/environment/ament_prefix_path.dsv
[20.445s] -- Installing: /home/deepak/task2/turtlebot3_ws/install/explore_lite/share/explore_lite/environment/path.sh
[20.445s] -- Installing: /home/deepak/task2/turtlebot3_ws/install/explore_lite/share/explore_lite/environment/path.dsv
[20.445s] -- Installing: /home/deepak/task2/turtlebot3_ws/install/explore_lite/share/explore_lite/local_setup.bash
[20.445s] -- Installing: /home/deepak/task2/turtlebot3_ws/install/explore_lite/share/explore_lite/local_setup.sh
[20.445s] -- Installing: /home/deepak/task2/turtlebot3_ws/install/explore_lite/share/explore_lite/local_setup.zsh
[20.445s] -- Installing: /home/deepak/task2/turtlebot3_ws/install/explore_lite/share/explore_lite/local_setup.dsv
[20.445s] -- Installing: /home/deepak/task2/turtlebot3_ws/install/explore_lite/share/explore_lite/package.dsv
[20.445s] -- Installing: /home/deepak/task2/turtlebot3_ws/install/explore_lite/share/ament_index/resource_index/packages/explore_lite
[20.445s] -- Installing: /home/deepak/task2/turtlebot3_ws/install/explore_lite/share/explore_lite/cmake/ament_cmake_export_include_directories-extras.cmake
[20.445s] -- Installing: /home/deepak/task2/turtlebot3_ws/install/explore_lite/share/explore_lite/cmake/explore_liteConfig.cmake
[20.445s] -- Installing: /home/deepak/task2/turtlebot3_ws/install/explore_lite/share/explore_lite/cmake/explore_liteConfig-version.cmake
[20.445s] -- Installing: /home/deepak/task2/turtlebot3_ws/install/explore_lite/share/explore_lite/package.xml
[20.446s] Invoked command in '/home/deepak/task2/turtlebot3_ws/build/explore_lite' returned '0': CMAKE_PREFIX_PATH=${CMAKE_PREFIX_PATH}:/home/deepak/moveit_ws/install/moveit_configs_utils:/opt/ros/humble /usr/bin/cmake --install /home/deepak/task2/turtlebot3_ws/build/explore_lite
