[0.527s] Invoking command in '/home/deepak/task2/turtlebot3_ws/src/turtlebot3/turtlebot3_teleop': PYTHONPATH=/home/deepak/task2/turtlebot3_ws/build/turtlebot3_teleop/prefix_override:/usr/lib/python3/dist-packages/colcon_core/task/python/colcon_distutils_commands:/home/deepak/task2/turtlebot3_ws/install/turtlebot3_teleop/lib/python3.10/site-packages:${PYTHONPATH} /usr/bin/python3 -W ignore:setup.py install is deprecated -W ignore:easy_install command is deprecated setup.py egg_info --egg-base ../../../build/turtlebot3_teleop build --build-base /home/deepak/task2/turtlebot3_ws/build/turtlebot3_teleop/build install --record /home/deepak/task2/turtlebot3_ws/build/turtlebot3_teleop/install.log --install-scripts $base/lib/turtlebot3_teleop --single-version-externally-managed install_data
[0.674s] running egg_info
[0.674s] writing ../../../build/turtlebot3_teleop/turtlebot3_teleop.egg-info/PKG-INFO
[0.674s] writing dependency_links to ../../../build/turtlebot3_teleop/turtlebot3_teleop.egg-info/dependency_links.txt
[0.674s] writing entry points to ../../../build/turtlebot3_teleop/turtlebot3_teleop.egg-info/entry_points.txt
[0.674s] writing requirements to ../../../build/turtlebot3_teleop/turtlebot3_teleop.egg-info/requires.txt
[0.675s] writing top-level names to ../../../build/turtlebot3_teleop/turtlebot3_teleop.egg-info/top_level.txt
[0.676s] reading manifest file '../../../build/turtlebot3_teleop/turtlebot3_teleop.egg-info/SOURCES.txt'
[0.677s] writing manifest file '../../../build/turtlebot3_teleop/turtlebot3_teleop.egg-info/SOURCES.txt'
[0.677s] running build
[0.677s] running build_py
[0.677s] running install
[0.677s] running install_lib
[0.678s] running install_data
[0.678s] running install_egg_info
[0.679s] removing '/home/deepak/task2/turtlebot3_ws/install/turtlebot3_teleop/lib/python3.10/site-packages/turtlebot3_teleop-2.3.6-py3.10.egg-info' (and everything under it)
[0.679s] Copying ../../../build/turtlebot3_teleop/turtlebot3_teleop.egg-info to /home/deepak/task2/turtlebot3_ws/install/turtlebot3_teleop/lib/python3.10/site-packages/turtlebot3_teleop-2.3.6-py3.10.egg-info
[0.679s] running install_scripts
[0.691s] Installing teleop_keyboard script to /home/deepak/task2/turtlebot3_ws/install/turtlebot3_teleop/lib/turtlebot3_teleop
[0.691s] writing list of installed files to '/home/deepak/task2/turtlebot3_ws/build/turtlebot3_teleop/install.log'
[0.712s] Invoked command in '/home/deepak/task2/turtlebot3_ws/src/turtlebot3/turtlebot3_teleop' returned '0': PYTHONPATH=/home/deepak/task2/turtlebot3_ws/build/turtlebot3_teleop/prefix_override:/usr/lib/python3/dist-packages/colcon_core/task/python/colcon_distutils_commands:/home/deepak/task2/turtlebot3_ws/install/turtlebot3_teleop/lib/python3.10/site-packages:${PYTHONPATH} /usr/bin/python3 -W ignore:setup.py install is deprecated -W ignore:easy_install command is deprecated setup.py egg_info --egg-base ../../../build/turtlebot3_teleop build --build-base /home/deepak/task2/turtlebot3_ws/build/turtlebot3_teleop/build install --record /home/deepak/task2/turtlebot3_ws/build/turtlebot3_teleop/install.log --install-scripts $base/lib/turtlebot3_teleop --single-version-externally-managed install_data
