[0.051s] Invoking command in '/home/deepak/task2/turtlebot3_ws/build/dynamixel_sdk': CMAKE_PREFIX_PATH=${CMAKE_PREFIX_PATH}:/home/deepak/moveit_ws/install/moveit_configs_utils:/opt/ros/humble /usr/bin/cmake /home/deepak/task2/turtlebot3_ws/src/DynamixelSDK/ros/dynamixel_sdk -DCMAKE_INSTALL_PREFIX=/home/deepak/task2/turtlebot3_ws/install/dynamixel_sdk
[0.245s] -- The C compiler identification is GNU 11.4.0
[0.245s] -- The CXX compiler identification is GNU 11.4.0
[0.245s] -- Detecting C compiler ABI info
[0.246s] -- Detecting C compiler ABI info - done
[0.246s] -- Check for working C compiler: /usr/bin/cc - skipped
[0.246s] -- Detecting C compile features
[0.246s] -- Detecting C compile features - done
[0.246s] -- Detecting CXX compiler ABI info
[0.270s] -- Detecting CXX compiler ABI info - done
[0.277s] -- Check for working CXX compiler: /usr/bin/c++ - skipped
[0.277s] -- Detecting CXX compile features
[0.277s] -- Detecting CXX compile features - done
[0.284s] -- Found ament_cmake: 1.3.14 (/opt/ros/humble/share/ament_cmake/cmake)
[0.417s] -- Found Python3: /usr/bin/python3 (found version "3.10.12") found components: Interpreter 
[0.756s] -- Configuring done
[0.764s] -- Generating done
[0.766s] -- Build files have been written to: /home/deepak/task2/turtlebot3_ws/build/dynamixel_sdk
[0.770s] Invoked command in '/home/deepak/task2/turtlebot3_ws/build/dynamixel_sdk' returned '0': CMAKE_PREFIX_PATH=${CMAKE_PREFIX_PATH}:/home/deepak/moveit_ws/install/moveit_configs_utils:/opt/ros/humble /usr/bin/cmake /home/deepak/task2/turtlebot3_ws/src/DynamixelSDK/ros/dynamixel_sdk -DCMAKE_INSTALL_PREFIX=/home/deepak/task2/turtlebot3_ws/install/dynamixel_sdk
[0.771s] Invoking command in '/home/deepak/task2/turtlebot3_ws/build/dynamixel_sdk': CMAKE_PREFIX_PATH=${CMAKE_PREFIX_PATH}:/home/deepak/moveit_ws/install/moveit_configs_utils:/opt/ros/humble /usr/bin/cmake --build /home/deepak/task2/turtlebot3_ws/build/dynamixel_sdk -- -j20 -l20
[0.828s] [  5%] [32mBuilding CXX object CMakeFiles/dynamixel_sdk.dir/src/dynamixel_sdk/group_fast_bulk_read.cpp.o[0m
[0.828s] [ 11%] [32mBuilding CXX object CMakeFiles/dynamixel_sdk.dir/src/dynamixel_sdk/group_fast_sync_read.cpp.o[0m
[0.829s] [ 16%] [32mBuilding CXX object CMakeFiles/dynamixel_sdk.dir/src/dynamixel_sdk/group_sync_write.cpp.o[0m
[0.829s] [ 22%] [32mBuilding CXX object CMakeFiles/dynamixel_sdk.dir/src/dynamixel_sdk/group_bulk_read.cpp.o[0m
[0.829s] [ 27%] Built target ament_cmake_python_copy_dynamixel_easy_sdk
[0.829s] [ 27%] [32mBuilding CXX object CMakeFiles/dynamixel_sdk.dir/src/dynamixel_sdk/group_bulk_write.cpp.o[0m
[0.829s] [ 38%] [32mBuilding CXX object CMakeFiles/dynamixel_sdk.dir/src/dynamixel_sdk/group_handler.cpp.o[0m
[0.829s] [ 38%] [32mBuilding CXX object CMakeFiles/dynamixel_sdk.dir/src/dynamixel_sdk/port_handler.cpp.o[0m
[0.831s] [ 44%] [32mBuilding CXX object CMakeFiles/dynamixel_sdk.dir/src/dynamixel_sdk/protocol1_packet_handler.cpp.o[0m
[0.831s] [ 50%] [32mBuilding CXX object CMakeFiles/dynamixel_sdk.dir/src/dynamixel_sdk/group_sync_read.cpp.o[0m
[0.831s] [ 55%] [32mBuilding CXX object CMakeFiles/dynamixel_sdk.dir/src/dynamixel_easy_sdk/connector.cpp.o[0m
[0.832s] [ 61%] [32mBuilding CXX object CMakeFiles/dynamixel_sdk.dir/src/dynamixel_easy_sdk/dynamixel_error.cpp.o[0m
[0.832s] [ 66%] [32mBuilding CXX object CMakeFiles/dynamixel_sdk.dir/src/dynamixel_sdk/packet_handler.cpp.o[0m
[0.833s] [ 72%] [32mBuilding CXX object CMakeFiles/dynamixel_sdk.dir/src/dynamixel_sdk/protocol2_packet_handler.cpp.o[0m
[0.835s] [ 77%] [32mBuilding CXX object CMakeFiles/dynamixel_sdk.dir/src/dynamixel_easy_sdk/group_executor.cpp.o[0m
[0.835s] [ 83%] [32mBuilding CXX object CMakeFiles/dynamixel_sdk.dir/src/dynamixel_easy_sdk/motor.cpp.o[0m
[0.838s] [ 88%] [32mBuilding CXX object CMakeFiles/dynamixel_sdk.dir/src/dynamixel_sdk/port_handler_linux.cpp.o[0m
[0.838s] [ 94%] [32mBuilding CXX object CMakeFiles/dynamixel_sdk.dir/src/dynamixel_easy_sdk/control_table.cpp.o[0m
[0.838s] [ 94%] Built target ament_cmake_python_copy_dynamixel_sdk
[1.099s] running egg_info
[1.099s] creating dynamixel_easy_sdk.egg-info
[1.100s] writing dynamixel_easy_sdk.egg-info/PKG-INFO
[1.100s] writing dependency_links to dynamixel_easy_sdk.egg-info/dependency_links.txt
[1.100s] writing top-level names to dynamixel_easy_sdk.egg-info/top_level.txt
[1.100s] writing manifest file 'dynamixel_easy_sdk.egg-info/SOURCES.txt'
[1.102s] reading manifest file 'dynamixel_easy_sdk.egg-info/SOURCES.txt'
[1.103s] writing manifest file 'dynamixel_easy_sdk.egg-info/SOURCES.txt'
[1.136s] [ 94%] Built target ament_cmake_python_build_dynamixel_easy_sdk_egg
[1.143s] running egg_info
[1.144s] creating dynamixel_sdk.egg-info
[1.147s] writing dynamixel_sdk.egg-info/PKG-INFO
[1.148s] writing dependency_links to dynamixel_sdk.egg-info/dependency_links.txt
[1.148s] writing top-level names to dynamixel_sdk.egg-info/top_level.txt
[1.148s] writing manifest file 'dynamixel_sdk.egg-info/SOURCES.txt'
[1.151s] reading manifest file 'dynamixel_sdk.egg-info/SOURCES.txt'
[1.152s] writing manifest file 'dynamixel_sdk.egg-info/SOURCES.txt'
[1.206s] [ 94%] Built target ament_cmake_python_build_dynamixel_sdk_egg
[1.701s] [100%] [32m[1mLinking CXX shared library libdynamixel_sdk.so[0m
[1.796s] [100%] Built target dynamixel_sdk
[1.805s] Invoked command in '/home/deepak/task2/turtlebot3_ws/build/dynamixel_sdk' returned '0': CMAKE_PREFIX_PATH=${CMAKE_PREFIX_PATH}:/home/deepak/moveit_ws/install/moveit_configs_utils:/opt/ros/humble /usr/bin/cmake --build /home/deepak/task2/turtlebot3_ws/build/dynamixel_sdk -- -j20 -l20
[1.807s] Invoking command in '/home/deepak/task2/turtlebot3_ws/build/dynamixel_sdk': CMAKE_PREFIX_PATH=${CMAKE_PREFIX_PATH}:/home/deepak/moveit_ws/install/moveit_configs_utils:/opt/ros/humble /usr/bin/cmake --install /home/deepak/task2/turtlebot3_ws/build/dynamixel_sdk
[1.818s] -- Install configuration: ""
[1.818s] -- Installing: /home/deepak/task2/turtlebot3_ws/install/dynamixel_sdk/include/
[1.818s] -- Installing: /home/deepak/task2/turtlebot3_ws/install/dynamixel_sdk/include//dynamixel_sdk
[1.818s] -- Installing: /home/deepak/task2/turtlebot3_ws/install/dynamixel_sdk/include//dynamixel_sdk/group_handler.h
[1.818s] -- Installing: /home/deepak/task2/turtlebot3_ws/install/dynamixel_sdk/include//dynamixel_sdk/group_fast_sync_read.h
[1.818s] -- Installing: /home/deepak/task2/turtlebot3_ws/install/dynamixel_sdk/include//dynamixel_sdk/port_handler_mac.h
[1.818s] -- Installing: /home/deepak/task2/turtlebot3_ws/install/dynamixel_sdk/include//dynamixel_sdk/group_fast_bulk_read.h
[1.819s] -- Installing: /home/deepak/task2/turtlebot3_ws/install/dynamixel_sdk/include//dynamixel_sdk/port_handler.h
[1.819s] -- Installing: /home/deepak/task2/turtlebot3_ws/install/dynamixel_sdk/include//dynamixel_sdk/port_handler_linux.h
[1.819s] -- Installing: /home/deepak/task2/turtlebot3_ws/install/dynamixel_sdk/include//dynamixel_sdk/group_bulk_write.h
[1.819s] -- Installing: /home/deepak/task2/turtlebot3_ws/install/dynamixel_sdk/include//dynamixel_sdk/group_sync_write.h
[1.819s] -- Installing: /home/deepak/task2/turtlebot3_ws/install/dynamixel_sdk/include//dynamixel_sdk/port_handler_windows.h
[1.819s] -- Installing: /home/deepak/task2/turtlebot3_ws/install/dynamixel_sdk/include//dynamixel_sdk/packet_handler.h
[1.819s] -- Installing: /home/deepak/task2/turtlebot3_ws/install/dynamixel_sdk/include//dynamixel_sdk/group_sync_read.h
[1.819s] -- Installing: /home/deepak/task2/turtlebot3_ws/install/dynamixel_sdk/include//dynamixel_sdk/protocol2_packet_handler.h
[1.819s] -- Installing: /home/deepak/task2/turtlebot3_ws/install/dynamixel_sdk/include//dynamixel_sdk/dynamixel_sdk.h
[1.819s] -- Installing: /home/deepak/task2/turtlebot3_ws/install/dynamixel_sdk/include//dynamixel_sdk/group_bulk_read.h
[1.819s] -- Installing: /home/deepak/task2/turtlebot3_ws/install/dynamixel_sdk/include//dynamixel_sdk/protocol1_packet_handler.h
[1.819s] -- Installing: /home/deepak/task2/turtlebot3_ws/install/dynamixel_sdk/include//dynamixel_sdk/port_handler_arduino.h
[1.820s] -- Installing: /home/deepak/task2/turtlebot3_ws/install/dynamixel_sdk/include//dynamixel_easy_sdk
[1.820s] -- Installing: /home/deepak/task2/turtlebot3_ws/install/dynamixel_sdk/include//dynamixel_easy_sdk/connector.hpp
[1.820s] -- Installing: /home/deepak/task2/turtlebot3_ws/install/dynamixel_sdk/include//dynamixel_easy_sdk/motor.hpp
[1.820s] -- Installing: /home/deepak/task2/turtlebot3_ws/install/dynamixel_sdk/include//dynamixel_easy_sdk/data_types.hpp
[1.820s] -- Installing: /home/deepak/task2/turtlebot3_ws/install/dynamixel_sdk/include//dynamixel_easy_sdk/group_executor.hpp
[1.820s] -- Installing: /home/deepak/task2/turtlebot3_ws/install/dynamixel_sdk/include//dynamixel_easy_sdk/control_table.hpp
[1.820s] -- Installing: /home/deepak/task2/turtlebot3_ws/install/dynamixel_sdk/include//dynamixel_easy_sdk/dynamixel_error.hpp
[1.820s] -- Installing: /home/deepak/task2/turtlebot3_ws/install/dynamixel_sdk/include//dynamixel_easy_sdk/dynamixel_easy_sdk.hpp
[1.820s] -- Installing: /home/deepak/task2/turtlebot3_ws/install/dynamixel_sdk/lib/libdynamixel_sdk.so
[1.822s] -- Installing: /home/deepak/task2/turtlebot3_ws/install/dynamixel_sdk/share/dynamixel_sdk/control_table
[1.822s] -- Installing: /home/deepak/task2/turtlebot3_ws/install/dynamixel_sdk/share/dynamixel_sdk/control_table/xh540_v150.model
[1.822s] -- Installing: /home/deepak/task2/turtlebot3_ws/install/dynamixel_sdk/share/dynamixel_sdk/control_table/xh430_v210.model
[1.822s] -- Installing: /home/deepak/task2/turtlebot3_ws/install/dynamixel_sdk/share/dynamixel_sdk/control_table/ph54_200_s500.model
[1.822s] -- Installing: /home/deepak/task2/turtlebot3_ws/install/dynamixel_sdk/share/dynamixel_sdk/control_table/xc330_m288.model
[1.822s] -- Installing: /home/deepak/task2/turtlebot3_ws/install/dynamixel_sdk/share/dynamixel_sdk/control_table/ym070_210_a051.model
[1.822s] -- Installing: /home/deepak/task2/turtlebot3_ws/install/dynamixel_sdk/share/dynamixel_sdk/control_table/ym080_230_r051.model
[1.822s] -- Installing: /home/deepak/task2/turtlebot3_ws/install/dynamixel_sdk/share/dynamixel_sdk/control_table/xc330_t288_fw52.model
[1.823s] -- Installing: /home/deepak/task2/turtlebot3_ws/install/dynamixel_sdk/share/dynamixel_sdk/control_table/dynamixel.model
[1.823s] -- Installing: /home/deepak/task2/turtlebot3_ws/install/dynamixel_sdk/share/dynamixel_sdk/control_table/ym070_210_b001.model
[1.823s] -- Installing: /home/deepak/task2/turtlebot3_ws/install/dynamixel_sdk/share/dynamixel_sdk/control_table/2xl430_w250.model
[1.823s] -- Installing: /home/deepak/task2/turtlebot3_ws/install/dynamixel_sdk/share/dynamixel_sdk/control_table/ph42_020_s300.model
[1.823s] -- Installing: /home/deepak/task2/turtlebot3_ws/install/dynamixel_sdk/share/dynamixel_sdk/control_table/xc330_m181_fw52.model
[1.823s] -- Installing: /home/deepak/task2/turtlebot3_ws/install/dynamixel_sdk/share/dynamixel_sdk/control_table/xl330_m288_fw52.model
[1.823s] -- Installing: /home/deepak/task2/turtlebot3_ws/install/dynamixel_sdk/share/dynamixel_sdk/control_table/xc330_m288_fw52.model
[1.823s] -- Installing: /home/deepak/task2/turtlebot3_ws/install/dynamixel_sdk/share/dynamixel_sdk/control_table/mx_28.model
[1.823s] -- Installing: /home/deepak/task2/turtlebot3_ws/install/dynamixel_sdk/share/dynamixel_sdk/control_table/xd540_t150.model
[1.823s] -- Installing: /home/deepak/task2/turtlebot3_ws/install/dynamixel_sdk/share/dynamixel_sdk/control_table/xc330_t288.model
[1.823s] -- Installing: /home/deepak/task2/turtlebot3_ws/install/dynamixel_sdk/share/dynamixel_sdk/control_table/xc330_t181.model
[1.823s] -- Installing: /home/deepak/task2/turtlebot3_ws/install/dynamixel_sdk/share/dynamixel_sdk/control_table/mx_64.model
[1.823s] -- Installing: /home/deepak/task2/turtlebot3_ws/install/dynamixel_sdk/share/dynamixel_sdk/control_table/ym080_230_r099.model
[1.823s] -- Installing: /home/deepak/task2/turtlebot3_ws/install/dynamixel_sdk/share/dynamixel_sdk/control_table/xw540_t140.model
[1.824s] -- Installing: /home/deepak/task2/turtlebot3_ws/install/dynamixel_sdk/share/dynamixel_sdk/control_table/ym070_210_r051.model
[1.824s] -- Installing: /home/deepak/task2/turtlebot3_ws/install/dynamixel_sdk/share/dynamixel_sdk/control_table/ph54_100_s500.model
[1.824s] -- Installing: /home/deepak/task2/turtlebot3_ws/install/dynamixel_sdk/share/dynamixel_sdk/control_table/xh540_w270.model
[1.824s] -- Installing: /home/deepak/task2/turtlebot3_ws/install/dynamixel_sdk/share/dynamixel_sdk/control_table/ym070_210_m001.model
[1.824s] -- Installing: /home/deepak/task2/turtlebot3_ws/install/dynamixel_sdk/share/dynamixel_sdk/control_table/xw430_t333.model
[1.824s] -- Installing: /home/deepak/task2/turtlebot3_ws/install/dynamixel_sdk/share/dynamixel_sdk/control_table/xh430_v350.model
[1.824s] -- Installing: /home/deepak/task2/turtlebot3_ws/install/dynamixel_sdk/share/dynamixel_sdk/control_table/xh540_w150.model
[1.824s] -- Installing: /home/deepak/task2/turtlebot3_ws/install/dynamixel_sdk/share/dynamixel_sdk/control_table/mx_106.model
[1.824s] -- Installing: /home/deepak/task2/turtlebot3_ws/install/dynamixel_sdk/share/dynamixel_sdk/control_table/xc430_w150.model
[1.824s] -- Installing: /home/deepak/task2/turtlebot3_ws/install/dynamixel_sdk/share/dynamixel_sdk/control_table/pm54_060_s250.model
[1.824s] -- Installing: /home/deepak/task2/turtlebot3_ws/install/dynamixel_sdk/share/dynamixel_sdk/control_table/pm54_040_s250.model
[1.824s] -- Installing: /home/deepak/task2/turtlebot3_ws/install/dynamixel_sdk/share/dynamixel_sdk/control_table/xh430_w210.model
[1.824s] -- Installing: /home/deepak/task2/turtlebot3_ws/install/dynamixel_sdk/share/dynamixel_sdk/control_table/xd430_t350.model
[1.825s] -- Installing: /home/deepak/task2/turtlebot3_ws/install/dynamixel_sdk/share/dynamixel_sdk/control_table/ym080_230_m001.model
[1.825s] -- Installing: /home/deepak/task2/turtlebot3_ws/install/dynamixel_sdk/share/dynamixel_sdk/control_table/ym080_230_a099.model
[1.825s] -- Installing: /home/deepak/task2/turtlebot3_ws/install/dynamixel_sdk/share/dynamixel_sdk/control_table/xc430_w240.model
[1.825s] -- Installing: /home/deepak/task2/turtlebot3_ws/install/dynamixel_sdk/share/dynamixel_sdk/control_table/rh_p12_rn.model
[1.825s] -- Installing: /home/deepak/task2/turtlebot3_ws/install/dynamixel_sdk/share/dynamixel_sdk/control_table/ym070_210_r099.model
[1.825s] -- Installing: /home/deepak/task2/turtlebot3_ws/install/dynamixel_sdk/share/dynamixel_sdk/control_table/ym080_230_b001.model
[1.825s] -- Installing: /home/deepak/task2/turtlebot3_ws/install/dynamixel_sdk/share/dynamixel_sdk/control_table/m42_10_s260_ra.model
[1.825s] -- Installing: /home/deepak/task2/turtlebot3_ws/install/dynamixel_sdk/share/dynamixel_sdk/control_table/xd540_t270.model
[1.825s] -- Installing: /home/deepak/task2/turtlebot3_ws/install/dynamixel_sdk/share/dynamixel_sdk/control_table/xm430_w350.model
[1.825s] -- Installing: /home/deepak/task2/turtlebot3_ws/install/dynamixel_sdk/share/dynamixel_sdk/control_table/m54_60_s250_ra.model
[1.825s] -- Installing: /home/deepak/task2/turtlebot3_ws/install/dynamixel_sdk/share/dynamixel_sdk/control_table/xw540_h260.model
[1.825s] -- Installing: /home/deepak/task2/turtlebot3_ws/install/dynamixel_sdk/share/dynamixel_sdk/control_table/2xc430_w250.model
[1.825s] -- Installing: /home/deepak/task2/turtlebot3_ws/install/dynamixel_sdk/share/dynamixel_sdk/control_table/xl330_m288.model
[1.826s] -- Installing: /home/deepak/task2/turtlebot3_ws/install/dynamixel_sdk/share/dynamixel_sdk/control_table/xm540_w270.model
[1.826s] -- Installing: /home/deepak/task2/turtlebot3_ws/install/dynamixel_sdk/share/dynamixel_sdk/control_table/xw540_t260.model
[1.826s] -- Installing: /home/deepak/task2/turtlebot3_ws/install/dynamixel_sdk/share/dynamixel_sdk/control_table/xl320.model
[1.826s] -- Installing: /home/deepak/task2/turtlebot3_ws/install/dynamixel_sdk/share/dynamixel_sdk/control_table/xh430_w350.model
[1.826s] -- Installing: /home/deepak/task2/turtlebot3_ws/install/dynamixel_sdk/share/dynamixel_sdk/control_table/xl330_m077_fw52.model
[1.826s] -- Installing: /home/deepak/task2/turtlebot3_ws/install/dynamixel_sdk/share/dynamixel_sdk/control_table/h54_200_s500_ra.model
[1.826s] -- Installing: /home/deepak/task2/turtlebot3_ws/install/dynamixel_sdk/share/dynamixel_sdk/control_table/ym080_230_a051.model
[1.826s] -- Installing: /home/deepak/task2/turtlebot3_ws/install/dynamixel_sdk/share/dynamixel_sdk/control_table/m54_40_s250_ra.model
[1.826s] -- Installing: /home/deepak/task2/turtlebot3_ws/install/dynamixel_sdk/share/dynamixel_sdk/control_table/h54_100_s500_ra.model
[1.826s] -- Installing: /home/deepak/task2/turtlebot3_ws/install/dynamixel_sdk/share/dynamixel_sdk/control_table/xc330_t181_fw52.model
[1.826s] -- Installing: /home/deepak/task2/turtlebot3_ws/install/dynamixel_sdk/share/dynamixel_sdk/control_table/xm430_w210.model
[1.826s] -- Installing: /home/deepak/task2/turtlebot3_ws/install/dynamixel_sdk/share/dynamixel_sdk/control_table/xc330_m181.model
[1.826s] -- Installing: /home/deepak/task2/turtlebot3_ws/install/dynamixel_sdk/share/dynamixel_sdk/control_table/xw430_t200.model
[1.826s] -- Installing: /home/deepak/task2/turtlebot3_ws/install/dynamixel_sdk/share/dynamixel_sdk/control_table/ym070_210_a099.model
[1.827s] -- Installing: /home/deepak/task2/turtlebot3_ws/install/dynamixel_sdk/share/dynamixel_sdk/control_table/pm42_010_s260.model
[1.827s] -- Installing: /home/deepak/task2/turtlebot3_ws/install/dynamixel_sdk/share/dynamixel_sdk/control_table/xh540_v270.model
[1.827s] -- Installing: /home/deepak/task2/turtlebot3_ws/install/dynamixel_sdk/share/dynamixel_sdk/control_table/xl330_m077.model
[1.827s] -- Installing: /home/deepak/task2/turtlebot3_ws/install/dynamixel_sdk/share/dynamixel_sdk/control_table/xd430_t210.model
[1.827s] -- Installing: /home/deepak/task2/turtlebot3_ws/install/dynamixel_sdk/share/dynamixel_sdk/control_table/xl430_w250.model
[1.827s] -- Installing: /home/deepak/task2/turtlebot3_ws/install/dynamixel_sdk/share/dynamixel_sdk/control_table/h42_20_s300_ra.model
[1.827s] -- Installing: /home/deepak/task2/turtlebot3_ws/install/dynamixel_sdk/share/dynamixel_sdk/control_table/xm540_w150.model
[1.827s] -- Installing: /home/deepak/task2/turtlebot3_ws/install/dynamixel_sdk/share/dynamixel_sdk/environment/pythonpath.sh
[1.827s] -- Installing: /home/deepak/task2/turtlebot3_ws/install/dynamixel_sdk/share/dynamixel_sdk/environment/pythonpath.dsv
[1.827s] -- Installing: /home/deepak/task2/turtlebot3_ws/install/dynamixel_sdk/local/lib/python3.10/dist-packages/dynamixel_sdk-4.0.3-py3.10.egg-info
[1.827s] -- Installing: /home/deepak/task2/turtlebot3_ws/install/dynamixel_sdk/local/lib/python3.10/dist-packages/dynamixel_sdk-4.0.3-py3.10.egg-info/dependency_links.txt
[1.827s] -- Installing: /home/deepak/task2/turtlebot3_ws/install/dynamixel_sdk/local/lib/python3.10/dist-packages/dynamixel_sdk-4.0.3-py3.10.egg-info/top_level.txt
[1.827s] -- Installing: /home/deepak/task2/turtlebot3_ws/install/dynamixel_sdk/local/lib/python3.10/dist-packages/dynamixel_sdk-4.0.3-py3.10.egg-info/SOURCES.txt
[1.827s] -- Installing: /home/deepak/task2/turtlebot3_ws/install/dynamixel_sdk/local/lib/python3.10/dist-packages/dynamixel_sdk-4.0.3-py3.10.egg-info/PKG-INFO
[1.827s] -- Installing: /home/deepak/task2/turtlebot3_ws/install/dynamixel_sdk/local/lib/python3.10/dist-packages/dynamixel_sdk
[1.828s] -- Installing: /home/deepak/task2/turtlebot3_ws/install/dynamixel_sdk/local/lib/python3.10/dist-packages/dynamixel_sdk/port_handler_arduino.cpp
[1.828s] -- Installing: /home/deepak/task2/turtlebot3_ws/install/dynamixel_sdk/local/lib/python3.10/dist-packages/dynamixel_sdk/port_handler_linux.cpp
[1.828s] -- Installing: /home/deepak/task2/turtlebot3_ws/install/dynamixel_sdk/local/lib/python3.10/dist-packages/dynamixel_sdk/group_sync_write.py
[1.828s] -- Installing: /home/deepak/task2/turtlebot3_ws/install/dynamixel_sdk/local/lib/python3.10/dist-packages/dynamixel_sdk/protocol2_packet_handler.cpp
[1.828s] -- Installing: /home/deepak/task2/turtlebot3_ws/install/dynamixel_sdk/local/lib/python3.10/dist-packages/dynamixel_sdk/group_sync_read.py
[1.828s] -- Installing: /home/deepak/task2/turtlebot3_ws/install/dynamixel_sdk/local/lib/python3.10/dist-packages/dynamixel_sdk/group_bulk_read.py
[1.828s] -- Installing: /home/deepak/task2/turtlebot3_ws/install/dynamixel_sdk/local/lib/python3.10/dist-packages/dynamixel_sdk/port_handler_windows.cpp
[1.828s] -- Installing: /home/deepak/task2/turtlebot3_ws/install/dynamixel_sdk/local/lib/python3.10/dist-packages/dynamixel_sdk/packet_handler.py
[1.828s] -- Installing: /home/deepak/task2/turtlebot3_ws/install/dynamixel_sdk/local/lib/python3.10/dist-packages/dynamixel_sdk/group_fast_sync_read.cpp
[1.828s] -- Installing: /home/deepak/task2/turtlebot3_ws/install/dynamixel_sdk/local/lib/python3.10/dist-packages/dynamixel_sdk/group_bulk_read.cpp
[1.828s] -- Installing: /home/deepak/task2/turtlebot3_ws/install/dynamixel_sdk/local/lib/python3.10/dist-packages/dynamixel_sdk/robotis_def.py
[1.828s] -- Installing: /home/deepak/task2/turtlebot3_ws/install/dynamixel_sdk/local/lib/python3.10/dist-packages/dynamixel_sdk/packet_handler.cpp
[1.828s] -- Installing: /home/deepak/task2/turtlebot3_ws/install/dynamixel_sdk/local/lib/python3.10/dist-packages/dynamixel_sdk/protocol2_packet_handler.py
[1.828s] -- Installing: /home/deepak/task2/turtlebot3_ws/install/dynamixel_sdk/local/lib/python3.10/dist-packages/dynamixel_sdk/group_bulk_write.cpp
[1.828s] -- Installing: /home/deepak/task2/turtlebot3_ws/install/dynamixel_sdk/local/lib/python3.10/dist-packages/dynamixel_sdk/protocol1_packet_handler.py
[1.828s] -- Installing: /home/deepak/task2/turtlebot3_ws/install/dynamixel_sdk/local/lib/python3.10/dist-packages/dynamixel_sdk/protocol1_packet_handler.cpp
[1.828s] -- Installing: /home/deepak/task2/turtlebot3_ws/install/dynamixel_sdk/local/lib/python3.10/dist-packages/dynamixel_sdk/port_handler.cpp
[1.828s] -- Installing: /home/deepak/task2/turtlebot3_ws/install/dynamixel_sdk/local/lib/python3.10/dist-packages/dynamixel_sdk/group_handler.cpp
[1.829s] -- Installing: /home/deepak/task2/turtlebot3_ws/install/dynamixel_sdk/local/lib/python3.10/dist-packages/dynamixel_sdk/__init__.py
[1.829s] -- Installing: /home/deepak/task2/turtlebot3_ws/install/dynamixel_sdk/local/lib/python3.10/dist-packages/dynamixel_sdk/port_handler_mac.cpp
[1.829s] -- Installing: /home/deepak/task2/turtlebot3_ws/install/dynamixel_sdk/local/lib/python3.10/dist-packages/dynamixel_sdk/group_bulk_write.py
[1.829s] -- Installing: /home/deepak/task2/turtlebot3_ws/install/dynamixel_sdk/local/lib/python3.10/dist-packages/dynamixel_sdk/group_fast_bulk_read.cpp
[1.829s] -- Installing: /home/deepak/task2/turtlebot3_ws/install/dynamixel_sdk/local/lib/python3.10/dist-packages/dynamixel_sdk/group_sync_read.cpp
[1.829s] -- Installing: /home/deepak/task2/turtlebot3_ws/install/dynamixel_sdk/local/lib/python3.10/dist-packages/dynamixel_sdk/group_sync_write.cpp
[1.829s] -- Installing: /home/deepak/task2/turtlebot3_ws/install/dynamixel_sdk/local/lib/python3.10/dist-packages/dynamixel_sdk/port_handler.py
[1.876s] Listing '/home/deepak/task2/turtlebot3_ws/install/dynamixel_sdk/local/lib/python3.10/dist-packages/dynamixel_sdk'...
[1.876s] Compiling '/home/deepak/task2/turtlebot3_ws/install/dynamixel_sdk/local/lib/python3.10/dist-packages/dynamixel_sdk/__init__.py'...
[1.876s] Compiling '/home/deepak/task2/turtlebot3_ws/install/dynamixel_sdk/local/lib/python3.10/dist-packages/dynamixel_sdk/group_bulk_read.py'...
[1.876s] Compiling '/home/deepak/task2/turtlebot3_ws/install/dynamixel_sdk/local/lib/python3.10/dist-packages/dynamixel_sdk/group_bulk_write.py'...
[1.876s] Compiling '/home/deepak/task2/turtlebot3_ws/install/dynamixel_sdk/local/lib/python3.10/dist-packages/dynamixel_sdk/group_sync_read.py'...
[1.876s] Compiling '/home/deepak/task2/turtlebot3_ws/install/dynamixel_sdk/local/lib/python3.10/dist-packages/dynamixel_sdk/group_sync_write.py'...
[1.876s] Compiling '/home/deepak/task2/turtlebot3_ws/install/dynamixel_sdk/local/lib/python3.10/dist-packages/dynamixel_sdk/packet_handler.py'...
[1.876s] Compiling '/home/deepak/task2/turtlebot3_ws/install/dynamixel_sdk/local/lib/python3.10/dist-packages/dynamixel_sdk/port_handler.py'...
[1.876s] Compiling '/home/deepak/task2/turtlebot3_ws/install/dynamixel_sdk/local/lib/python3.10/dist-packages/dynamixel_sdk/protocol1_packet_handler.py'...
[1.876s] Compiling '/home/deepak/task2/turtlebot3_ws/install/dynamixel_sdk/local/lib/python3.10/dist-packages/dynamixel_sdk/protocol2_packet_handler.py'...
[1.876s] Compiling '/home/deepak/task2/turtlebot3_ws/install/dynamixel_sdk/local/lib/python3.10/dist-packages/dynamixel_sdk/robotis_def.py'...
[1.883s] -- Installing: /home/deepak/task2/turtlebot3_ws/install/dynamixel_sdk/local/lib/python3.10/dist-packages/dynamixel_easy_sdk-4.0.3-py3.10.egg-info
[1.883s] -- Installing: /home/deepak/task2/turtlebot3_ws/install/dynamixel_sdk/local/lib/python3.10/dist-packages/dynamixel_easy_sdk-4.0.3-py3.10.egg-info/dependency_links.txt
[1.883s] -- Installing: /home/deepak/task2/turtlebot3_ws/install/dynamixel_sdk/local/lib/python3.10/dist-packages/dynamixel_easy_sdk-4.0.3-py3.10.egg-info/top_level.txt
[1.883s] -- Installing: /home/deepak/task2/turtlebot3_ws/install/dynamixel_sdk/local/lib/python3.10/dist-packages/dynamixel_easy_sdk-4.0.3-py3.10.egg-info/SOURCES.txt
[1.883s] -- Installing: /home/deepak/task2/turtlebot3_ws/install/dynamixel_sdk/local/lib/python3.10/dist-packages/dynamixel_easy_sdk-4.0.3-py3.10.egg-info/PKG-INFO
[1.883s] -- Installing: /home/deepak/task2/turtlebot3_ws/install/dynamixel_sdk/local/lib/python3.10/dist-packages/dynamixel_easy_sdk
[1.883s] -- Installing: /home/deepak/task2/turtlebot3_ws/install/dynamixel_sdk/local/lib/python3.10/dist-packages/dynamixel_easy_sdk/motor.py
[1.883s] -- Installing: /home/deepak/task2/turtlebot3_ws/install/dynamixel_sdk/local/lib/python3.10/dist-packages/dynamixel_easy_sdk/group_executor.cpp
[1.883s] -- Installing: /home/deepak/task2/turtlebot3_ws/install/dynamixel_sdk/local/lib/python3.10/dist-packages/dynamixel_easy_sdk/dynamixel_error.cpp
[1.883s] -- Installing: /home/deepak/task2/turtlebot3_ws/install/dynamixel_sdk/local/lib/python3.10/dist-packages/dynamixel_easy_sdk/control_table.cpp
[1.884s] -- Installing: /home/deepak/task2/turtlebot3_ws/install/dynamixel_sdk/local/lib/python3.10/dist-packages/dynamixel_easy_sdk/control_table.py
[1.884s] -- Installing: /home/deepak/task2/turtlebot3_ws/install/dynamixel_sdk/local/lib/python3.10/dist-packages/dynamixel_easy_sdk/motor.cpp
[1.884s] -- Installing: /home/deepak/task2/turtlebot3_ws/install/dynamixel_sdk/local/lib/python3.10/dist-packages/dynamixel_easy_sdk/dynamixel_error.py
[1.884s] -- Installing: /home/deepak/task2/turtlebot3_ws/install/dynamixel_sdk/local/lib/python3.10/dist-packages/dynamixel_easy_sdk/group_executor.py
[1.884s] -- Installing: /home/deepak/task2/turtlebot3_ws/install/dynamixel_sdk/local/lib/python3.10/dist-packages/dynamixel_easy_sdk/connector.py
[1.884s] -- Installing: /home/deepak/task2/turtlebot3_ws/install/dynamixel_sdk/local/lib/python3.10/dist-packages/dynamixel_easy_sdk/__init__.py
[1.884s] -- Installing: /home/deepak/task2/turtlebot3_ws/install/dynamixel_sdk/local/lib/python3.10/dist-packages/dynamixel_easy_sdk/connector.cpp
[1.884s] -- Installing: /home/deepak/task2/turtlebot3_ws/install/dynamixel_sdk/local/lib/python3.10/dist-packages/dynamixel_easy_sdk/data_types.py
[1.920s] Listing '/home/deepak/task2/turtlebot3_ws/install/dynamixel_sdk/local/lib/python3.10/dist-packages/dynamixel_easy_sdk'...
[1.920s] Compiling '/home/deepak/task2/turtlebot3_ws/install/dynamixel_sdk/local/lib/python3.10/dist-packages/dynamixel_easy_sdk/__init__.py'...
[1.920s] Compiling '/home/deepak/task2/turtlebot3_ws/install/dynamixel_sdk/local/lib/python3.10/dist-packages/dynamixel_easy_sdk/connector.py'...
[1.920s] Compiling '/home/deepak/task2/turtlebot3_ws/install/dynamixel_sdk/local/lib/python3.10/dist-packages/dynamixel_easy_sdk/control_table.py'...
[1.920s] Compiling '/home/deepak/task2/turtlebot3_ws/install/dynamixel_sdk/local/lib/python3.10/dist-packages/dynamixel_easy_sdk/data_types.py'...
[1.920s] Compiling '/home/deepak/task2/turtlebot3_ws/install/dynamixel_sdk/local/lib/python3.10/dist-packages/dynamixel_easy_sdk/dynamixel_error.py'...
[1.920s] Compiling '/home/deepak/task2/turtlebot3_ws/install/dynamixel_sdk/local/lib/python3.10/dist-packages/dynamixel_easy_sdk/group_executor.py'...
[1.920s] Compiling '/home/deepak/task2/turtlebot3_ws/install/dynamixel_sdk/local/lib/python3.10/dist-packages/dynamixel_easy_sdk/motor.py'...
[1.924s] -- Installing: /home/deepak/task2/turtlebot3_ws/install/dynamixel_sdk/share/dynamixel_sdk/environment/library_path.sh
[1.924s] -- Installing: /home/deepak/task2/turtlebot3_ws/install/dynamixel_sdk/share/dynamixel_sdk/environment/library_path.dsv
[1.924s] -- Installing: /home/deepak/task2/turtlebot3_ws/install/dynamixel_sdk/share/ament_index/resource_index/package_run_dependencies/dynamixel_sdk
[1.924s] -- Installing: /home/deepak/task2/turtlebot3_ws/install/dynamixel_sdk/share/ament_index/resource_index/parent_prefix_path/dynamixel_sdk
[1.924s] -- Installing: /home/deepak/task2/turtlebot3_ws/install/dynamixel_sdk/share/dynamixel_sdk/environment/ament_prefix_path.sh
[1.924s] -- Installing: /home/deepak/task2/turtlebot3_ws/install/dynamixel_sdk/share/dynamixel_sdk/environment/ament_prefix_path.dsv
[1.925s] -- Installing: /home/deepak/task2/turtlebot3_ws/install/dynamixel_sdk/share/dynamixel_sdk/environment/path.sh
[1.925s] -- Installing: /home/deepak/task2/turtlebot3_ws/install/dynamixel_sdk/share/dynamixel_sdk/environment/path.dsv
[1.925s] -- Installing: /home/deepak/task2/turtlebot3_ws/install/dynamixel_sdk/share/dynamixel_sdk/local_setup.bash
[1.925s] -- Installing: /home/deepak/task2/turtlebot3_ws/install/dynamixel_sdk/share/dynamixel_sdk/local_setup.sh
[1.925s] -- Installing: /home/deepak/task2/turtlebot3_ws/install/dynamixel_sdk/share/dynamixel_sdk/local_setup.zsh
[1.925s] -- Installing: /home/deepak/task2/turtlebot3_ws/install/dynamixel_sdk/share/dynamixel_sdk/local_setup.dsv
[1.925s] -- Installing: /home/deepak/task2/turtlebot3_ws/install/dynamixel_sdk/share/dynamixel_sdk/package.dsv
[1.925s] -- Installing: /home/deepak/task2/turtlebot3_ws/install/dynamixel_sdk/share/ament_index/resource_index/packages/dynamixel_sdk
[1.925s] -- Installing: /home/deepak/task2/turtlebot3_ws/install/dynamixel_sdk/share/dynamixel_sdk/cmake/dynamixel_sdkExport.cmake
[1.925s] -- Installing: /home/deepak/task2/turtlebot3_ws/install/dynamixel_sdk/share/dynamixel_sdk/cmake/dynamixel_sdkExport-noconfig.cmake
[1.925s] -- Installing: /home/deepak/task2/turtlebot3_ws/install/dynamixel_sdk/share/dynamixel_sdk/cmake/ament_cmake_export_targets-extras.cmake
[1.925s] -- Installing: /home/deepak/task2/turtlebot3_ws/install/dynamixel_sdk/share/dynamixel_sdk/cmake/ament_cmake_export_include_directories-extras.cmake
[1.925s] -- Installing: /home/deepak/task2/turtlebot3_ws/install/dynamixel_sdk/share/dynamixel_sdk/cmake/ament_cmake_export_libraries-extras.cmake
[1.926s] -- Installing: /home/deepak/task2/turtlebot3_ws/install/dynamixel_sdk/share/dynamixel_sdk/cmake/dynamixel_sdkConfig.cmake
[1.926s] -- Installing: /home/deepak/task2/turtlebot3_ws/install/dynamixel_sdk/share/dynamixel_sdk/cmake/dynamixel_sdkConfig-version.cmake
[1.926s] -- Installing: /home/deepak/task2/turtlebot3_ws/install/dynamixel_sdk/share/dynamixel_sdk/package.xml
[1.928s] Invoked command in '/home/deepak/task2/turtlebot3_ws/build/dynamixel_sdk' returned '0': CMAKE_PREFIX_PATH=${CMAKE_PREFIX_PATH}:/home/deepak/moveit_ws/install/moveit_configs_utils:/opt/ros/humble /usr/bin/cmake --install /home/deepak/task2/turtlebot3_ws/build/dynamixel_sdk
