-- The C compiler identification is GNU 11.4.0
-- The CXX compiler identification is GNU 11.4.0
-- Detecting C compiler ABI info
-- Detecting C compiler ABI info - done
-- Check for working C compiler: /usr/bin/cc - skipped
-- Detecting C compile features
-- Detecting C compile features - done
-- Detecting CXX compiler ABI info
-- Detecting CXX compiler ABI info - done
-- Check for working CXX compiler: /usr/bin/c++ - skipped
-- Detecting CXX compile features
-- Detecting CXX compile features - done
-- Found ament_cmake: 1.3.14 (/opt/ros/humble/share/ament_cmake/cmake)
-- Found Python3: /usr/bin/python3 (found version "3.10.12") found components: Interpreter 
-- Found rclcpp: 16.0.19 (/opt/ros/humble/share/rclcpp/cmake)
-- Found rosidl_generator_c: 3.1.9 (/opt/ros/humble/share/rosidl_generator_c/cmake)
-- Found rosidl_adapter: 3.1.9 (/opt/ros/humble/share/rosidl_adapter/cmake)
-- Found rosidl_generator_cpp: 3.1.9 (/opt/ros/humble/share/rosidl_generator_cpp/cmake)
-- Using all available rosidl_typesupport_c: rosidl_typesupport_fastrtps_c;rosidl_typesupport_introspection_c
-- Using all available rosidl_typesupport_cpp: rosidl_typesupport_fastrtps_cpp;rosidl_typesupport_introspection_cpp
-- Found rmw_implementation_cmake: 6.1.2 (/opt/ros/humble/share/rmw_implementation_cmake/cmake)
-- Found rmw_cyclonedds_cpp: 1.3.4 (/opt/ros/humble/share/rmw_cyclonedds_cpp/cmake)
-- Using RMW implementation 'rmw_cyclonedds_cpp' as default
-- Looking for pthread.h
-- Looking for pthread.h - found
-- Performing Test CMAKE_HAVE_LIBC_PTHREAD
-- Performing Test CMAKE_HAVE_LIBC_PTHREAD - Success
-- Found Threads: TRUE  
-- Found geometry_msgs: 4.9.1 (/opt/ros/humble/share/geometry_msgs/cmake)
-- Found image_geometry: 3.2.1 (/opt/ros/humble/share/image_geometry/cmake)
-- Found map_msgs: 2.1.0 (/opt/ros/humble/share/map_msgs/cmake)
-- Found tf2_geometry_msgs: 0.25.20 (/opt/ros/humble/share/tf2_geometry_msgs/cmake)
-- Found eigen3_cmake_module: 0.1.1 (/opt/ros/humble/share/eigen3_cmake_module/cmake)
-- Found Eigen3: TRUE (found version "3.4.0") 
-- Ensuring Eigen3 include directory is part of orocos-kdl CMake target
-- Found Boost: /usr/lib/x86_64-linux-gnu/cmake/Boost-1.74.0/BoostConfig.cmake (found version "1.74.0") found components: thread 
-- Found OpenCV: /usr (found version "4.5.4") 
-- Found ament_lint_auto: 0.12.15 (/opt/ros/humble/share/ament_lint_auto/cmake)
-- Found ament_cmake_gtest: 1.3.14 (/opt/ros/humble/share/ament_cmake_gtest/cmake)
--2026-08-21 19:30:22--  https://raw.githubusercontent.com/hrnr/m-explore-extra/master/map_merge/hector_maps/map00.pgm
Resolving raw.githubusercontent.com (raw.githubusercontent.com)... 185.199.108.133, 185.199.109.133, 185.199.111.133, ...
Connecting to raw.githubusercontent.com (raw.githubusercontent.com)|185.199.108.133|:443... connected.
HTTP request sent, awaiting response... 200 OK
Length: 4194362 (4.0M) [application/octet-stream]
Saving to: ‘/home/deepak/task2/turtlebot3_ws/build/multirobot_map_merge/map00.pgm’

     0K .......... .......... .......... .......... ..........  1%  762K 5s
    50K .......... .......... .......... .......... ..........  2%  797K 5s
   100K .......... .......... .......... .......... ..........  3% 3.01M 4s
   150K .......... .......... .......... .......... ..........  4% 1.25M 4s
   200K .......... .......... .......... .......... ..........  6% 6.59M 3s
   250K .......... .......... .......... .......... ..........  7% 4.31M 3s
   300K .......... .......... .......... .......... ..........  8% 5.54M 2s
   350K .......... .......... .......... .......... ..........  9% 2.83M 2s
   400K .......... .......... .......... .......... .......... 10% 3.45M 2s
   450K .......... .......... .......... .......... .......... 12% 5.94M 2s
   500K .......... .......... .......... .......... .......... 13% 10.3M 2s
   550K .......... .......... .......... .......... .......... 14% 8.31M 2s
   600K .......... .......... .......... .......... .......... 15% 11.3M 1s
   650K .......... .......... .......... .......... .......... 17% 15.1M 1s
   700K .......... .......... .......... .......... .......... 18% 6.91M 1s
   750K .......... .......... .......... .......... .......... 19% 6.63M 1s
   800K .......... .......... .......... .......... .......... 20% 5.80M 1s
   850K .......... .......... .......... .......... .......... 21% 3.87M 1s
   900K .......... .......... .......... .......... .......... 23% 24.2M 1s
   950K .......... .......... .......... .......... .......... 24% 11.7M 1s
  1000K .......... .......... .......... .......... .......... 25% 11.8M 1s
  1050K .......... .......... .......... .......... .......... 26% 12.1M 1s
  1100K .......... .......... .......... .......... .......... 28% 24.4M 1s
  1150K .......... .......... .......... .......... .......... 29% 5.78M 1s
  1200K .......... .......... .......... .......... .......... 30% 23.3M 1s
  1250K .......... .......... .......... .......... .......... 31% 7.83M 1s
  1300K .......... .......... .......... .......... .......... 32% 23.6M 1s
  1350K .......... .......... .......... .......... .......... 34% 6.61M 1s
  1400K .......... .......... .......... .......... .......... 35% 23.7M 1s
  1450K .......... .......... .......... .......... .......... 36% 24.2M 1s
  1500K .......... .......... .......... .......... .......... 37% 8.31M 1s
  1550K .......... .......... .......... .......... .......... 39% 12.1M 1s
  1600K .......... .......... .......... .......... .......... 40% 24.0M 1s
  1650K .......... .......... .......... .......... .......... 41% 6.13M 1s
  1700K .......... .......... .......... .......... .......... 42% 24.3M 1s
  1750K .......... .......... .......... .......... .......... 43% 23.1M 0s
  1800K .......... .......... .......... .......... .......... 45% 5.40M 0s
  1850K .......... .......... .......... .......... .......... 46% 23.9M 0s
  1900K .......... .......... .......... .......... .......... 47% 9.27M 0s
  1950K .......... .......... .......... .......... .......... 48% 16.6M 0s
  2000K .......... .......... .......... .......... .......... 50% 22.1M 0s
  2050K .......... .......... .......... .......... .......... 51% 11.0M 0s
  2100K .......... .......... .......... .......... .......... 52% 4.79M 0s
  2150K .......... .......... .......... .......... .......... 53% 22.6M 0s
  2200K .......... .......... .......... .......... .......... 54% 8.85M 0s
  2250K .......... .......... .......... .......... .......... 56% 25.9M 0s
  2300K .......... .......... .......... .......... .......... 57% 12.2M 0s
  2350K .......... .......... .......... .......... .......... 58% 3.96M 0s
  2400K .......... .......... .......... .......... .......... 59% 25.4M 0s
  2450K .......... .......... .......... .......... .......... 61% 4.42M 0s
  2500K .......... .......... .......... .......... .......... 62% 24.7M 0s
  2550K .......... .......... .......... .......... .......... 63% 12.2M 0s
  2600K .......... .......... .......... .......... .......... 64% 12.4M 0s
  2650K .......... .......... .......... .......... .......... 65% 23.6M 0s
  2700K .......... .......... .......... .......... .......... 67% 14.7M 0s
  2750K .......... .......... .......... .......... .......... 68% 12.2M 0s
  2800K .......... .......... .......... .......... .......... 69% 8.76M 0s
  2850K .......... .......... .......... .......... .......... 70% 23.6M 0s
  2900K .......... .......... .......... .......... .......... 72% 12.4M 0s
  2950K .......... .......... .......... .......... .......... 73% 6.25M 0s
  3000K .......... .......... .......... .......... .......... 74% 24.6M 0s
  3050K .......... .......... .......... .......... .......... 75% 12.3M 0s
  3100K .......... .......... .......... .......... .......... 76% 15.8M 0s
  3150K .......... .......... .......... .......... .......... 78% 3.44M 0s
  3200K .......... .......... .......... .......... .......... 79% 12.3M 0s
  3250K .......... .......... .......... .......... .......... 80% 17.4M 0s
  3300K .......... .......... .......... .......... .......... 81% 23.2M 0s
  3350K .......... .......... .......... .......... .......... 83% 8.78M 0s
  3400K .......... .......... .......... .......... .......... 84% 9.25M 0s
  3450K .......... .......... .......... .......... .......... 85% 12.4M 0s
  3500K .......... .......... .......... .......... .......... 86% 23.5M 0s
  3550K .......... .......... .......... .......... .......... 87% 7.46M 0s
  3600K .......... .......... .......... .......... .......... 89% 23.9M 0s
  3650K .......... .......... .......... .......... .......... 90% 12.3M 0s
  3700K .......... .......... .......... .......... .......... 91% 12.7M 0s
  3750K .......... .......... .......... .......... .......... 92% 12.2M 0s
  3800K .......... .......... .......... .......... .......... 93% 23.2M 0s
  3850K .......... .......... .......... .......... .......... 95% 16.4M 0s
  3900K .......... .......... .......... .......... .......... 96% 12.3M 0s
  3950K .......... .......... .......... .......... .......... 97% 11.5M 0s
  4000K .......... .......... .......... .......... .......... 98% 23.3M 0s
  4050K .......... .......... .......... .......... ......    100% 30.4M=0.6s

2026-08-21 19:30:24 (6.96 MB/s) - ‘/home/deepak/task2/turtlebot3_ws/build/multirobot_map_merge/map00.pgm’ saved [4194362/4194362]

Checking MD5 sum of /home/deepak/task2/turtlebot3_ws/build/multirobot_map_merge/map00.pgm
/home/deepak/task2/turtlebot3_ws/build/multirobot_map_merge/map00.pgm: OK
--2026-08-21 19:30:24--  https://raw.githubusercontent.com/hrnr/m-explore-extra/master/map_merge/hector_maps/map05.pgm
Resolving raw.githubusercontent.com (raw.githubusercontent.com)... 185.199.111.133, 185.199.108.133, 185.199.109.133, ...
Connecting to raw.githubusercontent.com (raw.githubusercontent.com)|185.199.111.133|:443... connected.
HTTP request sent, awaiting response... 200 OK
Length: 4194362 (4.0M) [application/octet-stream]
Saving to: ‘/home/deepak/task2/turtlebot3_ws/build/multirobot_map_merge/map05.pgm’

     0K .......... .......... .......... .......... ..........  1%  823K 5s
    50K .......... .......... .......... .......... ..........  2%  947K 5s
   100K .......... .......... .......... .......... ..........  3% 3.63M 3s
   150K .......... .......... .......... .......... ..........  4% 1.39M 3s
   200K .......... .......... .......... .......... ..........  6% 4.65M 3s
   250K .......... .......... .......... .......... ..........  7% 5.98M 2s
   300K .......... .......... .......... .......... ..........  8% 1.85M 2s
   350K .......... .......... .......... .......... ..........  9% 6.54M 2s
   400K .......... .......... .......... .......... .......... 10% 7.72M 2s
   450K .......... .......... .......... .......... .......... 12% 5.41M 2s
   500K .......... .......... .......... .......... .......... 13% 29.3M 1s
   550K .......... .......... .......... .......... .......... 14% 10.0M 1s
   600K .......... .......... .......... .......... .......... 15% 18.6M 1s
   650K .......... .......... .......... .......... .......... 17% 7.99M 1s
   700K .......... .......... .......... .......... .......... 18% 3.33M 1s
   750K .......... .......... .......... .......... .......... 19% 1.12M 1s
   800K .......... .......... .......... .......... .......... 20% 12.3M 1s
   850K .......... .......... .......... .......... .......... 21% 8.32M 1s
   900K .......... .......... .......... .......... .......... 23% 21.3M 1s
   950K .......... .......... .......... .......... .......... 24% 7.02M 1s
  1000K .......... .......... .......... .......... .......... 25% 22.1M 1s
  1050K .......... .......... .......... .......... .......... 26% 12.6M 1s
  1100K .......... .......... .......... .......... .......... 28% 9.96M 1s
  1150K .......... .......... .......... .......... .......... 29% 24.9M 1s
  1200K .......... .......... .......... .......... .......... 30% 14.6M 1s
  1250K .......... .......... .......... .......... .......... 31% 7.03M 1s
  1300K .......... .......... .......... .......... .......... 32%  344M 1s
  1350K .......... .......... .......... .......... .......... 34% 12.2M 1s
  1400K .......... .......... .......... .......... .......... 35% 13.2M 1s
  1450K .......... .......... .......... .......... .......... 36% 5.84M 1s
  1500K .......... .......... .......... .......... .......... 37%  275M 1s
  1550K .......... .......... .......... .......... .......... 39% 25.0M 1s
  1600K .......... .......... .......... .......... .......... 40% 8.67M 1s
  1650K .......... .......... .......... .......... .......... 41% 31.2M 1s
  1700K .......... .......... .......... .......... .......... 42% 14.1M 1s
  1750K .......... .......... .......... .......... .......... 43% 18.7M 0s
  1800K .......... .......... .......... .......... .......... 45% 14.4M 0s
  1850K .......... .......... .......... .......... .......... 46% 12.5M 0s
  1900K .......... .......... .......... .......... .......... 47% 22.2M 0s
  1950K .......... .......... .......... .......... .......... 48% 8.93M 0s
  2000K .......... .......... .......... .......... .......... 50% 22.9M 0s
  2050K .......... .......... .......... .......... .......... 51% 10.2M 0s
  2100K .......... .......... .......... .......... .......... 52% 25.1M 0s
  2150K .......... .......... .......... .......... .......... 53% 11.9M 0s
  2200K .......... .......... .......... .......... .......... 54% 9.64M 0s
  2250K .......... .......... .......... .......... .......... 56% 12.4M 0s
  2300K .......... .......... .......... .......... .......... 57% 21.5M 0s
  2350K .......... .......... .......... .......... .......... 58% 8.29M 0s
  2400K .......... .......... .......... .......... .......... 59% 14.9M 0s
  2450K .......... .......... .......... .......... .......... 61% 2.05M 0s
  2500K .......... .......... .......... .......... .......... 62% 21.2M 0s
  2550K .......... .......... .......... .......... .......... 63% 24.4M 0s
  2600K .......... .......... .......... .......... .......... 64% 6.08M 0s
  2650K .......... .......... .......... .......... .......... 65% 12.9M 0s
  2700K .......... .......... .......... .......... .......... 67% 20.7M 0s
  2750K .......... .......... .......... .......... .......... 68% 8.43M 0s
  2800K .......... .......... .......... .......... .......... 69% 21.5M 0s
  2850K .......... .......... .......... .......... .......... 70% 21.5M 0s
  2900K .......... .......... .......... .......... .......... 72% 6.13M 0s
  2950K .......... .......... .......... .......... .......... 73% 24.2M 0s
  3000K .......... .......... .......... .......... .......... 74% 7.43M 0s
  3050K .......... .......... .......... .......... .......... 75% 12.3M 0s
  3100K .......... .......... .......... .......... .......... 76% 16.6M 0s
  3150K .......... .......... .......... .......... .......... 78% 1.03M 0s
  3200K .......... .......... .......... .......... .......... 79% 11.9M 0s
  3250K .......... .......... .......... .......... .......... 80% 10.2M 0s
  3300K .......... .......... .......... .......... .......... 81% 24.3M 0s
  3350K .......... .......... .......... .......... .......... 83% 24.0M 0s
  3400K .......... .......... .......... .......... .......... 84% 8.91M 0s
  3450K .......... .......... .......... .......... .......... 85% 12.1M 0s
  3500K .......... .......... .......... .......... .......... 86% 23.7M 0s
  3550K .......... .......... .......... .......... .......... 87% 6.90M 0s
  3600K .......... .......... .......... .......... .......... 89% 23.1M 0s
  3650K .......... .......... .......... .......... .......... 90% 8.69M 0s
  3700K .......... .......... .......... .......... .......... 91% 19.3M 0s
  3750K .......... .......... .......... .......... .......... 92% 10.8M 0s
  3800K .......... .......... .......... .......... .......... 93% 23.8M 0s
  3850K .......... .......... .......... .......... .......... 95% 12.4M 0s
  3900K .......... .......... .......... .......... .......... 96% 9.45M 0s
  3950K .......... .......... .......... .......... .......... 97% 23.7M 0s
  4000K .......... .......... .......... .......... .......... 98% 4.25M 0s
  4050K .......... .......... .......... .......... ......    100%  248M=0.6s

2026-08-21 19:30:25 (6.44 MB/s) - ‘/home/deepak/task2/turtlebot3_ws/build/multirobot_map_merge/map05.pgm’ saved [4194362/4194362]

Checking MD5 sum of /home/deepak/task2/turtlebot3_ws/build/multirobot_map_merge/map05.pgm
/home/deepak/task2/turtlebot3_ws/build/multirobot_map_merge/map05.pgm: OK
--2026-08-21 19:30:25--  https://raw.githubusercontent.com/hrnr/m-explore-extra/master/map_merge/gmapping_maps/2011-08-09-12-22-52.pgm
Resolving raw.githubusercontent.com (raw.githubusercontent.com)... 185.199.110.133, 185.199.108.133, 185.199.111.133, ...
Connecting to raw.githubusercontent.com (raw.githubusercontent.com)|185.199.110.133|:443... connected.
HTTP request sent, awaiting response... 200 OK
Length: 16000058 (15M) [application/octet-stream]
Saving to: ‘/home/deepak/task2/turtlebot3_ws/build/multirobot_map_merge/2011-08-09-12-22-52.pgm’

     0K .......... .......... .......... .......... ..........  0%  750K 21s
    50K .......... .......... .......... .......... ..........  0%  822K 20s
   100K .......... .......... .......... .......... ..........  0% 4.02M 14s
   150K .......... .......... .......... .......... ..........  1% 1.29M 14s
   200K .......... .......... .......... .......... ..........  1% 5.46M 11s
   250K .......... .......... .......... .......... ..........  1% 3.36M 10s
   300K .......... .......... .......... .......... ..........  2% 14.6M 9s
   350K .......... .......... .......... .......... ..........  2% 8.36M 8s
   400K .......... .......... .......... .......... ..........  2% 1.86M 8s
   450K .......... .......... .......... .......... ..........  3% 8.08M 7s
   500K .......... .......... .......... .......... ..........  3% 9.79M 7s
   550K .......... .......... .......... .......... ..........  3% 3.03M 7s
   600K .......... .......... .......... .......... ..........  4% 25.9M 6s
   650K .......... .......... .......... .......... ..........  4% 7.38M 6s
   700K .......... .......... .......... .......... ..........  4% 23.9M 5s
   750K .......... .......... .......... .......... ..........  5% 25.3M 5s
   800K .......... .......... .......... .......... ..........  5% 3.35M 5s
   850K .......... .......... .......... .......... ..........  5% 4.35M 5s
   900K .......... .......... .......... .......... ..........  6% 12.4M 5s
   950K .......... .......... .......... .......... ..........  6% 24.0M 5s
  1000K .......... .......... .......... .......... ..........  6% 4.79M 4s
  1050K .......... .......... .......... .......... ..........  7% 24.1M 4s
  1100K .......... .......... .......... .......... ..........  7% 4.90M 4s
  1150K .......... .......... .......... .......... ..........  7% 24.1M 4s
  1200K .......... .......... .......... .......... ..........  7% 12.4M 4s
  1250K .......... .......... .......... .......... ..........  8% 15.0M 4s
  1300K .......... .......... .......... .......... ..........  8% 12.3M 4s
  1350K .......... .......... .......... .......... ..........  8% 23.7M 4s
  1400K .......... .......... .......... .......... ..........  9% 5.29M 3s
  1450K .......... .......... .......... .......... ..........  9% 23.4M 3s
  1500K .......... .......... .......... .......... ..........  9% 24.3M 3s
  1550K .......... .......... .......... .......... .......... 10% 11.1M 3s
  1600K .......... .......... .......... .......... .......... 10% 12.1M 3s
  1650K .......... .......... .......... .......... .......... 10% 24.1M 3s
  1700K .......... .......... .......... .......... .......... 11% 5.69M 3s
  1750K .......... .......... .......... .......... .......... 11%  799K 3s
  1800K .......... .......... .......... .......... .......... 11% 12.0M 3s
  1850K .......... .......... .......... .......... .......... 12% 25.2M 3s
  1900K .......... .......... .......... .......... .......... 12% 13.4M 3s
  1950K .......... .......... .......... .......... .......... 12% 12.3M 3s
  2000K .......... .......... .......... .......... .......... 13% 5.72M 3s
  2050K .......... .......... .......... .......... .......... 13% 12.2M 3s
  2100K .......... .......... .......... .......... .......... 13% 24.1M 3s
  2150K .......... .......... .......... .......... .......... 14% 12.4M 3s
  2200K .......... .......... .......... .......... .......... 14% 13.9M 3s
  2250K .......... .......... .......... .......... .......... 14% 6.81M 3s
  2300K .......... .......... .......... .......... .......... 15% 24.1M 3s
  2350K .......... .......... .......... .......... .......... 15% 6.10M 3s
  2400K .......... .......... .......... .......... .......... 15% 24.8M 3s
  2450K .......... .......... .......... .......... .......... 15% 7.64M 3s
  2500K .......... .......... .......... .......... .......... 16% 12.3M 3s
  2550K .......... .......... .......... .......... .......... 16% 24.6M 3s
  2600K .......... .......... .......... .......... .......... 16% 4.36M 3s
  2650K .......... .......... .......... .......... .......... 17% 12.3M 3s
  2700K .......... .......... .......... .......... .......... 17% 23.9M 2s
  2750K .......... .......... .......... .......... .......... 17% 9.39M 2s
  2800K .......... .......... .......... .......... .......... 18% 12.3M 2s
  2850K .......... .......... .......... .......... .......... 18% 7.78M 2s
  2900K .......... .......... .......... .......... .......... 18% 23.9M 2s
  2950K .......... .......... .......... .......... .......... 19% 12.3M 2s
  3000K .......... .......... .......... .......... .......... 19% 10.6M 2s
  3050K .......... .......... .......... .......... .......... 19% 22.9M 2s
  3100K .......... .......... .......... .......... .......... 20% 12.2M 2s
  3150K .......... .......... .......... .......... .......... 20% 11.8M 2s
  3200K .......... .......... .......... .......... .......... 20% 11.7M 2s
  3250K .......... .......... .......... .......... .......... 21% 7.31M 2s
  3300K .......... .......... .......... .......... .......... 21% 23.3M 2s
  3350K .......... .......... .......... .......... .......... 21% 12.0M 2s
  3400K .......... .......... .......... .......... .......... 22% 9.10M 2s
  3450K .......... .......... .......... .......... .......... 22% 9.32M 2s
  3500K .......... .......... .......... .......... .......... 22% 23.5M 2s
  3550K .......... .......... .......... .......... .......... 23% 24.2M 2s
  3600K .......... .......... .......... .......... .......... 23% 7.87M 2s
  3650K .......... .......... .......... .......... .......... 23% 3.46M 2s
  3700K .......... .......... .......... .......... .......... 23% 12.6M 2s
  3750K .......... .......... .......... .......... .......... 24% 24.3M 2s
  3800K .......... .......... .......... .......... .......... 24% 8.49M 2s
  3850K .......... .......... .......... .......... .......... 24% 12.4M 2s
  3900K .......... .......... .......... .......... .......... 25% 23.0M 2s
  3950K .......... .......... .......... .......... .......... 25% 5.65M 2s
  4000K .......... .......... .......... .......... .......... 25% 12.1M 2s
  4050K .......... .......... .......... .......... .......... 26% 14.8M 2s
  4100K .......... .......... .......... .......... .......... 26% 23.7M 2s
  4150K .......... .......... .......... .......... .......... 26% 4.48M 2s
  4200K .......... .......... .......... .......... .......... 27%  473M 2s
  4250K .......... .......... .......... .......... .......... 27% 12.3M 2s
  4300K .......... .......... .......... .......... .......... 27% 9.55M 2s
  4350K .......... .......... .......... .......... .......... 28% 12.5M 2s
  4400K .......... .......... .......... .......... .......... 28% 23.7M 2s
  4450K .......... .......... .......... .......... .......... 28% 9.09M 2s
  4500K .......... .......... .......... .......... .......... 29% 23.8M 2s
  4550K .......... .......... .......... .......... .......... 29% 9.55M 2s
  4600K .......... .......... .......... .......... .......... 29% 22.8M 2s
  4650K .......... .......... .......... .......... .......... 30% 12.2M 2s
  4700K .......... .......... .......... .......... .......... 30% 14.4M 2s
  4750K .......... .......... .......... .......... .......... 30% 9.15M 2s
  4800K .......... .......... .......... .......... .......... 31% 7.34M 2s
  4850K .......... .......... .......... .......... .......... 31% 23.6M 2s
  4900K .......... .......... .......... .......... .......... 31% 7.31M 2s
  4950K .......... .......... .......... .......... .......... 31% 7.22M 2s
  5000K .......... .......... .......... .......... .......... 32% 12.3M 2s
  5050K .......... .......... .......... .......... .......... 32% 23.8M 2s
  5100K .......... .......... .......... .......... .......... 32% 20.5M 1s
  5150K .......... .......... .......... .......... .......... 33% 12.2M 1s
  5200K .......... .......... .......... .......... .......... 33% 6.63M 1s
  5250K .......... .......... .......... .......... .......... 33% 23.4M 1s
  5300K .......... .......... .......... .......... .......... 34% 12.4M 1s
  5350K .......... .......... .......... .......... .......... 34% 12.4M 1s
  5400K .......... .......... .......... .......... .......... 34% 7.47M 1s
  5450K .......... .......... .......... .......... .......... 35% 12.2M 1s
  5500K .......... .......... .......... .......... .......... 35% 23.7M 1s
  5550K .......... .......... .......... .......... .......... 35% 11.1M 1s
  5600K .......... .......... .......... .......... .......... 36% 12.4M 1s
  5650K .......... .......... .......... .......... .......... 36% 11.8M 1s
  5700K .......... .......... .......... .......... .......... 36% 24.7M 1s
  5750K .......... .......... .......... .......... .......... 37% 12.4M 1s
  5800K .......... .......... .......... .......... .......... 37% 20.4M 1s
  5850K .......... .......... .......... .......... .......... 37% 12.2M 1s
  5900K .......... .......... .......... .......... .......... 38% 23.9M 1s
  5950K .......... .......... .......... .......... .......... 38% 10.5M 1s
  6000K .......... .......... .......... .......... .......... 38% 23.0M 1s
  6050K .......... .......... .......... .......... .......... 39% 10.7M 1s
  6100K .......... .......... .......... .......... .......... 39% 5.60M 1s
  6150K .......... .......... .......... .......... .......... 39% 3.73M 1s
  6200K .......... .......... .......... .......... .......... 39% 22.7M 1s
  6250K .......... .......... .......... .......... .......... 40% 7.73M 1s
  6300K .......... .......... .......... .......... .......... 40% 12.2M 1s
  6350K .......... .......... .......... .......... .......... 40% 24.4M 1s
  6400K .......... .......... .......... .......... .......... 41% 6.79M 1s
  6450K .......... .......... .......... .......... .......... 41% 4.96M 1s
  6500K .......... .......... .......... .......... .......... 41% 23.4M 1s
  6550K .......... .......... .......... .......... .......... 42% 24.2M 1s
  6600K .......... .......... .......... .......... .......... 42% 7.96M 1s
  6650K .......... .......... .......... .......... .......... 42% 23.4M 1s
  6700K .......... .......... .......... .......... .......... 43% 9.04M 1s
  6750K .......... .......... .......... .......... .......... 43% 23.4M 1s
  6800K .......... .......... .......... .......... .......... 43% 12.0M 1s
  6850K .......... .......... .......... .......... .......... 44% 4.65M 1s
  6900K .......... .......... .......... .......... .......... 44% 12.4M 1s
  6950K .......... .......... .......... .......... .......... 44% 8.09M 1s
  7000K .......... .......... .......... .......... .......... 45% 4.31M 1s
  7050K .......... .......... .......... .......... .......... 45% 24.3M 1s
  7100K .......... .......... .......... .......... .......... 45% 4.21M 1s
  7150K .......... .......... .......... .......... .......... 46% 24.5M 1s
  7200K .......... .......... .......... .......... .......... 46% 12.2M 1s
  7250K .......... .......... .......... .......... .......... 46% 9.84M 1s
  7300K .......... .......... .......... .......... .......... 47% 12.3M 1s
  7350K .......... .......... .......... .......... .......... 47% 23.2M 1s
  7400K .......... .......... .......... .......... .......... 47% 8.14M 1s
  7450K .......... .......... .......... .......... .......... 47% 23.1M 1s
  7500K .......... .......... .......... .......... .......... 48% 25.0M 1s
  7550K .......... .......... .......... .......... .......... 48% 9.73M 1s
  7600K .......... .......... .......... .......... .......... 48% 12.3M 1s
  7650K .......... .......... .......... .......... .......... 49% 5.67M 1s
  7700K .......... .......... .......... .......... .......... 49% 12.4M 1s
  7750K .......... .......... .......... .......... .......... 49% 6.45M 1s
  7800K .......... .......... .......... .......... .......... 50% 24.2M 1s
  7850K .......... .......... .......... .......... .......... 50% 5.67M 1s
  7900K .......... .......... .......... .......... .......... 50% 24.8M 1s
  7950K .......... .......... .......... .......... .......... 51% 12.2M 1s
  8000K .......... .......... .......... .......... .......... 51% 5.67M 1s
  8050K .......... .......... .......... .......... .......... 51% 39.5M 1s
  8100K .......... .......... .......... .......... .......... 52% 3.55M 1s
  8150K .......... .......... .......... .......... .......... 52%  496M 1s
  8200K .......... .......... .......... .......... .......... 52% 4.58M 1s
  8250K .......... .......... .......... .......... .......... 53% 8.90M 1s
  8300K .......... .......... .......... .......... .......... 53% 12.5M 1s
  8350K .......... .......... .......... .......... .......... 53% 23.6M 1s
  8400K .......... .......... .......... .......... .......... 54% 9.57M 1s
  8450K .......... .......... .......... .......... .......... 54% 23.6M 1s
  8500K .......... .......... .......... .......... .......... 54% 9.01M 1s
  8550K .......... .......... .......... .......... .......... 55% 23.7M 1s
  8600K .......... .......... .......... .......... .......... 55% 12.2M 1s
  8650K .......... .......... .......... .......... .......... 55% 18.4M 1s
  8700K .......... .......... .......... .......... .......... 55% 23.2M 1s
  8750K .......... .......... .......... .......... .......... 56% 12.0M 1s
  8800K .......... .......... .......... .......... .......... 56% 9.31M 1s
  8850K .......... .......... .......... .......... .......... 56% 23.2M 1s
  8900K .......... .......... .......... .......... .......... 57% 3.78M 1s
  8950K .......... .......... .......... .......... .......... 57% 23.8M 1s
  9000K .......... .......... .......... .......... .......... 57% 23.3M 1s
  9050K .......... .......... .......... .......... .......... 58% 9.34M 1s
  9100K .......... .......... .......... .......... .......... 58% 24.3M 1s
  9150K .......... .......... .......... .......... .......... 58% 12.1M 1s
  9200K .......... .......... .......... .......... .......... 59% 15.8M 1s
  9250K .......... .......... .......... .......... .......... 59% 3.35M 1s
  9300K .......... .......... .......... .......... .......... 59% 23.3M 1s
  9350K .......... .......... .......... .......... .......... 60% 8.72M 1s
  9400K .......... .......... .......... .......... .......... 60% 24.3M 1s
  9450K .......... .......... .......... .......... .......... 60% 12.2M 1s
  9500K .......... .......... .......... .......... .......... 61% 5.39M 1s
  9550K .......... .......... .......... .......... .......... 61% 24.1M 1s
  9600K .......... .......... .......... .......... .......... 61% 12.2M 1s
  9650K .......... .......... .......... .......... .......... 62% 3.65M 1s
  9700K .......... .......... .......... .......... .......... 62% 24.3M 1s
  9750K .......... .......... .......... .......... .......... 62% 12.4M 1s
  9800K .......... .......... .......... .......... .......... 63% 4.66M 1s
  9850K .......... .......... .......... .......... .......... 63% 24.2M 1s
  9900K .......... .......... .......... .......... .......... 63% 7.00M 1s
  9950K .......... .......... .......... .......... .......... 63%  760M 1s
 10000K .......... .......... .......... .......... .......... 64% 12.3M 1s
 10050K .......... .......... .......... .......... .......... 64% 6.15M 1s
 10100K .......... .......... .......... .......... .......... 64% 23.1M 1s
 10150K .......... .......... .......... .......... .......... 65% 7.81M 1s
 10200K .......... .......... .......... .......... .......... 65% 23.0M 1s
 10250K .......... .......... .......... .......... .......... 65% 24.2M 1s
 10300K .......... .......... .......... .......... .......... 66% 12.1M 1s
 10350K .......... .......... .......... .......... .......... 66% 4.78M 1s
 10400K .......... .......... .......... .......... .......... 66% 8.19M 1s
 10450K .......... .......... .......... .......... .......... 67% 1.76M 1s
 10500K .......... .......... .......... .......... .......... 67% 12.5M 1s
 10550K .......... .......... .......... .......... .......... 67% 23.6M 1s
 10600K .......... .......... .......... .......... .......... 68% 18.1M 1s
 10650K .......... .......... .......... .......... .......... 68% 12.0M 1s
 10700K .......... .......... .......... .......... .......... 68% 23.8M 1s
 10750K .......... .......... .......... .......... .......... 69% 2.59M 1s
 10800K .......... .......... .......... .......... .......... 69% 12.4M 1s
 10850K .......... .......... .......... .......... .......... 69% 23.5M 1s
 10900K .......... .......... .......... .......... .......... 70% 11.5M 1s
 10950K .......... .......... .......... .......... .......... 70% 12.4M 1s
 11000K .......... .......... .......... .......... .......... 70% 23.4M 1s
 11050K .......... .......... .......... .......... .......... 71% 5.84M 1s
 11100K .......... .......... .......... .......... .......... 71% 25.1M 1s
 11150K .......... .......... .......... .......... .......... 71% 3.93M 1s
 11200K .......... .......... .......... .......... .......... 71% 23.4M 1s
 11250K .......... .......... .......... .......... .......... 72% 12.4M 1s
 11300K .......... .......... .......... .......... .......... 72% 2.54M 1s
 11350K .......... .......... .......... .......... .......... 72% 12.4M 1s
 11400K .......... .......... .......... .......... .......... 73% 23.6M 0s
 11450K .......... .......... .......... .......... .......... 73% 5.83M 0s
 11500K .......... .......... .......... .......... .......... 73% 23.6M 0s
 11550K .......... .......... .......... .......... .......... 74% 23.8M 0s
 11600K .......... .......... .......... .......... .......... 74% 7.30M 0s
 11650K .......... .......... .......... .......... .......... 74% 12.1M 0s
 11700K .......... .......... .......... .......... .......... 75% 17.7M 0s
 11750K .......... .......... .......... .......... .......... 75% 12.2M 0s
 11800K .......... .......... .......... .......... .......... 75% 23.2M 0s
 11850K .......... .......... .......... .......... .......... 76% 15.4M 0s
 11900K .......... .......... .......... .......... .......... 76% 4.49M 0s
 11950K .......... .......... .......... .......... .......... 76% 24.2M 0s
 12000K .......... .......... .......... .......... .......... 77% 5.77M 0s
 12050K .......... .......... .......... .......... .......... 77% 23.8M 0s
 12100K .......... .......... .......... .......... .......... 77% 3.02M 0s
 12150K .......... .......... .......... .......... .......... 78% 12.5M 0s
 12200K .......... .......... .......... .......... .......... 78% 22.5M 0s
 12250K .......... .......... .......... .......... .......... 78% 1.62M 0s
 12300K .......... .......... .......... .......... .......... 79% 12.4M 0s
 12350K .......... .......... .......... .......... .......... 79% 23.5M 0s
 12400K .......... .......... .......... .......... .......... 79% 3.74M 0s
 12450K .......... .......... .......... .......... .......... 79% 12.2M 0s
 12500K .......... .......... .......... .......... .......... 80% 13.7M 0s
 12550K .......... .......... .......... .......... .......... 80% 24.3M 0s
 12600K .......... .......... .......... .......... .......... 80% 12.2M 0s
 12650K .......... .......... .......... .......... .......... 81% 7.33M 0s
 12700K .......... .......... .......... .......... .......... 81% 4.79M 0s
 12750K .......... .......... .......... .......... .......... 81% 23.0M 0s
 12800K .......... .......... .......... .......... .......... 82% 6.99M 0s
 12850K .......... .......... .......... .......... .......... 82% 24.0M 0s
 12900K .......... .......... .......... .......... .......... 82% 7.35M 0s
 12950K .......... .......... .......... .......... .......... 83% 23.5M 0s
 13000K .......... .......... .......... .......... .......... 83% 7.23M 0s
 13050K .......... .......... .......... .......... .......... 83% 23.5M 0s
 13100K .......... .......... .......... .......... .......... 84% 24.1M 0s
 13150K .......... .......... .......... .......... .......... 84% 5.11M 0s
 13200K .......... .......... .......... .......... .......... 84% 12.1M 0s
 13250K .......... .......... .......... .......... .......... 85% 16.0M 0s
 13300K .......... .......... .......... .......... .......... 85% 12.4M 0s
 13350K .......... .......... .......... .......... .......... 85% 23.8M 0s
 13400K .......... .......... .......... .......... .......... 86% 13.7M 0s
 13450K .......... .......... .......... .......... .......... 86% 12.2M 0s
 13500K .......... .......... .......... .......... .......... 86% 23.6M 0s
 13550K .......... .......... .......... .......... .......... 87% 8.45M 0s
 13600K .......... .......... .......... .......... .......... 87% 5.20M 0s
 13650K .......... .......... .......... .......... .......... 87% 23.9M 0s
 13700K .......... .......... .......... .......... .......... 87% 12.2M 0s
 13750K .......... .......... .......... .......... .......... 88% 12.4M 0s
 13800K .......... .......... .......... .......... .......... 88% 23.5M 0s
 13850K .......... .......... .......... .......... .......... 88% 3.43M 0s
 13900K .......... .......... .......... .......... .......... 89% 24.1M 0s
 13950K .......... .......... .......... .......... .......... 89% 12.0M 0s
 14000K .......... .......... .......... .......... .......... 89% 19.6M 0s
 14050K .......... .......... .......... .......... .......... 90% 6.36M 0s
 14100K .......... .......... .......... .......... .......... 90% 24.7M 0s
 14150K .......... .......... .......... .......... .......... 90% 4.93M 0s
 14200K .......... .......... .......... .......... .......... 91% 22.6M 0s
 14250K .......... .......... .......... .......... .......... 91% 12.9M 0s
 14300K .......... .......... .......... .......... .......... 91% 7.43M 0s
 14350K .......... .......... .......... .......... .......... 92% 37.2M 0s
 14400K .......... .......... .......... .......... .......... 92% 10.1M 0s
 14450K .......... .......... .......... .......... .......... 92% 10.7M 0s
 14500K .......... .......... .......... .......... .......... 93% 19.0M 0s
 14550K .......... .......... .......... .......... .......... 93% 4.74M 0s
 14600K .......... .......... .......... .......... .......... 93%  561M 0s
 14650K .......... .......... .......... .......... .......... 94% 12.3M 0s
 14700K .......... .......... .......... .......... .......... 94% 10.2M 0s
 14750K .......... .......... .......... .......... .......... 94% 6.64M 0s
 14800K .......... .......... .......... .......... .......... 95% 13.9M 0s
 14850K .......... .......... .......... .......... .......... 95% 15.0M 0s
 14900K .......... .......... .......... .......... .......... 95% 2.91M 0s
 14950K .......... .......... .......... .......... .......... 95% 11.3M 0s
 15000K .......... .......... .......... .......... .......... 96% 13.4M 0s
 15050K .......... .......... .......... .......... .......... 96% 8.34M 0s
 15100K .......... .......... .......... .......... .......... 96% 9.00M 0s
 15150K .......... .......... .......... .......... .......... 97% 13.1M 0s
 15200K .......... .......... .......... .......... .......... 97% 12.2M 0s
 15250K .......... .......... .......... .......... .......... 97% 5.95M 0s
 15300K .......... .......... .......... .......... .......... 98%  407M 0s
 15350K .......... .......... .......... .......... .......... 98% 17.0M 0s
 15400K .......... .......... .......... .......... .......... 98% 11.8M 0s
 15450K .......... .......... .......... .......... .......... 99% 12.6M 0s
 15500K .......... .......... .......... .......... .......... 99% 9.08M 0s
 15550K .......... .......... .......... .......... .......... 99%  532M 0s
 15600K .......... .......... .....                           100%  409M=1.8s

2026-08-21 19:30:29 (8.52 MB/s) - ‘/home/deepak/task2/turtlebot3_ws/build/multirobot_map_merge/2011-08-09-12-22-52.pgm’ saved [16000058/16000058]

Checking MD5 sum of /home/deepak/task2/turtlebot3_ws/build/multirobot_map_merge/2011-08-09-12-22-52.pgm
/home/deepak/task2/turtlebot3_ws/build/multirobot_map_merge/2011-08-09-12-22-52.pgm: OK
--2026-08-21 19:30:29--  https://raw.githubusercontent.com/hrnr/m-explore-extra/master/map_merge/gmapping_maps/2012-01-28-11-12-01.pgm
Resolving raw.githubusercontent.com (raw.githubusercontent.com)... 185.199.110.133, 185.199.108.133, 185.199.109.133, ...
Connecting to raw.githubusercontent.com (raw.githubusercontent.com)|185.199.110.133|:443... connected.
HTTP request sent, awaiting response... 200 OK
Length: 16000058 (15M) [application/octet-stream]
Saving to: ‘/home/deepak/task2/turtlebot3_ws/build/multirobot_map_merge/2012-01-28-11-12-01.pgm’

     0K .......... .......... .......... .......... ..........  0%  813K 19s
    50K .......... .......... .......... .......... ..........  0%  848K 19s
   100K .......... .......... .......... .......... ..........  0% 3.36M 14s
   150K .......... .......... .......... .......... ..........  1% 1.07M 14s
   200K .......... .......... .......... .......... ..........  1% 11.0M 11s
   250K .......... .......... .......... .......... ..........  1% 4.39M 10s
   300K .......... .......... .......... .......... ..........  2% 2.05M 10s
   350K .......... .......... .......... .......... ..........  2% 3.19M 9s
   400K .......... .......... .......... .......... ..........  2% 9.36M 8s
   450K .......... .......... .......... .......... ..........  3% 9.82M 7s
   500K .......... .......... .......... .......... ..........  3% 10.7M 7s
   550K .......... .......... .......... .......... ..........  3% 6.94M 6s
   600K .......... .......... .......... .......... ..........  4% 12.0M 6s
   650K .......... .......... .......... .......... ..........  4% 26.1M 6s
   700K .......... .......... .......... .......... ..........  4% 2.47M 6s
   750K .......... .......... .......... .......... ..........  5% 6.33M 5s
   800K .......... .......... .......... .......... ..........  5% 9.13M 5s
   850K .......... .......... .......... .......... ..........  5% 16.2M 5s
   900K .......... .......... .......... .......... ..........  6% 3.58M 5s
   950K .......... .......... .......... .......... ..........  6% 14.5M 5s
  1000K .......... .......... .......... .......... ..........  6% 16.8M 4s
  1050K .......... .......... .......... .......... ..........  7% 24.3M 4s
  1100K .......... .......... .......... .......... ..........  7% 11.9M 4s
  1150K .......... .......... .......... .......... ..........  7% 5.97M 4s
  1200K .......... .......... .......... .......... ..........  7% 12.2M 4s
  1250K .......... .......... .......... .......... ..........  8% 10.1M 4s
  1300K .......... .......... .......... .......... ..........  8% 6.35M 4s
  1350K .......... .......... .......... .......... ..........  8% 23.7M 4s
  1400K .......... .......... .......... .......... ..........  9% 12.3M 3s
  1450K .......... .......... .......... .......... ..........  9% 9.51M 3s
  1500K .......... .......... .......... .......... ..........  9% 12.2M 3s
  1550K .......... .......... .......... .......... .......... 10% 23.9M 3s
  1600K .......... .......... .......... .......... .......... 10% 11.2M 3s
  1650K .......... .......... .......... .......... .......... 10% 23.8M 3s
  1700K .......... .......... .......... .......... .......... 11% 9.10M 3s
  1750K .......... .......... .......... .......... .......... 11% 23.7M 3s
  1800K .......... .......... .......... .......... .......... 11% 12.1M 3s
  1850K .......... .......... .......... .......... .......... 12% 9.55M 3s
  1900K .......... .......... .......... .......... .......... 12%  480M 3s
  1950K .......... .......... .......... .......... .......... 12% 12.3M 3s
  2000K .......... .......... .......... .......... .......... 13% 9.46M 3s
  2050K .......... .......... .......... .......... .......... 13% 23.5M 3s
  2100K .......... .......... .......... .......... .......... 13% 6.74M 3s
  2150K .......... .......... .......... .......... .......... 14% 23.5M 3s
  2200K .......... .......... .......... .......... .......... 14% 4.25M 3s
  2250K .......... .......... .......... .......... .......... 14% 12.3M 2s
  2300K .......... .......... .......... .......... .......... 15% 16.1M 2s
  2350K .......... .......... .......... .......... .......... 15% 8.24M 2s
  2400K .......... .......... .......... .......... .......... 15% 5.65M 2s
  2450K .......... .......... .......... .......... .......... 15% 23.3M 2s
  2500K .......... .......... .......... .......... .......... 16% 11.2M 2s
  2550K .......... .......... .......... .......... .......... 16% 21.2M 2s
  2600K .......... .......... .......... .......... .......... 16% 3.21M 2s
  2650K .......... .......... .......... .......... .......... 17% 23.8M 2s
  2700K .......... .......... .......... .......... .......... 17% 12.2M 2s
  2750K .......... .......... .......... .......... .......... 17% 6.35M 2s
  2800K .......... .......... .......... .......... .......... 18% 7.76M 2s
  2850K .......... .......... .......... .......... .......... 18%  537M 2s
  2900K .......... .......... .......... .......... .......... 18% 10.2M 2s
  2950K .......... .......... .......... .......... .......... 19% 23.7M 2s
  3000K .......... .......... .......... .......... .......... 19% 4.43M 2s
  3050K .......... .......... .......... .......... .......... 19% 23.9M 2s
  3100K .......... .......... .......... .......... .......... 20% 12.2M 2s
  3150K .......... .......... .......... .......... .......... 20% 4.12M 2s
  3200K .......... .......... .......... .......... .......... 20% 13.1M 2s
  3250K .......... .......... .......... .......... .......... 21% 10.0M 2s
  3300K .......... .......... .......... .......... .......... 21% 5.10M 2s
  3350K .......... .......... .......... .......... .......... 21%  379M 2s
  3400K .......... .......... .......... .......... .......... 22% 7.79M 2s
  3450K .......... .......... .......... .......... .......... 22% 23.2M 2s
  3500K .......... .......... .......... .......... .......... 22% 12.5M 2s
  3550K .......... .......... .......... .......... .......... 23% 13.8M 2s
  3600K .......... .......... .......... .......... .......... 23% 12.2M 2s
  3650K .......... .......... .......... .......... .......... 23% 22.7M 2s
  3700K .......... .......... .......... .......... .......... 23% 8.69M 2s
  3750K .......... .......... .......... .......... .......... 24% 22.1M 2s
  3800K .......... .......... .......... .......... .......... 24% 11.0M 2s
  3850K .......... .......... .......... .......... .......... 24% 12.8M 2s
  3900K .......... .......... .......... .......... .......... 25% 10.2M 2s
  3950K .......... .......... .......... .......... .......... 25% 4.65M 2s
  4000K .......... .......... .......... .......... .......... 25% 24.3M 2s
  4050K .......... .......... .......... .......... .......... 26% 8.99M 2s
  4100K .......... .......... .......... .......... .......... 26% 24.7M 2s
  4150K .......... .......... .......... .......... .......... 26% 12.5M 2s
  4200K .......... .......... .......... .......... .......... 27% 16.4M 2s
  4250K .......... .......... .......... .......... .......... 27%  555K 2s
  4300K .......... .......... .......... .......... .......... 27% 4.19M 2s
  4350K .......... .......... .......... .......... .......... 28%  499M 2s
  4400K .......... .......... .......... .......... .......... 28% 5.52M 2s
  4450K .......... .......... .......... .......... .......... 28% 12.4M 2s
  4500K .......... .......... .......... .......... .......... 29%  396M 2s
  4550K .......... .......... .......... .......... .......... 29% 7.84M 2s
  4600K .......... .......... .......... .......... .......... 29% 21.5M 2s
  4650K .......... .......... .......... .......... .......... 30% 5.75M 2s
  4700K .......... .......... .......... .......... .......... 30% 12.4M 2s
  4750K .......... .......... .......... .......... .......... 30%  519M 2s
  4800K .......... .......... .......... .......... .......... 31% 8.48M 2s
  4850K .......... .......... .......... .......... .......... 31% 12.6M 2s
  4900K .......... .......... .......... .......... .......... 31% 5.82M 2s
  4950K .......... .......... .......... .......... .......... 31%  481M 2s
  5000K .......... .......... .......... .......... .......... 32% 46.3M 2s
  5050K .......... .......... .......... .......... .......... 32% 5.54M 2s
  5100K .......... .......... .......... .......... .......... 32%  502M 2s
  5150K .......... .......... .......... .......... .......... 33%  467M 2s
  5200K .......... .......... .......... .......... .......... 33% 4.53M 2s
  5250K .......... .......... .......... .......... .......... 33%  504M 2s
  5300K .......... .......... .......... .......... .......... 34% 57.6M 2s
  5350K .......... .......... .......... .......... .......... 34% 6.91M 2s
  5400K .......... .......... .......... .......... .......... 34%  464M 1s
  5450K .......... .......... .......... .......... .......... 35% 32.2M 1s
  5500K .......... .......... .......... .......... .......... 35% 4.49M 1s
  5550K .......... .......... .......... .......... .......... 35% 22.9M 1s
  5600K .......... .......... .......... .......... .......... 36% 12.2M 1s
  5650K .......... .......... .......... .......... .......... 36% 2.62M 1s
  5700K .......... .......... .......... .......... .......... 36% 22.0M 1s
  5750K .......... .......... .......... .......... .......... 37% 24.7M 1s
  5800K .......... .......... .......... .......... .......... 37% 5.60M 1s
  5850K .......... .......... .......... .......... .......... 37% 22.8M 1s
  5900K .......... .......... .......... .......... .......... 38% 12.4M 1s
  5950K .......... .......... .......... .......... .......... 38% 13.3M 1s
  6000K .......... .......... .......... .......... .......... 38% 12.5M 1s
  6050K .......... .......... .......... .......... .......... 39% 23.8M 1s
  6100K .......... .......... .......... .......... .......... 39% 5.36M 1s
  6150K .......... .......... .......... .......... .......... 39% 16.4M 1s
  6200K .......... .......... .......... .......... .......... 39% 6.94M 1s
  6250K .......... .......... .......... .......... .......... 40% 8.10M 1s
  6300K .......... .......... .......... .......... .......... 40%  490M 1s
  6350K .......... .......... .......... .......... .......... 40% 7.14M 1s
  6400K .......... .......... .......... .......... .......... 41% 21.2M 1s
  6450K .......... .......... .......... .......... .......... 41% 10.3M 1s
  6500K .......... .......... .......... .......... .......... 41% 7.04M 1s
  6550K .......... .......... .......... .......... .......... 42%  342M 1s
  6600K .......... .......... .......... .......... .......... 42% 4.92M 1s
  6650K .......... .......... .......... .......... .......... 42% 21.9M 1s
  6700K .......... .......... .......... .......... .......... 43% 24.6M 1s
  6750K .......... .......... .......... .......... .......... 43% 7.86M 1s
  6800K .......... .......... .......... .......... .......... 43% 19.5M 1s
  6850K .......... .......... .......... .......... .......... 44% 19.5M 1s
  6900K .......... .......... .......... .......... .......... 44% 4.78M 1s
  6950K .......... .......... .......... .......... .......... 44% 21.0M 1s
  7000K .......... .......... .......... .......... .......... 45% 10.8M 1s
  7050K .......... .......... .......... .......... .......... 45% 14.1M 1s
  7100K .......... .......... .......... .......... .......... 45% 12.0M 1s
  7150K .......... .......... .......... .......... .......... 46% 74.5M 1s
  7200K .......... .......... .......... .......... .......... 46% 9.65M 1s
  7250K .......... .......... .......... .......... .......... 46%  857K 1s
  7300K .......... .......... .......... .......... .......... 47% 12.5M 1s
  7350K .......... .......... .......... .......... .......... 47% 5.47M 1s
  7400K .......... .......... .......... .......... .......... 47% 42.4M 1s
  7450K .......... .......... .......... .......... .......... 47% 8.21M 1s
  7500K .......... .......... .......... .......... .......... 48% 31.3M 1s
  7550K .......... .......... .......... .......... .......... 48% 6.57M 1s
  7600K .......... .......... .......... .......... .......... 48% 6.99M 1s
  7650K .......... .......... .......... .......... .......... 49% 33.9M 1s
  7700K .......... .......... .......... .......... .......... 49% 8.80M 1s
  7750K .......... .......... .......... .......... .......... 49%  517M 1s
  7800K .......... .......... .......... .......... .......... 50% 8.14M 1s
  7850K .......... .......... .......... .......... .......... 50% 7.07M 1s
  7900K .......... .......... .......... .......... .......... 50% 27.7M 1s
  7950K .......... .......... .......... .......... .......... 51% 7.84M 1s
  8000K .......... .......... .......... .......... .......... 51%  361M 1s
  8050K .......... .......... .......... .......... .......... 51% 7.09M 1s
  8100K .......... .......... .......... .......... .......... 52% 18.6M 1s
  8150K .......... .......... .......... .......... .......... 52%  386M 1s
  8200K .......... .......... .......... .......... .......... 52% 3.00M 1s
  8250K .......... .......... .......... .......... .......... 53% 24.0M 1s
  8300K .......... .......... .......... .......... .......... 53% 5.47M 1s
  8350K .......... .......... .......... .......... .......... 53% 12.0M 1s
  8400K .......... .......... .......... .......... .......... 54% 14.1M 1s
  8450K .......... .......... .......... .......... .......... 54% 22.0M 1s
  8500K .......... .......... .......... .......... .......... 54% 12.8M 1s
  8550K .......... .......... .......... .......... .......... 55% 9.11M 1s
  8600K .......... .......... .......... .......... .......... 55% 12.2M 1s
  8650K .......... .......... .......... .......... .......... 55% 16.5M 1s
  8700K .......... .......... .......... .......... .......... 55% 6.89M 1s
  8750K .......... .......... .......... .......... .......... 56% 9.81M 1s
  8800K .......... .......... .......... .......... .......... 56% 41.3M 1s
  8850K .......... .......... .......... .......... .......... 56% 5.56M 1s
  8900K .......... .......... .......... .......... .......... 57%  389M 1s
  8950K .......... .......... .......... .......... .......... 57% 7.11M 1s
  9000K .......... .......... .......... .......... .......... 57%  337M 1s
  9050K .......... .......... .......... .......... .......... 58% 8.24M 1s
  9100K .......... .......... .......... .......... .......... 58%  497M 1s
  9150K .......... .......... .......... .......... .......... 58% 9.93M 1s
  9200K .......... .......... .......... .......... .......... 59% 12.2M 1s
  9250K .......... .......... .......... .......... .......... 59% 5.12M 1s
  9300K .......... .......... .......... .......... .......... 59% 21.6M 1s
  9350K .......... .......... .......... .......... .......... 60% 6.87M 1s
  9400K .......... .......... .......... .......... .......... 60%  369M 1s
  9450K .......... .......... .......... .......... .......... 60% 5.50M 1s
  9500K .......... .......... .......... .......... .......... 61% 5.41M 1s
  9550K .......... .......... .......... .......... .......... 61%  517M 1s
  9600K .......... .......... .......... .......... .......... 61% 6.16M 1s
  9650K .......... .......... .......... .......... .......... 62%  114M 1s
  9700K .......... .......... .......... .......... .......... 62% 7.40M 1s
  9750K .......... .......... .......... .......... .......... 62% 6.99M 1s
  9800K .......... .......... .......... .......... .......... 63%  453M 1s
  9850K .......... .......... .......... .......... .......... 63% 74.1M 1s
  9900K .......... .......... .......... .......... .......... 63% 7.40M 1s
  9950K .......... .......... .......... .......... .......... 63% 33.4M 1s
 10000K .......... .......... .......... .......... .......... 64% 3.44M 1s
 10050K .......... .......... .......... .......... .......... 64%  117M 1s
 10100K .......... .......... .......... .......... .......... 64% 7.49M 1s
 10150K .......... .......... .......... .......... .......... 65% 7.02M 1s
 10200K .......... .......... .......... .......... .......... 65%  370M 1s
 10250K .......... .......... .......... .......... .......... 65% 19.2M 1s
 10300K .......... .......... .......... .......... .......... 66% 11.2M 1s
 10350K .......... .......... .......... .......... .......... 66%  499M 1s
 10400K .......... .......... .......... .......... .......... 66% 7.02M 1s
 10450K .......... .......... .......... .......... .......... 67% 36.4M 1s
 10500K .......... .......... .......... .......... .......... 67% 8.70M 1s
 10550K .......... .......... .......... .......... .......... 67% 36.8M 1s
 10600K .......... .......... .......... .......... .......... 68% 10.3M 1s
 10650K .......... .......... .......... .......... .......... 68% 25.6M 1s
 10700K .......... .......... .......... .......... .......... 68% 6.95M 1s
 10750K .......... .......... .......... .......... .......... 69% 6.95M 1s
 10800K .......... .......... .......... .......... .......... 69% 8.18M 1s
 10850K .......... .......... .......... .......... .......... 69% 6.77M 1s
 10900K .......... .......... .......... .......... .......... 70% 26.1M 1s
 10950K .......... .......... .......... .......... .......... 70% 7.07M 1s
 11000K .......... .......... .......... .......... .......... 70% 6.92M 1s
 11050K .......... .......... .......... .......... .......... 71%  132M 1s
 11100K .......... .......... .......... .......... .......... 71% 20.3M 1s
 11150K .......... .......... .......... .......... .......... 71% 4.00M 1s
 11200K .......... .......... .......... .......... .......... 71% 20.9M 1s
 11250K .......... .......... .......... .......... .......... 72% 21.1M 1s
 11300K .......... .......... .......... .......... .......... 72% 5.24M 1s
 11350K .......... .......... .......... .......... .......... 72% 7.00M 1s
 11400K .......... .......... .......... .......... .......... 73%  465M 1s
 11450K .......... .......... .......... .......... .......... 73% 23.6M 1s
 11500K .......... .......... .......... .......... .......... 73% 22.4M 0s
 11550K .......... .......... .......... .......... .......... 74% 8.97M 0s
 11600K .......... .......... .......... .......... .......... 74% 7.85M 0s
 11650K .......... .......... .......... .......... .......... 74%  501M 0s
 11700K .......... .......... .......... .......... .......... 75% 8.26M 0s
 11750K .......... .......... .......... .......... .......... 75% 59.2M 0s
 11800K .......... .......... .......... .......... .......... 75% 6.81M 0s
 11850K .......... .......... .......... .......... .......... 76% 7.02M 0s
 11900K .......... .......... .......... .......... .......... 76%  496M 0s
 11950K .......... .......... .......... .......... .......... 76% 8.20M 0s
 12000K .......... .......... .......... .......... .......... 77% 35.3M 0s
 12050K .......... .......... .......... .......... .......... 77% 5.08M 0s
 12100K .......... .......... .......... .......... .......... 77%  289M 0s
 12150K .......... .......... .......... .......... .......... 78% 5.01M 0s
 12200K .......... .......... .......... .......... .......... 78%  335M 0s
 12250K .......... .......... .......... .......... .......... 78% 7.10M 0s
 12300K .......... .......... .......... .......... .......... 79%  475M 0s
 12350K .......... .......... .......... .......... .......... 79% 9.89M 0s
 12400K .......... .......... .......... .......... .......... 79% 24.9M 0s
 12450K .......... .......... .......... .......... .......... 79% 2.87M 0s
 12500K .......... .......... .......... .......... .......... 80% 8.89M 0s
 12550K .......... .......... .......... .......... .......... 80% 14.8M 0s
 12600K .......... .......... .......... .......... .......... 80% 5.25M 0s
 12650K .......... .......... .......... .......... .......... 81%  122M 0s
 12700K .......... .......... .......... .......... .......... 81% 5.13M 0s
 12750K .......... .......... .......... .......... .......... 81%  512M 0s
 12800K .......... .......... .......... .......... .......... 82% 19.3M 0s
 12850K .......... .......... .......... .......... .......... 82% 2.99M 0s
 12900K .......... .......... .......... .......... .......... 82%  404M 0s
 12950K .......... .......... .......... .......... .......... 83% 22.7M 0s
 13000K .......... .......... .......... .......... .......... 83% 5.52M 0s
 13050K .......... .......... .......... .......... .......... 83%  495M 0s
 13100K .......... .......... .......... .......... .......... 84% 4.51M 0s
 13150K .......... .......... .......... .......... .......... 84%  474M 0s
 13200K .......... .......... .......... .......... .......... 84%  434M 0s
 13250K .......... .......... .......... .......... .......... 85% 59.3M 0s
 13300K .......... .......... .......... .......... .......... 85% 5.41M 0s
 13350K .......... .......... .......... .......... .......... 85% 8.19M 0s
 13400K .......... .......... .......... .......... .......... 86%  463M 0s
 13450K .......... .......... .......... .......... .......... 86% 9.99M 0s
 13500K .......... .......... .......... .......... .......... 86%  484M 0s
 13550K .......... .......... .......... .......... .......... 87% 12.4M 0s
 13600K .......... .......... .......... .......... .......... 87% 9.33M 0s
 13650K .......... .......... .......... .......... .......... 87% 38.8M 0s
 13700K .......... .......... .......... .......... .......... 87% 11.8M 0s
 13750K .......... .......... .......... .......... .......... 88% 22.0M 0s
 13800K .......... .......... .......... .......... .......... 88% 11.7M 0s
 13850K .......... .......... .......... .......... .......... 88% 9.72M 0s
 13900K .......... .......... .......... .......... .......... 89%  511M 0s
 13950K .......... .......... .......... .......... .......... 89% 4.97M 0s
 14000K .......... .......... .......... .......... .......... 89% 34.8M 0s
 14050K .......... .......... .......... .......... .......... 90% 8.70M 0s
 14100K .......... .......... .......... .......... .......... 90%  491M 0s
 14150K .......... .......... .......... .......... .......... 90% 11.7M 0s
 14200K .......... .......... .......... .......... .......... 91% 25.7M 0s
 14250K .......... .......... .......... .......... .......... 91% 14.4M 0s
 14300K .......... .......... .......... .......... .......... 91% 8.86M 0s
 14350K .......... .......... .......... .......... .......... 92% 7.00M 0s
 14400K .......... .......... .......... .......... .......... 92% 5.29M 0s
 14450K .......... .......... .......... .......... .......... 92% 21.8M 0s
 14500K .......... .......... .......... .......... .......... 93% 24.2M 0s
 14550K .......... .......... .......... .......... .......... 93% 9.75M 0s
 14600K .......... .......... .......... .......... .......... 93% 3.52M 0s
 14650K .......... .......... .......... .......... .......... 94% 12.1M 0s
 14700K .......... .......... .......... .......... .......... 94% 7.14M 0s
 14750K .......... .......... .......... .......... .......... 94% 12.8M 0s
 14800K .......... .......... .......... .......... .......... 95% 23.0M 0s
 14850K .......... .......... .......... .......... .......... 95% 7.24M 0s
 14900K .......... .......... .......... .......... .......... 95% 23.4M 0s
 14950K .......... .......... .......... .......... .......... 95% 5.09M 0s
 15000K .......... .......... .......... .......... .......... 96% 9.28M 0s
 15050K .......... .......... .......... .......... .......... 96% 63.9M 0s
 15100K .......... .......... .......... .......... .......... 96% 13.9M 0s
 15150K .......... .......... .......... .......... .......... 97% 23.5M 0s
 15200K .......... .......... .......... .......... .......... 97% 3.47M 0s
 15250K .......... .......... .......... .......... .......... 97% 22.1M 0s
 15300K .......... .......... .......... .......... .......... 98% 12.8M 0s
 15350K .......... .......... .......... .......... .......... 98% 13.7M 0s
 15400K .......... .......... .......... .......... .......... 98% 15.5M 0s
 15450K .......... .......... .......... .......... .......... 99% 16.3M 0s
 15500K .......... .......... .......... .......... .......... 99% 6.48M 0s
 15550K .......... .......... .......... .......... .......... 99% 10.9M 0s
 15600K .......... .......... .....                           100% 68.0M=1.8s

2026-08-21 19:30:32 (8.64 MB/s) - ‘/home/deepak/task2/turtlebot3_ws/build/multirobot_map_merge/2012-01-28-11-12-01.pgm’ saved [16000058/16000058]

Checking MD5 sum of /home/deepak/task2/turtlebot3_ws/build/multirobot_map_merge/2012-01-28-11-12-01.pgm
/home/deepak/task2/turtlebot3_ws/build/multirobot_map_merge/2012-01-28-11-12-01.pgm: OK
-- Found gtest sources under '/opt/ros/humble/src/gtest_vendor': C++ tests using 'Google Test' will be built
-- Added test 'cppcheck' to perform static code analysis on C / C++ code
-- Configured cppcheck include dirs: /home/deepak/task2/turtlebot3_ws/src/m-explore-ros2/map_merge/include;$<BUILD_INTERFACE:/home/deepak/task2/turtlebot3_ws/src/m-explore-ros2/map_merge/include>
-- Configured cppcheck exclude dirs and/or files: 
-- Added test 'flake8' to check Python code syntax and style conventions
-- Added test 'lint_cmake' to check CMake code style
-- Added test 'pep257' to check Python code against some of the docstring style conventions in PEP 257
-- Added test 'uncrustify' to check C / C++ code style
-- Configured uncrustify additional arguments: 
-- Added test 'xmllint' to check XML markup files
-- Configuring done
-- Generating done
-- Build files have been written to: /home/deepak/task2/turtlebot3_ws/build/multirobot_map_merge
[  8%] [32mBuilding CXX object CMakeFiles/combine_grids.dir/src/combine_grids/grid_compositor.cpp.o[0m
[ 16%] [32mBuilding CXX object CMakeFiles/combine_grids.dir/src/combine_grids/grid_warper.cpp.o[0m
[ 25%] [32mBuilding CXX object CMakeFiles/combine_grids.dir/src/combine_grids/merging_pipeline.cpp.o[0m
[ 41%] [32mBuilding CXX object gtest/CMakeFiles/gtest_main.dir/src/gtest_main.cc.o[0m
[ 41%] [32mBuilding CXX object gtest/CMakeFiles/gtest.dir/src/gtest-all.cc.o[0m
[ 50%] [32m[1mLinking CXX static library libgtest_main.a[0m
[ 50%] Built target gtest_main
[ 58%] [32m[1mLinking CXX static library libgtest.a[0m
[ 58%] Built target gtest
[ 66%] [32m[1mLinking CXX static library libcombine_grids.a[0m
[ 66%] Built target combine_grids
[ 75%] [32mBuilding CXX object CMakeFiles/map_merge.dir/src/map_merge.cpp.o[0m
[ 83%] [32mBuilding CXX object CMakeFiles/test_merging_pipeline.dir/test/test_merging_pipeline.cpp.o[0m
[ 91%] [32m[1mLinking CXX executable test_merging_pipeline[0m
[ 91%] Built target test_merging_pipeline
[100%] [32m[1mLinking CXX executable map_merge[0m
[100%] Built target map_merge
-- Install configuration: ""
-- Installing: /home/deepak/task2/turtlebot3_ws/install/multirobot_map_merge/include/map_merge/
-- Installing: /home/deepak/task2/turtlebot3_ws/install/multirobot_map_merge/include/map_merge//ros1_names.hpp
-- Installing: /home/deepak/task2/turtlebot3_ws/install/multirobot_map_merge/include/map_merge//map_merge.h
-- Installing: /home/deepak/task2/turtlebot3_ws/install/multirobot_map_merge/share/multirobot_map_merge/launch
-- Installing: /home/deepak/task2/turtlebot3_ws/install/multirobot_map_merge/share/multirobot_map_merge/launch/map_merge.rviz
-- Installing: /home/deepak/task2/turtlebot3_ws/install/multirobot_map_merge/share/multirobot_map_merge/launch/map_merge.launch.py
-- Installing: /home/deepak/task2/turtlebot3_ws/install/multirobot_map_merge/share/multirobot_map_merge/launch/from_map_server.launch.py
-- Installing: /home/deepak/task2/turtlebot3_ws/install/multirobot_map_merge/share/multirobot_map_merge/launch/tb3_simulation
-- Installing: /home/deepak/task2/turtlebot3_ws/install/multirobot_map_merge/share/multirobot_map_merge/launch/tb3_simulation/tb3_simulation_launch.py
-- Installing: /home/deepak/task2/turtlebot3_ws/install/multirobot_map_merge/share/multirobot_map_merge/launch/tb3_simulation/slam_toolbox.py
-- Installing: /home/deepak/task2/turtlebot3_ws/install/multirobot_map_merge/share/multirobot_map_merge/launch/tb3_simulation/config
-- Installing: /home/deepak/task2/turtlebot3_ws/install/multirobot_map_merge/share/multirobot_map_merge/launch/tb3_simulation/config/nav2_multirobot_params_2.yaml
-- Installing: /home/deepak/task2/turtlebot3_ws/install/multirobot_map_merge/share/multirobot_map_merge/launch/tb3_simulation/config/nav2_multirobot_params_1.yaml
-- Installing: /home/deepak/task2/turtlebot3_ws/install/multirobot_map_merge/share/multirobot_map_merge/launch/tb3_simulation/bringup_launch.py
-- Installing: /home/deepak/task2/turtlebot3_ws/install/multirobot_map_merge/share/multirobot_map_merge/launch/tb3_simulation/multi_tb3_simulation_launch.py
-- Installing: /home/deepak/task2/turtlebot3_ws/install/multirobot_map_merge/share/multirobot_map_merge/launch/tb3_simulation/worlds
-- Installing: /home/deepak/task2/turtlebot3_ws/install/multirobot_map_merge/share/multirobot_map_merge/launch/tb3_simulation/worlds/world_only.model
-- Installing: /home/deepak/task2/turtlebot3_ws/install/multirobot_map_merge/share/multirobot_map_merge/config
-- Installing: /home/deepak/task2/turtlebot3_ws/install/multirobot_map_merge/share/multirobot_map_merge/config/params.yaml
-- Installing: /home/deepak/task2/turtlebot3_ws/install/multirobot_map_merge/lib/libcombine_grids.a
-- Installing: /home/deepak/task2/turtlebot3_ws/install/multirobot_map_merge/lib/multirobot_map_merge/map_merge
-- Set runtime path of "/home/deepak/task2/turtlebot3_ws/install/multirobot_map_merge/lib/multirobot_map_merge/map_merge" to ""
-- Installing: /home/deepak/task2/turtlebot3_ws/install/multirobot_map_merge/share/multirobot_map_merge/environment/library_path.sh
-- Installing: /home/deepak/task2/turtlebot3_ws/install/multirobot_map_merge/share/multirobot_map_merge/environment/library_path.dsv
-- Installing: /home/deepak/task2/turtlebot3_ws/install/multirobot_map_merge/share/ament_index/resource_index/package_run_dependencies/multirobot_map_merge
-- Installing: /home/deepak/task2/turtlebot3_ws/install/multirobot_map_merge/share/ament_index/resource_index/parent_prefix_path/multirobot_map_merge
-- Installing: /home/deepak/task2/turtlebot3_ws/install/multirobot_map_merge/share/multirobot_map_merge/environment/ament_prefix_path.sh
-- Installing: /home/deepak/task2/turtlebot3_ws/install/multirobot_map_merge/share/multirobot_map_merge/environment/ament_prefix_path.dsv
-- Installing: /home/deepak/task2/turtlebot3_ws/install/multirobot_map_merge/share/multirobot_map_merge/environment/path.sh
-- Installing: /home/deepak/task2/turtlebot3_ws/install/multirobot_map_merge/share/multirobot_map_merge/environment/path.dsv
-- Installing: /home/deepak/task2/turtlebot3_ws/install/multirobot_map_merge/share/multirobot_map_merge/local_setup.bash
-- Installing: /home/deepak/task2/turtlebot3_ws/install/multirobot_map_merge/share/multirobot_map_merge/local_setup.sh
-- Installing: /home/deepak/task2/turtlebot3_ws/install/multirobot_map_merge/share/multirobot_map_merge/local_setup.zsh
-- Installing: /home/deepak/task2/turtlebot3_ws/install/multirobot_map_merge/share/multirobot_map_merge/local_setup.dsv
-- Installing: /home/deepak/task2/turtlebot3_ws/install/multirobot_map_merge/share/multirobot_map_merge/package.dsv
-- Installing: /home/deepak/task2/turtlebot3_ws/install/multirobot_map_merge/share/ament_index/resource_index/packages/multirobot_map_merge
-- Installing: /home/deepak/task2/turtlebot3_ws/install/multirobot_map_merge/share/multirobot_map_merge/cmake/ament_cmake_export_include_directories-extras.cmake
-- Installing: /home/deepak/task2/turtlebot3_ws/install/multirobot_map_merge/share/multirobot_map_merge/cmake/ament_cmake_export_libraries-extras.cmake
-- Installing: /home/deepak/task2/turtlebot3_ws/install/multirobot_map_merge/share/multirobot_map_merge/cmake/multirobot_map_mergeConfig.cmake
-- Installing: /home/deepak/task2/turtlebot3_ws/install/multirobot_map_merge/share/multirobot_map_merge/cmake/multirobot_map_mergeConfig-version.cmake
-- Installing: /home/deepak/task2/turtlebot3_ws/install/multirobot_map_merge/share/multirobot_map_merge/package.xml
