[0.212s] Invoking command in '/home/deepak/task2/turtlebot3_ws/build/multirobot_map_merge': CMAKE_PREFIX_PATH=${CMAKE_PREFIX_PATH}:/home/deepak/moveit_ws/install/moveit_configs_utils:/opt/ros/humble /usr/bin/cmake /home/deepak/task2/turtlebot3_ws/src/m-explore-ros2/map_merge -DCMAKE_INSTALL_PREFIX=/home/deepak/task2/turtlebot3_ws/install/multirobot_map_merge
[0.255s] -- The C compiler identification is GNU 11.4.0
[0.294s] -- The CXX compiler identification is GNU 11.4.0
[0.300s] -- Detecting C compiler ABI info
[0.367s] -- Detecting C compiler ABI info - done
[0.371s] -- Check for working C compiler: /usr/bin/cc - skipped
[0.371s] -- Detecting C compile features
[0.371s] -- Detecting C compile features - done
[0.373s] -- Detecting CXX compiler ABI info
[0.445s] -- Detecting CXX compiler ABI info - done
[0.452s] -- Check for working CXX compiler: /usr/bin/c++ - skipped
[0.452s] -- Detecting CXX compile features
[0.452s] -- Detecting CXX compile features - done
[0.460s] -- Found ament_cmake: 1.3.14 (/opt/ros/humble/share/ament_cmake/cmake)
[0.618s] -- Found Python3: /usr/bin/python3 (found version "3.10.12") found components: Interpreter 
[0.727s] -- Found rclcpp: 16.0.19 (/opt/ros/humble/share/rclcpp/cmake)
[0.787s] -- Found rosidl_generator_c: 3.1.9 (/opt/ros/humble/share/rosidl_generator_c/cmake)
[0.797s] -- Found rosidl_adapter: 3.1.9 (/opt/ros/humble/share/rosidl_adapter/cmake)
[0.814s] -- Found rosidl_generator_cpp: 3.1.9 (/opt/ros/humble/share/rosidl_generator_cpp/cmake)
[0.837s] -- Using all available rosidl_typesupport_c: rosidl_typesupport_fastrtps_c;rosidl_typesupport_introspection_c
[0.866s] -- Using all available rosidl_typesupport_cpp: rosidl_typesupport_fastrtps_cpp;rosidl_typesupport_introspection_cpp
[0.960s] -- Found rmw_implementation_cmake: 6.1.2 (/opt/ros/humble/share/rmw_implementation_cmake/cmake)
[0.970s] -- Found rmw_cyclonedds_cpp: 1.3.4 (/opt/ros/humble/share/rmw_cyclonedds_cpp/cmake)
[1.027s] -- Using RMW implementation 'rmw_cyclonedds_cpp' as default
[1.046s] -- Looking for pthread.h
[1.131s] -- Looking for pthread.h - found
[1.131s] -- Performing Test CMAKE_HAVE_LIBC_PTHREAD
[1.200s] -- Performing Test CMAKE_HAVE_LIBC_PTHREAD - Success
[1.201s] -- Found Threads: TRUE  
[1.249s] -- Found geometry_msgs: 4.9.1 (/opt/ros/humble/share/geometry_msgs/cmake)
[1.260s] -- Found image_geometry: 3.2.1 (/opt/ros/humble/share/image_geometry/cmake)
[1.290s] -- Found map_msgs: 2.1.0 (/opt/ros/humble/share/map_msgs/cmake)
[1.326s] -- Found tf2_geometry_msgs: 0.25.20 (/opt/ros/humble/share/tf2_geometry_msgs/cmake)
[1.351s] -- Found eigen3_cmake_module: 0.1.1 (/opt/ros/humble/share/eigen3_cmake_module/cmake)
[1.352s] -- Found Eigen3: TRUE (found version "3.4.0") 
[1.352s] -- Ensuring Eigen3 include directory is part of orocos-kdl CMake target
[1.465s] -- Found Boost: /usr/lib/x86_64-linux-gnu/cmake/Boost-1.74.0/BoostConfig.cmake (found version "1.74.0") found components: thread 
[1.468s] -- Found OpenCV: /usr (found version "4.5.4") 
[1.496s] -- Found ament_lint_auto: 0.12.15 (/opt/ros/humble/share/ament_lint_auto/cmake)
[1.591s] -- Found ament_cmake_gtest: 1.3.14 (/opt/ros/humble/share/ament_cmake_gtest/cmake)
[1.597s] --2026-08-21 19:30:22--  https://raw.githubusercontent.com/hrnr/m-explore-extra/master/map_merge/hector_maps/map00.pgm
[1.598s] Resolving raw.githubusercontent.com (raw.githubusercontent.com)... 185.199.108.133, 185.199.109.133, 185.199.111.133, ...
[1.657s] Connecting to raw.githubusercontent.com (raw.githubusercontent.com)|185.199.108.133|:443... connected.
[2.440s] HTTP request sent, awaiting response... 200 OK
[2.440s] Length: 4194362 (4.0M) [application/octet-stream]
[2.440s] Saving to: ‘/home/deepak/task2/turtlebot3_ws/build/multirobot_map_merge/map00.pgm’
[2.440s] 
[2.502s]      0K .......... .......... .......... .......... ..........  1%  762K 5s
[2.565s]     50K .......... .......... .......... .......... ..........  2%  797K 5s
[2.581s]    100K .......... .......... .......... .......... ..........  3% 3.01M 4s
[2.620s]    150K .......... .......... .......... .......... ..........  4% 1.25M 4s
[2.627s]    200K .......... .......... .......... .......... ..........  6% 6.59M 3s
[2.639s]    250K .......... .......... .......... .......... ..........  7% 4.31M 3s
[2.649s]    300K .......... .......... .......... .......... ..........  8% 5.54M 2s
[2.665s]    350K .......... .......... .......... .......... ..........  9% 2.83M 2s
[2.679s]    400K .......... .......... .......... .......... .......... 10% 3.45M 2s
[2.687s]    450K .......... .......... .......... .......... .......... 12% 5.94M 2s
[2.692s]    500K .......... .......... .......... .......... .......... 13% 10.3M 2s
[2.698s]    550K .......... .......... .......... .......... .......... 14% 8.31M 2s
[2.702s]    600K .......... .......... .......... .......... .......... 15% 11.3M 1s
[2.705s]    650K .......... .......... .......... .......... .......... 17% 15.1M 1s
[2.715s]    700K .......... .......... .......... .......... .......... 18% 6.91M 1s
[2.720s]    750K .......... .......... .......... .......... .......... 19% 6.63M 1s
[2.728s]    800K .......... .......... .......... .......... .......... 20% 5.80M 1s
[2.741s]    850K .......... .......... .......... .......... .......... 21% 3.87M 1s
[2.743s]    900K .......... .......... .......... .......... .......... 23% 24.2M 1s
[2.747s]    950K .......... .......... .......... .......... .......... 24% 11.7M 1s
[2.751s]   1000K .......... .......... .......... .......... .......... 25% 11.8M 1s
[2.755s]   1050K .......... .......... .......... .......... .......... 26% 12.1M 1s
[2.764s]   1100K .......... .......... .......... .......... .......... 28% 24.4M 1s
[2.766s]   1150K .......... .......... .......... .......... .......... 29% 5.78M 1s
[2.768s]   1200K .......... .......... .......... .......... .......... 30% 23.3M 1s
[2.774s]   1250K .......... .......... .......... .......... .......... 31% 7.83M 1s
[2.776s]   1300K .......... .......... .......... .......... .......... 32% 23.6M 1s
[2.784s]   1350K .......... .......... .......... .......... .......... 34% 6.61M 1s
[2.785s]   1400K .......... .......... .......... .......... .......... 35% 23.7M 1s
[2.787s]   1450K .......... .......... .......... .......... .......... 36% 24.2M 1s
[2.793s]   1500K .......... .......... .......... .......... .......... 37% 8.31M 1s
[2.797s]   1550K .......... .......... .......... .......... .......... 39% 12.1M 1s
[2.799s]   1600K .......... .......... .......... .......... .......... 40% 24.0M 1s
[2.807s]   1650K .......... .......... .......... .......... .......... 41% 6.13M 1s
[2.809s]   1700K .......... .......... .......... .......... .......... 42% 24.3M 1s
[2.811s]   1750K .......... .......... .......... .......... .......... 43% 23.1M 0s
[2.821s]   1800K .......... .......... .......... .......... .......... 45% 5.40M 0s
[2.823s]   1850K .......... .......... .......... .......... .......... 46% 23.9M 0s
[2.831s]   1900K .......... .......... .......... .......... .......... 47% 9.27M 0s
[2.831s]   1950K .......... .......... .......... .......... .......... 48% 16.6M 0s
[2.834s]   2000K .......... .......... .......... .......... .......... 50% 22.1M 0s
[2.838s]   2050K .......... .......... .......... .......... .......... 51% 11.0M 0s
[2.848s]   2100K .......... .......... .......... .......... .......... 52% 4.79M 0s
[2.850s]   2150K .......... .......... .......... .......... .......... 53% 22.6M 0s
[2.855s]   2200K .......... .......... .......... .......... .......... 54% 8.85M 0s
[2.857s]   2250K .......... .......... .......... .......... .......... 56% 25.9M 0s
[2.863s]   2300K .......... .......... .......... .......... .......... 57% 12.2M 0s
[2.878s]   2350K .......... .......... .......... .......... .......... 58% 3.96M 0s
[2.878s]   2400K .......... .......... .......... .......... .......... 59% 25.4M 0s
[2.887s]   2450K .......... .......... .......... .......... .......... 61% 4.42M 0s
[2.888s]   2500K .......... .......... .......... .......... .......... 62% 24.7M 0s
[2.893s]   2550K .......... .......... .......... .......... .......... 63% 12.2M 0s
[2.896s]   2600K .......... .......... .......... .......... .......... 64% 12.4M 0s
[2.898s]   2650K .......... .......... .......... .......... .......... 65% 23.6M 0s
[2.904s]   2700K .......... .......... .......... .......... .......... 67% 14.7M 0s
[2.906s]   2750K .......... .......... .......... .......... .......... 68% 12.2M 0s
[2.911s]   2800K .......... .......... .......... .......... .......... 69% 8.76M 0s
[2.913s]   2850K .......... .......... .......... .......... .......... 70% 23.6M 0s
[2.917s]   2900K .......... .......... .......... .......... .......... 72% 12.4M 0s
[2.925s]   2950K .......... .......... .......... .......... .......... 73% 6.25M 0s
[2.928s]   3000K .......... .......... .......... .......... .......... 74% 24.6M 0s
[2.934s]   3050K .......... .......... .......... .......... .......... 75% 12.3M 0s
[2.946s]   3100K .......... .......... .......... .......... .......... 76% 15.8M 0s
[2.948s]   3150K .......... .......... .......... .......... .......... 78% 3.44M 0s
[2.953s]   3200K .......... .......... .......... .......... .......... 79% 12.3M 0s
[2.955s]   3250K .......... .......... .......... .......... .......... 80% 17.4M 0s
[2.957s]   3300K .......... .......... .......... .......... .......... 81% 23.2M 0s
[2.963s]   3350K .......... .......... .......... .......... .......... 83% 8.78M 0s
[2.968s]   3400K .......... .......... .......... .......... .......... 84% 9.25M 0s
[2.972s]   3450K .......... .......... .......... .......... .......... 85% 12.4M 0s
[2.977s]   3500K .......... .......... .......... .......... .......... 86% 23.5M 0s
[2.981s]   3550K .......... .......... .......... .......... .......... 87% 7.46M 0s
[2.983s]   3600K .......... .......... .......... .......... .......... 89% 23.9M 0s
[2.987s]   3650K .......... .......... .......... .......... .......... 90% 12.3M 0s
[2.991s]   3700K .......... .......... .......... .......... .......... 91% 12.7M 0s
[2.995s]   3750K .......... .......... .......... .......... .......... 92% 12.2M 0s
[2.997s]   3800K .......... .......... .......... .......... .......... 93% 23.2M 0s
[3.000s]   3850K .......... .......... .......... .......... .......... 95% 16.4M 0s
[3.004s]   3900K .......... .......... .......... .......... .......... 96% 12.3M 0s
[3.008s]   3950K .......... .......... .......... .......... .......... 97% 11.5M 0s
[3.010s]   4000K .......... .......... .......... .......... .......... 98% 23.3M 0s
[3.011s]   4050K .......... .......... .......... .......... ......    100% 30.4M=0.6s
[3.011s] 
[3.012s] 2026-08-21 19:30:24 (6.96 MB/s) - ‘/home/deepak/task2/turtlebot3_ws/build/multirobot_map_merge/map00.pgm’ saved [4194362/4194362]
[3.012s] 
[3.012s] Checking MD5 sum of /home/deepak/task2/turtlebot3_ws/build/multirobot_map_merge/map00.pgm
[3.021s] /home/deepak/task2/turtlebot3_ws/build/multirobot_map_merge/map00.pgm: OK
[3.028s] --2026-08-21 19:30:24--  https://raw.githubusercontent.com/hrnr/m-explore-extra/master/map_merge/hector_maps/map05.pgm
[3.031s] Resolving raw.githubusercontent.com (raw.githubusercontent.com)... 185.199.111.133, 185.199.108.133, 185.199.109.133, ...
[3.082s] Connecting to raw.githubusercontent.com (raw.githubusercontent.com)|185.199.111.133|:443... connected.
[3.782s] HTTP request sent, awaiting response... 200 OK
[3.782s] Length: 4194362 (4.0M) [application/octet-stream]
[3.782s] Saving to: ‘/home/deepak/task2/turtlebot3_ws/build/multirobot_map_merge/map05.pgm’
[3.782s] 
[3.840s]      0K .......... .......... .......... .......... ..........  1%  823K 5s
[3.893s]     50K .......... .......... .......... .......... ..........  2%  947K 5s
[3.906s]    100K .......... .......... .......... .......... ..........  3% 3.63M 3s
[3.941s]    150K .......... .......... .......... .......... ..........  4% 1.39M 3s
[3.952s]    200K .......... .......... .......... .......... ..........  6% 4.65M 3s
[3.963s]    250K .......... .......... .......... .......... ..........  7% 5.98M 2s
[3.986s]    300K .......... .......... .......... .......... ..........  8% 1.85M 2s
[3.996s]    350K .......... .......... .......... .......... ..........  9% 6.54M 2s
[4.000s]    400K .......... .......... .......... .......... .......... 10% 7.72M 2s
[4.009s]    450K .......... .......... .......... .......... .......... 12% 5.41M 2s
[4.013s]    500K .......... .......... .......... .......... .......... 13% 29.3M 1s
[4.015s]    550K .......... .......... .......... .......... .......... 14% 10.0M 1s
[4.018s]    600K .......... .......... .......... .......... .......... 15% 18.6M 1s
[4.024s]    650K .......... .......... .......... .......... .......... 17% 7.99M 1s
[4.040s]    700K .......... .......... .......... .......... .......... 18% 3.33M 1s
[4.083s]    750K .......... .......... .......... .......... .......... 19% 1.12M 1s
[4.087s]    800K .......... .......... .......... .......... .......... 20% 12.3M 1s
[4.093s]    850K .......... .......... .......... .......... .......... 21% 8.32M 1s
[4.096s]    900K .......... .......... .......... .......... .......... 23% 21.3M 1s
[4.103s]    950K .......... .......... .......... .......... .......... 24% 7.02M 1s
[4.104s]   1000K .......... .......... .......... .......... .......... 25% 22.1M 1s
[4.108s]   1050K .......... .......... .......... .......... .......... 26% 12.6M 1s
[4.113s]   1100K .......... .......... .......... .......... .......... 28% 9.96M 1s
[4.115s]   1150K .......... .......... .......... .......... .......... 29% 24.9M 1s
[4.120s]   1200K .......... .......... .......... .......... .......... 30% 14.6M 1s
[4.125s]   1250K .......... .......... .......... .......... .......... 31% 7.03M 1s
[4.125s]   1300K .......... .......... .......... .......... .......... 32%  344M 1s
[4.129s]   1350K .......... .......... .......... .......... .......... 34% 12.2M 1s
[4.133s]   1400K .......... .......... .......... .......... .......... 35% 13.2M 1s
[4.141s]   1450K .......... .......... .......... .......... .......... 36% 5.84M 1s
[4.142s]   1500K .......... .......... .......... .......... .......... 37%  275M 1s
[4.147s]   1550K .......... .......... .......... .......... .......... 39% 25.0M 1s
[4.149s]   1600K .......... .......... .......... .......... .......... 40% 8.67M 1s
[4.151s]   1650K .......... .......... .......... .......... .......... 41% 31.2M 1s
[4.154s]   1700K .......... .......... .......... .......... .......... 42% 14.1M 1s
[4.158s]   1750K .......... .......... .......... .......... .......... 43% 18.7M 0s
[4.160s]   1800K .......... .......... .......... .......... .......... 45% 14.4M 0s
[4.164s]   1850K .......... .......... .......... .......... .......... 46% 12.5M 0s
[4.166s]   1900K .......... .......... .......... .......... .......... 47% 22.2M 0s
[4.172s]   1950K .......... .......... .......... .......... .......... 48% 8.93M 0s
[4.174s]   2000K .......... .......... .......... .......... .......... 50% 22.9M 0s
[4.178s]   2050K .......... .......... .......... .......... .......... 51% 10.2M 0s
[4.180s]   2100K .......... .......... .......... .......... .......... 52% 25.1M 0s
[4.188s]   2150K .......... .......... .......... .......... .......... 53% 11.9M 0s
[4.192s]   2200K .......... .......... .......... .......... .......... 54% 9.64M 0s
[4.194s]   2250K .......... .......... .......... .......... .......... 56% 12.4M 0s
[4.196s]   2300K .......... .......... .......... .......... .......... 57% 21.5M 0s
[4.202s]   2350K .......... .......... .......... .......... .......... 58% 8.29M 0s
[4.205s]   2400K .......... .......... .......... .......... .......... 59% 14.9M 0s
[4.229s]   2450K .......... .......... .......... .......... .......... 61% 2.05M 0s
[4.231s]   2500K .......... .......... .......... .......... .......... 62% 21.2M 0s
[4.235s]   2550K .......... .......... .......... .......... .......... 63% 24.4M 0s
[4.241s]   2600K .......... .......... .......... .......... .......... 64% 6.08M 0s
[4.245s]   2650K .......... .......... .......... .......... .......... 65% 12.9M 0s
[4.248s]   2700K .......... .......... .......... .......... .......... 67% 20.7M 0s
[4.253s]   2750K .......... .......... .......... .......... .......... 68% 8.43M 0s
[4.257s]   2800K .......... .......... .......... .......... .......... 69% 21.5M 0s
[4.258s]   2850K .......... .......... .......... .......... .......... 70% 21.5M 0s
[4.266s]   2900K .......... .......... .......... .......... .......... 72% 6.13M 0s
[4.268s]   2950K .......... .......... .......... .......... .......... 73% 24.2M 0s
[4.274s]   3000K .......... .......... .......... .......... .......... 74% 7.43M 0s
[4.281s]   3050K .......... .......... .......... .......... .......... 75% 12.3M 0s
[4.281s]   3100K .......... .......... .......... .......... .......... 76% 16.6M 0s
[4.329s]   3150K .......... .......... .......... .......... .......... 78% 1.03M 0s
[4.333s]   3200K .......... .......... .......... .......... .......... 79% 11.9M 0s
[4.337s]   3250K .......... .......... .......... .......... .......... 80% 10.2M 0s
[4.339s]   3300K .......... .......... .......... .......... .......... 81% 24.3M 0s
[4.341s]   3350K .......... .......... .......... .......... .......... 83% 24.0M 0s
[4.347s]   3400K .......... .......... .......... .......... .......... 84% 8.91M 0s
[4.351s]   3450K .......... .......... .......... .......... .......... 85% 12.1M 0s
[4.353s]   3500K .......... .......... .......... .......... .......... 86% 23.7M 0s
[4.360s]   3550K .......... .......... .......... .......... .......... 87% 6.90M 0s
[4.362s]   3600K .......... .......... .......... .......... .......... 89% 23.1M 0s
[4.368s]   3650K .......... .......... .......... .......... .......... 90% 8.69M 0s
[4.370s]   3700K .......... .......... .......... .......... .......... 91% 19.3M 0s
[4.375s]   3750K .......... .......... .......... .......... .......... 92% 10.8M 0s
[4.377s]   3800K .......... .......... .......... .......... .......... 93% 23.8M 0s
[4.381s]   3850K .......... .......... .......... .......... .......... 95% 12.4M 0s
[4.386s]   3900K .......... .......... .......... .......... .......... 96% 9.45M 0s
[4.388s]   3950K .......... .......... .......... .......... .......... 97% 23.7M 0s
[4.400s]   4000K .......... .......... .......... .......... .......... 98% 4.25M 0s
[4.400s]   4050K .......... .......... .......... .......... ......    100%  248M=0.6s
[4.400s] 
[4.400s] 2026-08-21 19:30:25 (6.44 MB/s) - ‘/home/deepak/task2/turtlebot3_ws/build/multirobot_map_merge/map05.pgm’ saved [4194362/4194362]
[4.400s] 
[4.401s] Checking MD5 sum of /home/deepak/task2/turtlebot3_ws/build/multirobot_map_merge/map05.pgm
[4.410s] /home/deepak/task2/turtlebot3_ws/build/multirobot_map_merge/map05.pgm: OK
[4.417s] --2026-08-21 19:30:25--  https://raw.githubusercontent.com/hrnr/m-explore-extra/master/map_merge/gmapping_maps/2011-08-09-12-22-52.pgm
[4.420s] Resolving raw.githubusercontent.com (raw.githubusercontent.com)... 185.199.110.133, 185.199.108.133, 185.199.111.133, ...
[4.479s] Connecting to raw.githubusercontent.com (raw.githubusercontent.com)|185.199.110.133|:443... connected.
[6.024s] HTTP request sent, awaiting response... 200 OK
[6.024s] Length: 16000058 (15M) [application/octet-stream]
[6.024s] Saving to: ‘/home/deepak/task2/turtlebot3_ws/build/multirobot_map_merge/2011-08-09-12-22-52.pgm’
[6.024s] 
[6.091s]      0K .......... .......... .......... .......... ..........  0%  750K 21s
[6.152s]     50K .......... .......... .......... .......... ..........  0%  822K 20s
[6.164s]    100K .......... .......... .......... .......... ..........  0% 4.02M 14s
[6.202s]    150K .......... .......... .......... .......... ..........  1% 1.29M 14s
[6.211s]    200K .......... .......... .......... .......... ..........  1% 5.46M 11s
[6.225s]    250K .......... .......... .......... .......... ..........  1% 3.36M 10s
[6.228s]    300K .......... .......... .......... .......... ..........  2% 14.6M 9s
[6.256s]    350K .......... .......... .......... .......... ..........  2% 8.36M 8s
[6.260s]    400K .......... .......... .......... .......... ..........  2% 1.86M 8s
[6.266s]    450K .......... .......... .......... .......... ..........  3% 8.08M 7s
[6.272s]    500K .......... .......... .......... .......... ..........  3% 9.79M 7s
[6.288s]    550K .......... .......... .......... .......... ..........  3% 3.03M 7s
[6.290s]    600K .......... .......... .......... .......... ..........  4% 25.9M 6s
[6.296s]    650K .......... .......... .......... .......... ..........  4% 7.38M 6s
[6.298s]    700K .......... .......... .......... .......... ..........  4% 23.9M 5s
[6.302s]    750K .......... .......... .......... .......... ..........  5% 25.3M 5s
[6.315s]    800K .......... .......... .......... .......... ..........  5% 3.35M 5s
[6.326s]    850K .......... .......... .......... .......... ..........  5% 4.35M 5s
[6.330s]    900K .......... .......... .......... .......... ..........  6% 12.4M 5s
[6.332s]    950K .......... .......... .......... .......... ..........  6% 24.0M 5s
[6.342s]   1000K .......... .......... .......... .......... ..........  6% 4.79M 4s
[6.344s]   1050K .......... .......... .......... .......... ..........  7% 24.1M 4s
[6.354s]   1100K .......... .......... .......... .......... ..........  7% 4.90M 4s
[6.356s]   1150K .......... .......... .......... .......... ..........  7% 24.1M 4s
[6.360s]   1200K .......... .......... .......... .......... ..........  7% 12.4M 4s
[6.363s]   1250K .......... .......... .......... .......... ..........  8% 15.0M 4s
[6.367s]   1300K .......... .......... .......... .......... ..........  8% 12.3M 4s
[6.369s]   1350K .......... .......... .......... .......... ..........  8% 23.7M 4s
[6.379s]   1400K .......... .......... .......... .......... ..........  9% 5.29M 3s
[6.381s]   1450K .......... .......... .......... .......... ..........  9% 23.4M 3s
[6.382s]   1500K .......... .......... .......... .......... ..........  9% 24.3M 3s
[6.387s]   1550K .......... .......... .......... .......... .......... 10% 11.1M 3s
[6.391s]   1600K .......... .......... .......... .......... .......... 10% 12.1M 3s
[6.393s]   1650K .......... .......... .......... .......... .......... 10% 24.1M 3s
[6.402s]   1700K .......... .......... .......... .......... .......... 11% 5.69M 3s
[6.464s]   1750K .......... .......... .......... .......... .......... 11%  799K 3s
[6.468s]   1800K .......... .......... .......... .......... .......... 11% 12.0M 3s
[6.470s]   1850K .......... .......... .......... .......... .......... 12% 25.2M 3s
[6.474s]   1900K .......... .......... .......... .......... .......... 12% 13.4M 3s
[6.478s]   1950K .......... .......... .......... .......... .......... 12% 12.3M 3s
[6.486s]   2000K .......... .......... .......... .......... .......... 13% 5.72M 3s
[6.490s]   2050K .......... .......... .......... .......... .......... 13% 12.2M 3s
[6.492s]   2100K .......... .......... .......... .......... .......... 13% 24.1M 3s
[6.496s]   2150K .......... .......... .......... .......... .......... 14% 12.4M 3s
[6.500s]   2200K .......... .......... .......... .......... .......... 14% 13.9M 3s
[6.507s]   2250K .......... .......... .......... .......... .......... 14% 6.81M 3s
[6.509s]   2300K .......... .......... .......... .......... .......... 15% 24.1M 3s
[6.517s]   2350K .......... .......... .......... .......... .......... 15% 6.10M 3s
[6.519s]   2400K .......... .......... .......... .......... .......... 15% 24.8M 3s
[6.525s]   2450K .......... .......... .......... .......... .......... 15% 7.64M 3s
[6.529s]   2500K .......... .......... .......... .......... .......... 16% 12.3M 3s
[6.531s]   2550K .......... .......... .......... .......... .......... 16% 24.6M 3s
[6.543s]   2600K .......... .......... .......... .......... .......... 16% 4.36M 3s
[6.546s]   2650K .......... .......... .......... .......... .......... 17% 12.3M 3s
[6.548s]   2700K .......... .......... .......... .......... .......... 17% 23.9M 2s
[6.556s]   2750K .......... .......... .......... .......... .......... 17% 9.39M 2s
[6.558s]   2800K .......... .......... .......... .......... .......... 18% 12.3M 2s
[6.564s]   2850K .......... .......... .......... .......... .......... 18% 7.78M 2s
[6.566s]   2900K .......... .......... .......... .......... .......... 18% 23.9M 2s
[6.570s]   2950K .......... .......... .......... .......... .......... 19% 12.3M 2s
[6.575s]   3000K .......... .......... .......... .......... .......... 19% 10.6M 2s
[6.577s]   3050K .......... .......... .......... .......... .......... 19% 22.9M 2s
[6.581s]   3100K .......... .......... .......... .......... .......... 20% 12.2M 2s
[6.589s]   3150K .......... .......... .......... .......... .......... 20% 11.8M 2s
[6.589s]   3200K .......... .......... .......... .......... .......... 20% 11.7M 2s
[6.596s]   3250K .......... .......... .......... .......... .......... 21% 7.31M 2s
[6.598s]   3300K .......... .......... .......... .......... .......... 21% 23.3M 2s
[6.602s]   3350K .......... .......... .......... .......... .......... 21% 12.0M 2s
[6.607s]   3400K .......... .......... .......... .......... .......... 22% 9.10M 2s
[6.613s]   3450K .......... .......... .......... .......... .......... 22% 9.32M 2s
[6.615s]   3500K .......... .......... .......... .......... .......... 22% 23.5M 2s
[6.621s]   3550K .......... .......... .......... .......... .......... 23% 24.2M 2s
[6.623s]   3600K .......... .......... .......... .......... .......... 23% 7.87M 2s
[6.637s]   3650K .......... .......... .......... .......... .......... 23% 3.46M 2s
[6.641s]   3700K .......... .......... .......... .......... .......... 23% 12.6M 2s
[6.643s]   3750K .......... .......... .......... .......... .......... 24% 24.3M 2s
[6.648s]   3800K .......... .......... .......... .......... .......... 24% 8.49M 2s
[6.652s]   3850K .......... .......... .......... .......... .......... 24% 12.4M 2s
[6.655s]   3900K .......... .......... .......... .......... .......... 25% 23.0M 2s
[6.663s]   3950K .......... .......... .......... .......... .......... 25% 5.65M 2s
[6.667s]   4000K .......... .......... .......... .......... .......... 25% 12.1M 2s
[6.671s]   4050K .......... .......... .......... .......... .......... 26% 14.8M 2s
[6.673s]   4100K .......... .......... .......... .......... .......... 26% 23.7M 2s
[6.684s]   4150K .......... .......... .......... .......... .......... 26% 4.48M 2s
[6.684s]   4200K .......... .......... .......... .......... .......... 27%  473M 2s
[6.688s]   4250K .......... .......... .......... .......... .......... 27% 12.3M 2s
[6.693s]   4300K .......... .......... .......... .......... .......... 27% 9.55M 2s
[6.697s]   4350K .......... .......... .......... .......... .......... 28% 12.5M 2s
[6.699s]   4400K .......... .......... .......... .......... .......... 28% 23.7M 2s
[6.704s]   4450K .......... .......... .......... .......... .......... 28% 9.09M 2s
[6.706s]   4500K .......... .......... .......... .......... .......... 29% 23.8M 2s
[6.711s]   4550K .......... .......... .......... .......... .......... 29% 9.55M 2s
[6.713s]   4600K .......... .......... .......... .......... .......... 29% 22.8M 2s
[6.717s]   4650K .......... .......... .......... .......... .......... 30% 12.2M 2s
[6.721s]   4700K .......... .......... .......... .......... .......... 30% 14.4M 2s
[6.731s]   4750K .......... .......... .......... .......... .......... 30% 9.15M 2s
[6.733s]   4800K .......... .......... .......... .......... .......... 31% 7.34M 2s
[6.735s]   4850K .......... .......... .......... .......... .......... 31% 23.6M 2s
[6.741s]   4900K .......... .......... .......... .......... .......... 31% 7.31M 2s
[6.748s]   4950K .......... .......... .......... .......... .......... 31% 7.22M 2s
[6.752s]   5000K .......... .......... .......... .......... .......... 32% 12.3M 2s
[6.754s]   5050K .......... .......... .......... .......... .......... 32% 23.8M 2s
[6.757s]   5100K .......... .......... .......... .......... .......... 32% 20.5M 1s
[6.761s]   5150K .......... .......... .......... .......... .......... 33% 12.2M 1s
[6.768s]   5200K .......... .......... .......... .......... .......... 33% 6.63M 1s
[6.770s]   5250K .......... .......... .......... .......... .......... 33% 23.4M 1s
[6.774s]   5300K .......... .......... .......... .......... .......... 34% 12.4M 1s
[6.778s]   5350K .......... .......... .......... .......... .......... 34% 12.4M 1s
[6.785s]   5400K .......... .......... .......... .......... .......... 34% 7.47M 1s
[6.788s]   5450K .......... .......... .......... .......... .......... 35% 12.2M 1s
[6.790s]   5500K .......... .......... .......... .......... .......... 35% 23.7M 1s
[6.795s]   5550K .......... .......... .......... .......... .......... 35% 11.1M 1s
[6.799s]   5600K .......... .......... .......... .......... .......... 36% 12.4M 1s
[6.803s]   5650K .......... .......... .......... .......... .......... 36% 11.8M 1s
[6.805s]   5700K .......... .......... .......... .......... .......... 36% 24.7M 1s
[6.809s]   5750K .......... .......... .......... .......... .......... 37% 12.4M 1s
[6.811s]   5800K .......... .......... .......... .......... .......... 37% 20.4M 1s
[6.815s]   5850K .......... .......... .......... .......... .......... 37% 12.2M 1s
[6.817s]   5900K .......... .......... .......... .......... .......... 38% 23.9M 1s
[6.822s]   5950K .......... .......... .......... .......... .......... 38% 10.5M 1s
[6.824s]   6000K .......... .......... .......... .......... .......... 38% 23.0M 1s
[6.829s]   6050K .......... .......... .......... .......... .......... 39% 10.7M 1s
[6.837s]   6100K .......... .......... .......... .......... .......... 39% 5.60M 1s
[6.851s]   6150K .......... .......... .......... .......... .......... 39% 3.73M 1s
[6.853s]   6200K .......... .......... .......... .......... .......... 39% 22.7M 1s
[6.859s]   6250K .......... .......... .......... .......... .......... 40% 7.73M 1s
[6.863s]   6300K .......... .......... .......... .......... .......... 40% 12.2M 1s
[6.870s]   6350K .......... .......... .......... .......... .......... 40% 24.4M 1s
[6.872s]   6400K .......... .......... .......... .......... .......... 41% 6.79M 1s
[6.882s]   6450K .......... .......... .......... .......... .......... 41% 4.96M 1s
[6.884s]   6500K .......... .......... .......... .......... .......... 41% 23.4M 1s
[6.886s]   6550K .......... .......... .......... .......... .......... 42% 24.2M 1s
[6.892s]   6600K .......... .......... .......... .......... .......... 42% 7.96M 1s
[6.894s]   6650K .......... .......... .......... .......... .......... 42% 23.4M 1s
[6.900s]   6700K .......... .......... .......... .......... .......... 43% 9.04M 1s
[6.904s]   6750K .......... .......... .......... .......... .......... 43% 23.4M 1s
[6.906s]   6800K .......... .......... .......... .......... .......... 43% 12.0M 1s
[6.916s]   6850K .......... .......... .......... .......... .......... 44% 4.65M 1s
[6.920s]   6900K .......... .......... .......... .......... .......... 44% 12.4M 1s
[6.926s]   6950K .......... .......... .......... .......... .......... 44% 8.09M 1s
[6.938s]   7000K .......... .......... .......... .......... .......... 45% 4.31M 1s
[6.940s]   7050K .......... .......... .......... .......... .......... 45% 24.3M 1s
[6.951s]   7100K .......... .......... .......... .......... .......... 45% 4.21M 1s
[6.953s]   7150K .......... .......... .......... .......... .......... 46% 24.5M 1s
[6.957s]   7200K .......... .......... .......... .......... .......... 46% 12.2M 1s
[6.962s]   7250K .......... .......... .......... .......... .......... 46% 9.84M 1s
[6.966s]   7300K .......... .......... .......... .......... .......... 47% 12.3M 1s
[6.968s]   7350K .......... .......... .......... .......... .......... 47% 23.2M 1s
[6.974s]   7400K .......... .......... .......... .......... .......... 47% 8.14M 1s
[6.976s]   7450K .......... .......... .......... .......... .......... 47% 23.1M 1s
[6.978s]   7500K .......... .......... .......... .......... .......... 48% 25.0M 1s
[6.983s]   7550K .......... .......... .......... .......... .......... 48% 9.73M 1s
[6.987s]   7600K .......... .......... .......... .......... .......... 48% 12.3M 1s
[6.996s]   7650K .......... .......... .......... .......... .......... 49% 5.67M 1s
[7.000s]   7700K .......... .......... .......... .......... .......... 49% 12.4M 1s
[7.008s]   7750K .......... .......... .......... .......... .......... 49% 6.45M 1s
[7.009s]   7800K .......... .......... .......... .......... .......... 50% 24.2M 1s
[7.018s]   7850K .......... .......... .......... .......... .......... 50% 5.67M 1s
[7.020s]   7900K .......... .......... .......... .......... .......... 50% 24.8M 1s
[7.024s]   7950K .......... .......... .......... .......... .......... 51% 12.2M 1s
[7.033s]   8000K .......... .......... .......... .......... .......... 51% 5.67M 1s
[7.034s]   8050K .......... .......... .......... .......... .......... 51% 39.5M 1s
[7.048s]   8100K .......... .......... .......... .......... .......... 52% 3.55M 1s
[7.048s]   8150K .......... .......... .......... .......... .......... 52%  496M 1s
[7.058s]   8200K .......... .......... .......... .......... .......... 52% 4.58M 1s
[7.064s]   8250K .......... .......... .......... .......... .......... 53% 8.90M 1s
[7.068s]   8300K .......... .......... .......... .......... .......... 53% 12.5M 1s
[7.070s]   8350K .......... .......... .......... .......... .......... 53% 23.6M 1s
[7.075s]   8400K .......... .......... .......... .......... .......... 54% 9.57M 1s
[7.077s]   8450K .......... .......... .......... .......... .......... 54% 23.6M 1s
[7.082s]   8500K .......... .......... .......... .......... .......... 54% 9.01M 1s
[7.085s]   8550K .......... .......... .......... .......... .......... 55% 23.7M 1s
[7.089s]   8600K .......... .......... .......... .......... .......... 55% 12.2M 1s
[7.091s]   8650K .......... .......... .......... .......... .......... 55% 18.4M 1s
[7.093s]   8700K .......... .......... .......... .......... .......... 55% 23.2M 1s
[7.097s]   8750K .......... .......... .......... .......... .......... 56% 12.0M 1s
[7.103s]   8800K .......... .......... .......... .......... .......... 56% 9.31M 1s
[7.105s]   8850K .......... .......... .......... .......... .......... 56% 23.2M 1s
[7.118s]   8900K .......... .......... .......... .......... .......... 57% 3.78M 1s
[7.120s]   8950K .......... .......... .......... .......... .......... 57% 23.8M 1s
[7.122s]   9000K .......... .......... .......... .......... .......... 57% 23.3M 1s
[7.127s]   9050K .......... .......... .......... .......... .......... 58% 9.34M 1s
[7.129s]   9100K .......... .......... .......... .......... .......... 58% 24.3M 1s
[7.133s]   9150K .......... .......... .......... .......... .......... 58% 12.1M 1s
[7.136s]   9200K .......... .......... .......... .......... .......... 59% 15.8M 1s
[7.151s]   9250K .......... .......... .......... .......... .......... 59% 3.35M 1s
[7.153s]   9300K .......... .......... .......... .......... .......... 59% 23.3M 1s
[7.158s]   9350K .......... .......... .......... .......... .......... 60% 8.72M 1s
[7.160s]   9400K .......... .......... .......... .......... .......... 60% 24.3M 1s
[7.164s]   9450K .......... .......... .......... .......... .......... 60% 12.2M 1s
[7.173s]   9500K .......... .......... .......... .......... .......... 61% 5.39M 1s
[7.177s]   9550K .......... .......... .......... .......... .......... 61% 24.1M 1s
[7.179s]   9600K .......... .......... .......... .......... .......... 61% 12.2M 1s
[7.193s]   9650K .......... .......... .......... .......... .......... 62% 3.65M 1s
[7.195s]   9700K .......... .......... .......... .......... .......... 62% 24.3M 1s
[7.199s]   9750K .......... .......... .......... .......... .......... 62% 12.4M 1s
[7.209s]   9800K .......... .......... .......... .......... .......... 63% 4.66M 1s
[7.211s]   9850K .......... .......... .......... .......... .......... 63% 24.2M 1s
[7.218s]   9900K .......... .......... .......... .......... .......... 63% 7.00M 1s
[7.220s]   9950K .......... .......... .......... .......... .......... 63%  760M 1s
[7.222s]  10000K .......... .......... .......... .......... .......... 64% 12.3M 1s
[7.230s]  10050K .......... .......... .......... .......... .......... 64% 6.15M 1s
[7.232s]  10100K .......... .......... .......... .......... .......... 64% 23.1M 1s
[7.239s]  10150K .......... .......... .......... .......... .......... 65% 7.81M 1s
[7.241s]  10200K .......... .......... .......... .......... .......... 65% 23.0M 1s
[7.243s]  10250K .......... .......... .......... .......... .......... 65% 24.2M 1s
[7.247s]  10300K .......... .......... .......... .......... .......... 66% 12.1M 1s
[7.259s]  10350K .......... .......... .......... .......... .......... 66% 4.78M 1s
[7.263s]  10400K .......... .......... .......... .......... .......... 66% 8.19M 1s
[7.291s]  10450K .......... .......... .......... .......... .......... 67% 1.76M 1s
[7.296s]  10500K .......... .......... .......... .......... .......... 67% 12.5M 1s
[7.297s]  10550K .......... .......... .......... .......... .......... 67% 23.6M 1s
[7.299s]  10600K .......... .......... .......... .......... .......... 68% 18.1M 1s
[7.303s]  10650K .......... .......... .......... .......... .......... 68% 12.0M 1s
[7.305s]  10700K .......... .......... .......... .......... .......... 68% 23.8M 1s
[7.324s]  10750K .......... .......... .......... .......... .......... 69% 2.59M 1s
[7.328s]  10800K .......... .......... .......... .......... .......... 69% 12.4M 1s
[7.330s]  10850K .......... .......... .......... .......... .......... 69% 23.5M 1s
[7.335s]  10900K .......... .......... .......... .......... .......... 70% 11.5M 1s
[7.339s]  10950K .......... .......... .......... .......... .......... 70% 12.4M 1s
[7.341s]  11000K .......... .......... .......... .......... .......... 70% 23.4M 1s
[7.349s]  11050K .......... .......... .......... .......... .......... 71% 5.84M 1s
[7.351s]  11100K .......... .......... .......... .......... .......... 71% 25.1M 1s
[7.363s]  11150K .......... .......... .......... .......... .......... 71% 3.93M 1s
[7.366s]  11200K .......... .......... .......... .......... .......... 71% 23.4M 1s
[7.370s]  11250K .......... .......... .......... .......... .......... 72% 12.4M 1s
[7.389s]  11300K .......... .......... .......... .......... .......... 72% 2.54M 1s
[7.393s]  11350K .......... .......... .......... .......... .......... 72% 12.4M 1s
[7.395s]  11400K .......... .......... .......... .......... .......... 73% 23.6M 0s
[7.403s]  11450K .......... .......... .......... .......... .......... 73% 5.83M 0s
[7.405s]  11500K .......... .......... .......... .......... .......... 73% 23.6M 0s
[7.412s]  11550K .......... .......... .......... .......... .......... 74% 23.8M 0s
[7.414s]  11600K .......... .......... .......... .......... .......... 74% 7.30M 0s
[7.418s]  11650K .......... .......... .......... .......... .......... 74% 12.1M 0s
[7.421s]  11700K .......... .......... .......... .......... .......... 75% 17.7M 0s
[7.425s]  11750K .......... .......... .......... .......... .......... 75% 12.2M 0s
[7.427s]  11800K .......... .......... .......... .......... .......... 75% 23.2M 0s
[7.430s]  11850K .......... .......... .......... .......... .......... 76% 15.4M 0s
[7.441s]  11900K .......... .......... .......... .......... .......... 76% 4.49M 0s
[7.443s]  11950K .......... .......... .......... .......... .......... 76% 24.2M 0s
[7.451s]  12000K .......... .......... .......... .......... .......... 77% 5.77M 0s
[7.453s]  12050K .......... .......... .......... .......... .......... 77% 23.8M 0s
[7.470s]  12100K .......... .......... .......... .......... .......... 77% 3.02M 0s
[7.474s]  12150K .......... .......... .......... .......... .......... 78% 12.5M 0s
[7.476s]  12200K .......... .......... .......... .......... .......... 78% 22.5M 0s
[7.506s]  12250K .......... .......... .......... .......... .......... 78% 1.62M 0s
[7.510s]  12300K .......... .......... .......... .......... .......... 79% 12.4M 0s
[7.523s]  12350K .......... .......... .......... .......... .......... 79% 23.5M 0s
[7.526s]  12400K .......... .......... .......... .......... .......... 79% 3.74M 0s
[7.529s]  12450K .......... .......... .......... .......... .......... 79% 12.2M 0s
[7.532s]  12500K .......... .......... .......... .......... .......... 80% 13.7M 0s
[7.534s]  12550K .......... .......... .......... .......... .......... 80% 24.3M 0s
[7.538s]  12600K .......... .......... .......... .......... .......... 80% 12.2M 0s
[7.545s]  12650K .......... .......... .......... .......... .......... 81% 7.33M 0s
[7.555s]  12700K .......... .......... .......... .......... .......... 81% 4.79M 0s
[7.562s]  12750K .......... .......... .......... .......... .......... 81% 23.0M 0s
[7.564s]  12800K .......... .......... .......... .......... .......... 82% 6.99M 0s
[7.566s]  12850K .......... .......... .......... .......... .......... 82% 24.0M 0s
[7.573s]  12900K .......... .......... .......... .......... .......... 82% 7.35M 0s
[7.578s]  12950K .......... .......... .......... .......... .......... 83% 23.5M 0s
[7.582s]  13000K .......... .......... .......... .......... .......... 83% 7.23M 0s
[7.584s]  13050K .......... .......... .......... .......... .......... 83% 23.5M 0s
[7.586s]  13100K .......... .......... .......... .......... .......... 84% 24.1M 0s
[7.596s]  13150K .......... .......... .......... .......... .......... 84% 5.11M 0s
[7.600s]  13200K .......... .......... .......... .......... .......... 84% 12.1M 0s
[7.603s]  13250K .......... .......... .......... .......... .......... 85% 16.0M 0s
[7.607s]  13300K .......... .......... .......... .......... .......... 85% 12.4M 0s
[7.609s]  13350K .......... .......... .......... .......... .......... 85% 23.8M 0s
[7.612s]  13400K .......... .......... .......... .......... .......... 86% 13.7M 0s
[7.616s]  13450K .......... .......... .......... .......... .......... 86% 12.2M 0s
[7.618s]  13500K .......... .......... .......... .......... .......... 86% 23.6M 0s
[7.624s]  13550K .......... .......... .......... .......... .......... 87% 8.45M 0s
[7.634s]  13600K .......... .......... .......... .......... .......... 87% 5.20M 0s
[7.636s]  13650K .......... .......... .......... .......... .......... 87% 23.9M 0s
[7.640s]  13700K .......... .......... .......... .......... .......... 87% 12.2M 0s
[7.644s]  13750K .......... .......... .......... .......... .......... 88% 12.4M 0s
[7.646s]  13800K .......... .......... .......... .......... .......... 88% 23.5M 0s
[7.660s]  13850K .......... .......... .......... .......... .......... 88% 3.43M 0s
[7.662s]  13900K .......... .......... .......... .......... .......... 89% 24.1M 0s
[7.667s]  13950K .......... .......... .......... .......... .......... 89% 12.0M 0s
[7.668s]  14000K .......... .......... .......... .......... .......... 89% 19.6M 0s
[7.676s]  14050K .......... .......... .......... .......... .......... 90% 6.36M 0s
[7.678s]  14100K .......... .......... .......... .......... .......... 90% 24.7M 0s
[7.688s]  14150K .......... .......... .......... .......... .......... 90% 4.93M 0s
[7.690s]  14200K .......... .......... .......... .......... .......... 91% 22.6M 0s
[7.694s]  14250K .......... .......... .......... .......... .......... 91% 12.9M 0s
[7.701s]  14300K .......... .......... .......... .......... .......... 91% 7.43M 0s
[7.704s]  14350K .......... .......... .......... .......... .......... 92% 37.2M 0s
[7.707s]  14400K .......... .......... .......... .......... .......... 92% 10.1M 0s
[7.711s]  14450K .......... .......... .......... .......... .......... 92% 10.7M 0s
[7.714s]  14500K .......... .......... .......... .......... .......... 93% 19.0M 0s
[7.724s]  14550K .......... .......... .......... .......... .......... 93% 4.74M 0s
[7.724s]  14600K .......... .......... .......... .......... .......... 93%  561M 0s
[7.728s]  14650K .......... .......... .......... .......... .......... 94% 12.3M 0s
[7.733s]  14700K .......... .......... .......... .......... .......... 94% 10.2M 0s
[7.740s]  14750K .......... .......... .......... .......... .......... 94% 6.64M 0s
[7.744s]  14800K .......... .......... .......... .......... .......... 95% 13.9M 0s
[7.747s]  14850K .......... .......... .......... .......... .......... 95% 15.0M 0s
[7.764s]  14900K .......... .......... .......... .......... .......... 95% 2.91M 0s
[7.769s]  14950K .......... .......... .......... .......... .......... 95% 11.3M 0s
[7.775s]  15000K .......... .......... .......... .......... .......... 96% 13.4M 0s
[7.778s]  15050K .......... .......... .......... .......... .......... 96% 8.34M 0s
[7.783s]  15100K .......... .......... .......... .......... .......... 96% 9.00M 0s
[7.787s]  15150K .......... .......... .......... .......... .......... 97% 13.1M 0s
[7.791s]  15200K .......... .......... .......... .......... .......... 97% 12.2M 0s
[7.800s]  15250K .......... .......... .......... .......... .......... 97% 5.95M 0s
[7.800s]  15300K .......... .......... .......... .......... .......... 98%  407M 0s
[7.802s]  15350K .......... .......... .......... .......... .......... 98% 17.0M 0s
[7.806s]  15400K .......... .......... .......... .......... .......... 98% 11.8M 0s
[7.810s]  15450K .......... .......... .......... .......... .......... 99% 12.6M 0s
[7.817s]  15500K .......... .......... .......... .......... .......... 99% 9.08M 0s
[7.817s]  15550K .......... .......... .......... .......... .......... 99%  532M 0s
[7.817s]  15600K .......... .......... .....                           100%  409M=1.8s
[7.817s] 
[7.817s] 2026-08-21 19:30:29 (8.52 MB/s) - ‘/home/deepak/task2/turtlebot3_ws/build/multirobot_map_merge/2011-08-09-12-22-52.pgm’ saved [16000058/16000058]
[7.817s] 
[7.818s] Checking MD5 sum of /home/deepak/task2/turtlebot3_ws/build/multirobot_map_merge/2011-08-09-12-22-52.pgm
[7.846s] /home/deepak/task2/turtlebot3_ws/build/multirobot_map_merge/2011-08-09-12-22-52.pgm: OK
[7.853s] --2026-08-21 19:30:29--  https://raw.githubusercontent.com/hrnr/m-explore-extra/master/map_merge/gmapping_maps/2012-01-28-11-12-01.pgm
[7.856s] Resolving raw.githubusercontent.com (raw.githubusercontent.com)... 185.199.110.133, 185.199.108.133, 185.199.109.133, ...
[7.910s] Connecting to raw.githubusercontent.com (raw.githubusercontent.com)|185.199.110.133|:443... connected.
[9.407s] HTTP request sent, awaiting response... 200 OK
[9.407s] Length: 16000058 (15M) [application/octet-stream]
[9.407s] Saving to: ‘/home/deepak/task2/turtlebot3_ws/build/multirobot_map_merge/2012-01-28-11-12-01.pgm’
[9.407s] 
[9.467s]      0K .......... .......... .......... .......... ..........  0%  813K 19s
[9.525s]     50K .......... .......... .......... .......... ..........  0%  848K 19s
[9.540s]    100K .......... .......... .......... .......... ..........  0% 3.36M 14s
[9.586s]    150K .......... .......... .......... .......... ..........  1% 1.07M 14s
[9.590s]    200K .......... .......... .......... .......... ..........  1% 11.0M 11s
[9.601s]    250K .......... .......... .......... .......... ..........  1% 4.39M 10s
[9.625s]    300K .......... .......... .......... .......... ..........  2% 2.05M 10s
[9.644s]    350K .......... .......... .......... .......... ..........  2% 3.19M 9s
[9.646s]    400K .......... .......... .......... .......... ..........  2% 9.36M 8s
[9.651s]    450K .......... .......... .......... .......... ..........  3% 9.82M 7s
[9.656s]    500K .......... .......... .......... .......... ..........  3% 10.7M 7s
[9.664s]    550K .......... .......... .......... .......... ..........  3% 6.94M 6s
[9.666s]    600K .......... .......... .......... .......... ..........  4% 12.0M 6s
[9.668s]    650K .......... .......... .......... .......... ..........  4% 26.1M 6s
[9.688s]    700K .......... .......... .......... .......... ..........  4% 2.47M 6s
[9.696s]    750K .......... .......... .......... .......... ..........  5% 6.33M 5s
[9.702s]    800K .......... .......... .......... .......... ..........  5% 9.13M 5s
[9.707s]    850K .......... .......... .......... .......... ..........  5% 16.2M 5s
[9.718s]    900K .......... .......... .......... .......... ..........  6% 3.58M 5s
[9.721s]    950K .......... .......... .......... .......... ..........  6% 14.5M 5s
[9.724s]   1000K .......... .......... .......... .......... ..........  6% 16.8M 4s
[9.726s]   1050K .......... .......... .......... .......... ..........  7% 24.3M 4s
[9.734s]   1100K .......... .......... .......... .......... ..........  7% 11.9M 4s
[9.740s]   1150K .......... .......... .......... .......... ..........  7% 5.97M 4s
[9.742s]   1200K .......... .......... .......... .......... ..........  7% 12.2M 4s
[9.748s]   1250K .......... .......... .......... .......... ..........  8% 10.1M 4s
[9.755s]   1300K .......... .......... .......... .......... ..........  8% 6.35M 4s
[9.757s]   1350K .......... .......... .......... .......... ..........  8% 23.7M 4s
[9.761s]   1400K .......... .......... .......... .......... ..........  9% 12.3M 3s
[9.766s]   1450K .......... .......... .......... .......... ..........  9% 9.51M 3s
[9.770s]   1500K .......... .......... .......... .......... ..........  9% 12.2M 3s
[9.772s]   1550K .......... .......... .......... .......... .......... 10% 23.9M 3s
[9.776s]   1600K .......... .......... .......... .......... .......... 10% 11.2M 3s
[9.780s]   1650K .......... .......... .......... .......... .......... 10% 23.8M 3s
[9.784s]   1700K .......... .......... .......... .......... .......... 11% 9.10M 3s
[9.786s]   1750K .......... .......... .......... .......... .......... 11% 23.7M 3s
[9.790s]   1800K .......... .......... .......... .......... .......... 11% 12.1M 3s
[9.795s]   1850K .......... .......... .......... .......... .......... 12% 9.55M 3s
[9.795s]   1900K .......... .......... .......... .......... .......... 12%  480M 3s
[9.799s]   1950K .......... .......... .......... .......... .......... 12% 12.3M 3s
[9.804s]   2000K .......... .......... .......... .......... .......... 13% 9.46M 3s
[9.806s]   2050K .......... .......... .......... .......... .......... 13% 23.5M 3s
[9.814s]   2100K .......... .......... .......... .......... .......... 13% 6.74M 3s
[9.815s]   2150K .......... .......... .......... .......... .......... 14% 23.5M 3s
[9.827s]   2200K .......... .......... .......... .......... .......... 14% 4.25M 3s
[9.831s]   2250K .......... .......... .......... .......... .......... 14% 12.3M 2s
[9.834s]   2300K .......... .......... .......... .......... .......... 15% 16.1M 2s
[9.840s]   2350K .......... .......... .......... .......... .......... 15% 8.24M 2s
[9.849s]   2400K .......... .......... .......... .......... .......... 15% 5.65M 2s
[9.851s]   2450K .......... .......... .......... .......... .......... 15% 23.3M 2s
[9.855s]   2500K .......... .......... .......... .......... .......... 16% 11.2M 2s
[9.857s]   2550K .......... .......... .......... .......... .......... 16% 21.2M 2s
[9.872s]   2600K .......... .......... .......... .......... .......... 16% 3.21M 2s
[9.874s]   2650K .......... .......... .......... .......... .......... 17% 23.8M 2s
[9.879s]   2700K .......... .......... .......... .......... .......... 17% 12.2M 2s
[9.888s]   2750K .......... .......... .......... .......... .......... 17% 6.35M 2s
[9.892s]   2800K .......... .......... .......... .......... .......... 18% 7.76M 2s
[9.893s]   2850K .......... .......... .......... .......... .......... 18%  537M 2s
[9.897s]   2900K .......... .......... .......... .......... .......... 18% 10.2M 2s
[9.899s]   2950K .......... .......... .......... .......... .......... 19% 23.7M 2s
[9.911s]   3000K .......... .......... .......... .......... .......... 19% 4.43M 2s
[9.915s]   3050K .......... .......... .......... .......... .......... 19% 23.9M 2s
[9.920s]   3100K .......... .......... .......... .......... .......... 20% 12.2M 2s
[9.928s]   3150K .......... .......... .......... .......... .......... 20% 4.12M 2s
[9.932s]   3200K .......... .......... .......... .......... .......... 20% 13.1M 2s
[9.937s]   3250K .......... .......... .......... .......... .......... 21% 10.0M 2s
[9.950s]   3300K .......... .......... .......... .......... .......... 21% 5.10M 2s
[9.950s]   3350K .......... .......... .......... .......... .......... 21%  379M 2s
[9.953s]   3400K .......... .......... .......... .......... .......... 22% 7.79M 2s
[9.955s]   3450K .......... .......... .......... .......... .......... 22% 23.2M 2s
[9.959s]   3500K .......... .......... .......... .......... .......... 22% 12.5M 2s
[9.964s]   3550K .......... .......... .......... .......... .......... 23% 13.8M 2s
[9.971s]   3600K .......... .......... .......... .......... .......... 23% 12.2M 2s
[9.971s]   3650K .......... .......... .......... .......... .......... 23% 22.7M 2s
[9.978s]   3700K .......... .......... .......... .......... .......... 23% 8.69M 2s
[9.978s]   3750K .......... .......... .......... .......... .......... 24% 22.1M 2s
[9.982s]   3800K .......... .......... .......... .......... .......... 24% 11.0M 2s
[9.985s]   3850K .......... .......... .......... .......... .......... 24% 12.8M 2s
[9.993s]   3900K .......... .......... .......... .......... .......... 25% 10.2M 2s
[10.000s]   3950K .......... .......... .......... .......... .......... 25% 4.65M 2s
[10.002s]   4000K .......... .......... .......... .......... .......... 25% 24.3M 2s
[10.007s]   4050K .......... .......... .......... .......... .......... 26% 8.99M 2s
[10.009s]   4100K .......... .......... .......... .......... .......... 26% 24.7M 2s
[10.015s]   4150K .......... .......... .......... .......... .......... 26% 12.5M 2s
[10.016s]   4200K .......... .......... .......... .......... .......... 27% 16.4M 2s
[10.108s]   4250K .......... .......... .......... .......... .......... 27%  555K 2s
[10.121s]   4300K .......... .......... .......... .......... .......... 27% 4.19M 2s
[10.121s]   4350K .......... .......... .......... .......... .......... 28%  499M 2s
[10.134s]   4400K .......... .......... .......... .......... .......... 28% 5.52M 2s
[10.134s]   4450K .......... .......... .......... .......... .......... 28% 12.4M 2s
[10.134s]   4500K .......... .......... .......... .......... .......... 29%  396M 2s
[10.141s]   4550K .......... .......... .......... .......... .......... 29% 7.84M 2s
[10.141s]   4600K .......... .......... .......... .......... .......... 29% 21.5M 2s
[10.148s]   4650K .......... .......... .......... .......... .......... 30% 5.75M 2s
[10.154s]   4700K .......... .......... .......... .......... .......... 30% 12.4M 2s
[10.155s]   4750K .......... .......... .......... .......... .......... 30%  519M 2s
[10.160s]   4800K .......... .......... .......... .......... .......... 31% 8.48M 2s
[10.162s]   4850K .......... .......... .......... .......... .......... 31% 12.6M 2s
[10.170s]   4900K .......... .......... .......... .......... .......... 31% 5.82M 2s
[10.170s]   4950K .......... .......... .......... .......... .......... 31%  481M 2s
[10.171s]   5000K .......... .......... .......... .......... .......... 32% 46.3M 2s
[10.180s]   5050K .......... .......... .......... .......... .......... 32% 5.54M 2s
[10.180s]   5100K .......... .......... .......... .......... .......... 32%  502M 2s
[10.182s]   5150K .......... .......... .......... .......... .......... 33%  467M 2s
[10.191s]   5200K .......... .......... .......... .......... .......... 33% 4.53M 2s
[10.191s]   5250K .......... .......... .......... .......... .......... 33%  504M 2s
[10.192s]   5300K .......... .......... .......... .......... .......... 34% 57.6M 2s
[10.200s]   5350K .......... .......... .......... .......... .......... 34% 6.91M 2s
[10.200s]   5400K .......... .......... .......... .......... .......... 34%  464M 1s
[10.200s]   5450K .......... .......... .......... .......... .......... 35% 32.2M 1s
[10.215s]   5500K .......... .......... .......... .......... .......... 35% 4.49M 1s
[10.215s]   5550K .......... .......... .......... .......... .......... 35% 22.9M 1s
[10.218s]   5600K .......... .......... .......... .......... .......... 36% 12.2M 1s
[10.237s]   5650K .......... .......... .......... .......... .......... 36% 2.62M 1s
[10.240s]   5700K .......... .......... .......... .......... .......... 36% 22.0M 1s
[10.240s]   5750K .......... .......... .......... .......... .......... 37% 24.7M 1s
[10.249s]   5800K .......... .......... .......... .......... .......... 37% 5.60M 1s
[10.251s]   5850K .......... .......... .......... .......... .......... 37% 22.8M 1s
[10.256s]   5900K .......... .......... .......... .......... .......... 38% 12.4M 1s
[10.261s]   5950K .......... .......... .......... .......... .......... 38% 13.3M 1s
[10.263s]   6000K .......... .......... .......... .......... .......... 38% 12.5M 1s
[10.265s]   6050K .......... .......... .......... .......... .......... 39% 23.8M 1s
[10.274s]   6100K .......... .......... .......... .......... .......... 39% 5.36M 1s
[10.277s]   6150K .......... .......... .......... .......... .......... 39% 16.4M 1s
[10.284s]   6200K .......... .......... .......... .......... .......... 39% 6.94M 1s
[10.290s]   6250K .......... .......... .......... .......... .......... 40% 8.10M 1s
[10.290s]   6300K .......... .......... .......... .......... .......... 40%  490M 1s
[10.297s]   6350K .......... .......... .......... .......... .......... 40% 7.14M 1s
[10.299s]   6400K .......... .......... .......... .......... .......... 41% 21.2M 1s
[10.304s]   6450K .......... .......... .......... .......... .......... 41% 10.3M 1s
[10.311s]   6500K .......... .......... .......... .......... .......... 41% 7.04M 1s
[10.311s]   6550K .......... .......... .......... .......... .......... 42%  342M 1s
[10.321s]   6600K .......... .......... .......... .......... .......... 42% 4.92M 1s
[10.323s]   6650K .......... .......... .......... .......... .......... 42% 21.9M 1s
[10.325s]   6700K .......... .......... .......... .......... .......... 43% 24.6M 1s
[10.331s]   6750K .......... .......... .......... .......... .......... 43% 7.86M 1s
[10.336s]   6800K .......... .......... .......... .......... .......... 43% 19.5M 1s
[10.336s]   6850K .......... .......... .......... .......... .......... 44% 19.5M 1s
[10.347s]   6900K .......... .......... .......... .......... .......... 44% 4.78M 1s
[10.352s]   6950K .......... .......... .......... .......... .......... 44% 21.0M 1s
[10.355s]   7000K .......... .......... .......... .......... .......... 45% 10.8M 1s
[10.357s]   7050K .......... .......... .......... .......... .......... 45% 14.1M 1s
[10.361s]   7100K .......... .......... .......... .......... .......... 45% 12.0M 1s
[10.362s]   7150K .......... .......... .......... .......... .......... 46% 74.5M 1s
[10.370s]   7200K .......... .......... .......... .......... .......... 46% 9.65M 1s
[10.425s]   7250K .......... .......... .......... .......... .......... 46%  857K 1s
[10.429s]   7300K .......... .......... .......... .......... .......... 47% 12.5M 1s
[10.439s]   7350K .......... .......... .......... .......... .......... 47% 5.47M 1s
[10.440s]   7400K .......... .......... .......... .......... .......... 47% 42.4M 1s
[10.445s]   7450K .......... .......... .......... .......... .......... 47% 8.21M 1s
[10.447s]   7500K .......... .......... .......... .......... .......... 48% 31.3M 1s
[10.454s]   7550K .......... .......... .......... .......... .......... 48% 6.57M 1s
[10.461s]   7600K .......... .......... .......... .......... .......... 48% 6.99M 1s
[10.462s]   7650K .......... .......... .......... .......... .......... 49% 33.9M 1s
[10.468s]   7700K .......... .......... .......... .......... .......... 49% 8.80M 1s
[10.468s]   7750K .......... .......... .......... .......... .......... 49%  517M 1s
[10.475s]   7800K .......... .......... .......... .......... .......... 50% 8.14M 1s
[10.481s]   7850K .......... .......... .......... .......... .......... 50% 7.07M 1s
[10.483s]   7900K .......... .......... .......... .......... .......... 50% 27.7M 1s
[10.489s]   7950K .......... .......... .......... .......... .......... 51% 7.84M 1s
[10.489s]   8000K .......... .......... .......... .......... .......... 51%  361M 1s
[10.496s]   8050K .......... .......... .......... .......... .......... 51% 7.09M 1s
[10.501s]   8100K .......... .......... .......... .......... .......... 52% 18.6M 1s
[10.501s]   8150K .......... .......... .......... .......... .......... 52%  386M 1s
[10.517s]   8200K .......... .......... .......... .......... .......... 52% 3.00M 1s
[10.518s]   8250K .......... .......... .......... .......... .......... 53% 24.0M 1s
[10.526s]   8300K .......... .......... .......... .......... .......... 53% 5.47M 1s
[10.530s]   8350K .......... .......... .......... .......... .......... 53% 12.0M 1s
[10.534s]   8400K .......... .......... .......... .......... .......... 54% 14.1M 1s
[10.537s]   8450K .......... .......... .......... .......... .......... 54% 22.0M 1s
[10.541s]   8500K .......... .......... .......... .......... .......... 54% 12.8M 1s
[10.545s]   8550K .......... .......... .......... .......... .......... 55% 9.11M 1s
[10.549s]   8600K .......... .......... .......... .......... .......... 55% 12.2M 1s
[10.552s]   8650K .......... .......... .......... .......... .......... 55% 16.5M 1s
[10.562s]   8700K .......... .......... .......... .......... .......... 55% 6.89M 1s
[10.564s]   8750K .......... .......... .......... .......... .......... 56% 9.81M 1s
[10.565s]   8800K .......... .......... .......... .......... .......... 56% 41.3M 1s
[10.574s]   8850K .......... .......... .......... .......... .......... 56% 5.56M 1s
[10.574s]   8900K .......... .......... .......... .......... .......... 57%  389M 1s
[10.581s]   8950K .......... .......... .......... .......... .......... 57% 7.11M 1s
[10.581s]   9000K .......... .......... .......... .......... .......... 57%  337M 1s
[10.587s]   9050K .......... .......... .......... .......... .......... 58% 8.24M 1s
[10.587s]   9100K .......... .......... .......... .......... .......... 58%  497M 1s
[10.594s]   9150K .......... .......... .......... .......... .......... 58% 9.93M 1s
[10.596s]   9200K .......... .......... .......... .......... .......... 59% 12.2M 1s
[10.610s]   9250K .......... .......... .......... .......... .......... 59% 5.12M 1s
[10.610s]   9300K .......... .......... .......... .......... .......... 59% 21.6M 1s
[10.615s]   9350K .......... .......... .......... .......... .......... 60% 6.87M 1s
[10.615s]   9400K .......... .......... .......... .......... .......... 60%  369M 1s
[10.624s]   9450K .......... .......... .......... .......... .......... 60% 5.50M 1s
[10.633s]   9500K .......... .......... .......... .......... .......... 61% 5.41M 1s
[10.637s]   9550K .......... .......... .......... .......... .......... 61%  517M 1s
[10.641s]   9600K .......... .......... .......... .......... .......... 61% 6.16M 1s
[10.641s]   9650K .......... .......... .......... .......... .......... 62%  114M 1s
[10.653s]   9700K .......... .......... .......... .......... .......... 62% 7.40M 1s
[10.658s]   9750K .......... .......... .......... .......... .......... 62% 6.99M 1s
[10.658s]   9800K .......... .......... .......... .......... .......... 63%  453M 1s
[10.658s]   9850K .......... .......... .......... .......... .......... 63% 74.1M 1s
[10.662s]   9900K .......... .......... .......... .......... .......... 63% 7.40M 1s
[10.672s]   9950K .......... .......... .......... .......... .......... 63% 33.4M 1s
[10.678s]  10000K .......... .......... .......... .......... .......... 64% 3.44M 1s
[10.682s]  10050K .......... .......... .......... .......... .......... 64%  117M 1s
[10.685s]  10100K .......... .......... .......... .......... .......... 64% 7.49M 1s
[10.692s]  10150K .......... .......... .......... .......... .......... 65% 7.02M 1s
[10.692s]  10200K .......... .......... .......... .......... .......... 65%  370M 1s
[10.695s]  10250K .......... .......... .......... .......... .......... 65% 19.2M 1s
[10.699s]  10300K .......... .......... .......... .......... .......... 66% 11.2M 1s
[10.706s]  10350K .......... .......... .......... .......... .......... 66%  499M 1s
[10.706s]  10400K .......... .......... .......... .......... .......... 66% 7.02M 1s
[10.707s]  10450K .......... .......... .......... .......... .......... 67% 36.4M 1s
[10.713s]  10500K .......... .......... .......... .......... .......... 67% 8.70M 1s
[10.714s]  10550K .......... .......... .......... .......... .......... 67% 36.8M 1s
[10.719s]  10600K .......... .......... .......... .......... .......... 68% 10.3M 1s
[10.721s]  10650K .......... .......... .......... .......... .......... 68% 25.6M 1s
[10.728s]  10700K .......... .......... .......... .......... .......... 68% 6.95M 1s
[10.735s]  10750K .......... .......... .......... .......... .......... 69% 6.95M 1s
[10.742s]  10800K .......... .......... .......... .......... .......... 69% 8.18M 1s
[10.749s]  10850K .......... .......... .......... .......... .......... 69% 6.77M 1s
[10.750s]  10900K .......... .......... .......... .......... .......... 70% 26.1M 1s
[10.758s]  10950K .......... .......... .......... .......... .......... 70% 7.07M 1s
[10.764s]  11000K .......... .......... .......... .......... .......... 70% 6.92M 1s
[10.768s]  11050K .......... .......... .......... .......... .......... 71%  132M 1s
[10.769s]  11100K .......... .......... .......... .......... .......... 71% 20.3M 1s
[10.779s]  11150K .......... .......... .......... .......... .......... 71% 4.00M 1s
[10.781s]  11200K .......... .......... .......... .......... .......... 71% 20.9M 1s
[10.784s]  11250K .......... .......... .......... .......... .......... 72% 21.1M 1s
[10.793s]  11300K .......... .......... .......... .......... .......... 72% 5.24M 1s
[10.803s]  11350K .......... .......... .......... .......... .......... 72% 7.00M 1s
[10.803s]  11400K .......... .......... .......... .......... .......... 73%  465M 1s
[10.803s]  11450K .......... .......... .......... .......... .......... 73% 23.6M 1s
[10.804s]  11500K .......... .......... .......... .......... .......... 73% 22.4M 0s
[10.811s]  11550K .......... .......... .......... .......... .......... 74% 8.97M 0s
[10.816s]  11600K .......... .......... .......... .......... .......... 74% 7.85M 0s
[10.816s]  11650K .......... .......... .......... .......... .......... 74%  501M 0s
[10.822s]  11700K .......... .......... .......... .......... .......... 75% 8.26M 0s
[10.823s]  11750K .......... .......... .......... .......... .......... 75% 59.2M 0s
[10.830s]  11800K .......... .......... .......... .......... .......... 75% 6.81M 0s
[10.837s]  11850K .......... .......... .......... .......... .......... 76% 7.02M 0s
[10.837s]  11900K .......... .......... .......... .......... .......... 76%  496M 0s
[10.843s]  11950K .......... .......... .......... .......... .......... 76% 8.20M 0s
[10.844s]  12000K .......... .......... .......... .......... .......... 77% 35.3M 0s
[10.854s]  12050K .......... .......... .......... .......... .......... 77% 5.08M 0s
[10.854s]  12100K .......... .......... .......... .......... .......... 77%  289M 0s
[10.864s]  12150K .......... .......... .......... .......... .......... 78% 5.01M 0s
[10.864s]  12200K .......... .......... .......... .......... .......... 78%  335M 0s
[10.871s]  12250K .......... .......... .......... .......... .......... 78% 7.10M 0s
[10.871s]  12300K .......... .......... .......... .......... .......... 79%  475M 0s
[10.876s]  12350K .......... .......... .......... .......... .......... 79% 9.89M 0s
[10.878s]  12400K .......... .......... .......... .......... .......... 79% 24.9M 0s
[10.895s]  12450K .......... .......... .......... .......... .......... 79% 2.87M 0s
[10.901s]  12500K .......... .......... .......... .......... .......... 80% 8.89M 0s
[10.904s]  12550K .......... .......... .......... .......... .......... 80% 14.8M 0s
[10.913s]  12600K .......... .......... .......... .......... .......... 80% 5.25M 0s
[10.913s]  12650K .......... .......... .......... .......... .......... 81%  122M 0s
[10.923s]  12700K .......... .......... .......... .......... .......... 81% 5.13M 0s
[10.923s]  12750K .......... .......... .......... .......... .......... 81%  512M 0s
[10.926s]  12800K .......... .......... .......... .......... .......... 82% 19.3M 0s
[10.942s]  12850K .......... .......... .......... .......... .......... 82% 2.99M 0s
[10.942s]  12900K .......... .......... .......... .......... .......... 82%  404M 0s
[10.944s]  12950K .......... .......... .......... .......... .......... 83% 22.7M 0s
[10.953s]  13000K .......... .......... .......... .......... .......... 83% 5.52M 0s
[10.953s]  13050K .......... .......... .......... .......... .......... 83%  495M 0s
[10.964s]  13100K .......... .......... .......... .......... .......... 84% 4.51M 0s
[10.964s]  13150K .......... .......... .......... .......... .......... 84%  474M 0s
[10.964s]  13200K .......... .......... .......... .......... .......... 84%  434M 0s
[10.965s]  13250K .......... .......... .......... .......... .......... 85% 59.3M 0s
[10.974s]  13300K .......... .......... .......... .......... .......... 85% 5.41M 0s
[10.980s]  13350K .......... .......... .......... .......... .......... 85% 8.19M 0s
[10.980s]  13400K .......... .......... .......... .......... .......... 86%  463M 0s
[10.985s]  13450K .......... .......... .......... .......... .......... 86% 9.99M 0s
[10.985s]  13500K .......... .......... .......... .......... .......... 86%  484M 0s
[10.989s]  13550K .......... .......... .......... .......... .......... 87% 12.4M 0s
[10.995s]  13600K .......... .......... .......... .......... .......... 87% 9.33M 0s
[10.995s]  13650K .......... .......... .......... .......... .......... 87% 38.8M 0s
[11.000s]  13700K .......... .......... .......... .......... .......... 87% 11.8M 0s
[11.002s]  13750K .......... .......... .......... .......... .......... 88% 22.0M 0s
[11.007s]  13800K .......... .......... .......... .......... .......... 88% 11.7M 0s
[11.011s]  13850K .......... .......... .......... .......... .......... 88% 9.72M 0s
[11.011s]  13900K .......... .......... .......... .......... .......... 89%  511M 0s
[11.021s]  13950K .......... .......... .......... .......... .......... 89% 4.97M 0s
[11.023s]  14000K .......... .......... .......... .......... .......... 89% 34.8M 0s
[11.031s]  14050K .......... .......... .......... .......... .......... 90% 8.70M 0s
[11.031s]  14100K .......... .......... .......... .......... .......... 90%  491M 0s
[11.032s]  14150K .......... .......... .......... .......... .......... 90% 11.7M 0s
[11.034s]  14200K .......... .......... .......... .......... .......... 91% 25.7M 0s
[11.038s]  14250K .......... .......... .......... .......... .......... 91% 14.4M 0s
[11.043s]  14300K .......... .......... .......... .......... .......... 91% 8.86M 0s
[11.050s]  14350K .......... .......... .......... .......... .......... 92% 7.00M 0s
[11.059s]  14400K .......... .......... .......... .......... .......... 92% 5.29M 0s
[11.062s]  14450K .......... .......... .......... .......... .......... 92% 21.8M 0s
[11.063s]  14500K .......... .......... .......... .......... .......... 93% 24.2M 0s
[11.069s]  14550K .......... .......... .......... .......... .......... 93% 9.75M 0s
[11.082s]  14600K .......... .......... .......... .......... .......... 93% 3.52M 0s
[11.090s]  14650K .......... .......... .......... .......... .......... 94% 12.1M 0s
[11.093s]  14700K .......... .......... .......... .......... .......... 94% 7.14M 0s
[11.097s]  14750K .......... .......... .......... .......... .......... 94% 12.8M 0s
[11.099s]  14800K .......... .......... .......... .......... .......... 95% 23.0M 0s
[11.106s]  14850K .......... .......... .......... .......... .......... 95% 7.24M 0s
[11.108s]  14900K .......... .......... .......... .......... .......... 95% 23.4M 0s
[11.118s]  14950K .......... .......... .......... .......... .......... 95% 5.09M 0s
[11.123s]  15000K .......... .......... .......... .......... .......... 96% 9.28M 0s
[11.124s]  15050K .......... .......... .......... .......... .......... 96% 63.9M 0s
[11.128s]  15100K .......... .......... .......... .......... .......... 96% 13.9M 0s
[11.131s]  15150K .......... .......... .......... .......... .......... 97% 23.5M 0s
[11.143s]  15200K .......... .......... .......... .......... .......... 97% 3.47M 0s
[11.146s]  15250K .......... .......... .......... .......... .......... 97% 22.1M 0s
[11.149s]  15300K .......... .......... .......... .......... .......... 98% 12.8M 0s
[11.156s]  15350K .......... .......... .......... .......... .......... 98% 13.7M 0s
[11.156s]  15400K .......... .......... .......... .......... .......... 98% 15.5M 0s
[11.159s]  15450K .......... .......... .......... .......... .......... 99% 16.3M 0s
[11.167s]  15500K .......... .......... .......... .......... .......... 99% 6.48M 0s
[11.173s]  15550K .......... .......... .......... .......... .......... 99% 10.9M 0s
[11.173s]  15600K .......... .......... .....                           100% 68.0M=1.8s
[11.173s] 
[11.173s] 2026-08-21 19:30:32 (8.64 MB/s) - ‘/home/deepak/task2/turtlebot3_ws/build/multirobot_map_merge/2012-01-28-11-12-01.pgm’ saved [16000058/16000058]
[11.173s] 
[11.182s] Checking MD5 sum of /home/deepak/task2/turtlebot3_ws/build/multirobot_map_merge/2012-01-28-11-12-01.pgm
[11.229s] /home/deepak/task2/turtlebot3_ws/build/multirobot_map_merge/2012-01-28-11-12-01.pgm: OK
[11.243s] -- Found gtest sources under '/opt/ros/humble/src/gtest_vendor': C++ tests using 'Google Test' will be built
[11.262s] -- Added test 'cppcheck' to perform static code analysis on C / C++ code
[11.262s] -- Configured cppcheck include dirs: /home/deepak/task2/turtlebot3_ws/src/m-explore-ros2/map_merge/include;$<BUILD_INTERFACE:/home/deepak/task2/turtlebot3_ws/src/m-explore-ros2/map_merge/include>
[11.263s] -- Configured cppcheck exclude dirs and/or files: 
[11.267s] -- Added test 'flake8' to check Python code syntax and style conventions
[11.271s] -- Added test 'lint_cmake' to check CMake code style
[11.278s] -- Added test 'pep257' to check Python code against some of the docstring style conventions in PEP 257
[11.282s] -- Added test 'uncrustify' to check C / C++ code style
[11.282s] -- Configured uncrustify additional arguments: 
[11.285s] -- Added test 'xmllint' to check XML markup files
[11.292s] -- Configuring done
[11.429s] -- Generating done
[11.444s] -- Build files have been written to: /home/deepak/task2/turtlebot3_ws/build/multirobot_map_merge
[11.462s] Invoked command in '/home/deepak/task2/turtlebot3_ws/build/multirobot_map_merge' returned '0': CMAKE_PREFIX_PATH=${CMAKE_PREFIX_PATH}:/home/deepak/moveit_ws/install/moveit_configs_utils:/opt/ros/humble /usr/bin/cmake /home/deepak/task2/turtlebot3_ws/src/m-explore-ros2/map_merge -DCMAKE_INSTALL_PREFIX=/home/deepak/task2/turtlebot3_ws/install/multirobot_map_merge
[11.466s] Invoking command in '/home/deepak/task2/turtlebot3_ws/build/multirobot_map_merge': CMAKE_PREFIX_PATH=${CMAKE_PREFIX_PATH}:/home/deepak/moveit_ws/install/moveit_configs_utils:/opt/ros/humble /usr/bin/cmake --build /home/deepak/task2/turtlebot3_ws/build/multirobot_map_merge -- -j20 -l20
[11.606s] [  8%] [32mBuilding CXX object CMakeFiles/combine_grids.dir/src/combine_grids/grid_compositor.cpp.o[0m
[11.608s] [ 16%] [32mBuilding CXX object CMakeFiles/combine_grids.dir/src/combine_grids/grid_warper.cpp.o[0m
[11.620s] [ 25%] [32mBuilding CXX object CMakeFiles/combine_grids.dir/src/combine_grids/merging_pipeline.cpp.o[0m
[11.620s] [ 41%] [32mBuilding CXX object gtest/CMakeFiles/gtest_main.dir/src/gtest_main.cc.o[0m
[11.620s] [ 41%] [32mBuilding CXX object gtest/CMakeFiles/gtest.dir/src/gtest-all.cc.o[0m
[13.768s] [ 50%] [32m[1mLinking CXX static library libgtest_main.a[0m
[13.913s] [ 50%] Built target gtest_main
[16.504s] [ 58%] [32m[1mLinking CXX static library libgtest.a[0m
[16.580s] [ 58%] Built target gtest
[17.239s] [ 66%] [32m[1mLinking CXX static library libcombine_grids.a[0m
[17.297s] [ 66%] Built target combine_grids
[17.315s] [ 75%] [32mBuilding CXX object CMakeFiles/map_merge.dir/src/map_merge.cpp.o[0m
[17.327s] [ 83%] [32mBuilding CXX object CMakeFiles/test_merging_pipeline.dir/test/test_merging_pipeline.cpp.o[0m
[22.501s] [ 91%] [32m[1mLinking CXX executable test_merging_pipeline[0m
[23.216s] [ 91%] Built target test_merging_pipeline
[28.957s] [100%] [32m[1mLinking CXX executable map_merge[0m
[29.705s] [100%] Built target map_merge
[29.718s] Invoked command in '/home/deepak/task2/turtlebot3_ws/build/multirobot_map_merge' returned '0': CMAKE_PREFIX_PATH=${CMAKE_PREFIX_PATH}:/home/deepak/moveit_ws/install/moveit_configs_utils:/opt/ros/humble /usr/bin/cmake --build /home/deepak/task2/turtlebot3_ws/build/multirobot_map_merge -- -j20 -l20
[29.720s] Invoking command in '/home/deepak/task2/turtlebot3_ws/build/multirobot_map_merge': CMAKE_PREFIX_PATH=${CMAKE_PREFIX_PATH}:/home/deepak/moveit_ws/install/moveit_configs_utils:/opt/ros/humble /usr/bin/cmake --install /home/deepak/task2/turtlebot3_ws/build/multirobot_map_merge
[29.730s] -- Install configuration: ""
[29.730s] -- Installing: /home/deepak/task2/turtlebot3_ws/install/multirobot_map_merge/include/map_merge/
[29.730s] -- Installing: /home/deepak/task2/turtlebot3_ws/install/multirobot_map_merge/include/map_merge//ros1_names.hpp
[29.730s] -- Installing: /home/deepak/task2/turtlebot3_ws/install/multirobot_map_merge/include/map_merge//map_merge.h
[29.730s] -- Installing: /home/deepak/task2/turtlebot3_ws/install/multirobot_map_merge/share/multirobot_map_merge/launch
[29.730s] -- Installing: /home/deepak/task2/turtlebot3_ws/install/multirobot_map_merge/share/multirobot_map_merge/launch/map_merge.rviz
[29.730s] -- Installing: /home/deepak/task2/turtlebot3_ws/install/multirobot_map_merge/share/multirobot_map_merge/launch/map_merge.launch.py
[29.730s] -- Installing: /home/deepak/task2/turtlebot3_ws/install/multirobot_map_merge/share/multirobot_map_merge/launch/from_map_server.launch.py
[29.730s] -- Installing: /home/deepak/task2/turtlebot3_ws/install/multirobot_map_merge/share/multirobot_map_merge/launch/tb3_simulation
[29.730s] -- Installing: /home/deepak/task2/turtlebot3_ws/install/multirobot_map_merge/share/multirobot_map_merge/launch/tb3_simulation/tb3_simulation_launch.py
[29.730s] -- Installing: /home/deepak/task2/turtlebot3_ws/install/multirobot_map_merge/share/multirobot_map_merge/launch/tb3_simulation/slam_toolbox.py
[29.731s] -- Installing: /home/deepak/task2/turtlebot3_ws/install/multirobot_map_merge/share/multirobot_map_merge/launch/tb3_simulation/config
[29.731s] -- Installing: /home/deepak/task2/turtlebot3_ws/install/multirobot_map_merge/share/multirobot_map_merge/launch/tb3_simulation/config/nav2_multirobot_params_2.yaml
[29.731s] -- Installing: /home/deepak/task2/turtlebot3_ws/install/multirobot_map_merge/share/multirobot_map_merge/launch/tb3_simulation/config/nav2_multirobot_params_1.yaml
[29.731s] -- Installing: /home/deepak/task2/turtlebot3_ws/install/multirobot_map_merge/share/multirobot_map_merge/launch/tb3_simulation/bringup_launch.py
[29.731s] -- Installing: /home/deepak/task2/turtlebot3_ws/install/multirobot_map_merge/share/multirobot_map_merge/launch/tb3_simulation/multi_tb3_simulation_launch.py
[29.731s] -- Installing: /home/deepak/task2/turtlebot3_ws/install/multirobot_map_merge/share/multirobot_map_merge/launch/tb3_simulation/worlds
[29.731s] -- Installing: /home/deepak/task2/turtlebot3_ws/install/multirobot_map_merge/share/multirobot_map_merge/launch/tb3_simulation/worlds/world_only.model
[29.731s] -- Installing: /home/deepak/task2/turtlebot3_ws/install/multirobot_map_merge/share/multirobot_map_merge/config
[29.731s] -- Installing: /home/deepak/task2/turtlebot3_ws/install/multirobot_map_merge/share/multirobot_map_merge/config/params.yaml
[29.731s] -- Installing: /home/deepak/task2/turtlebot3_ws/install/multirobot_map_merge/lib/libcombine_grids.a
[29.733s] -- Installing: /home/deepak/task2/turtlebot3_ws/install/multirobot_map_merge/lib/multirobot_map_merge/map_merge
[29.739s] -- Set runtime path of "/home/deepak/task2/turtlebot3_ws/install/multirobot_map_merge/lib/multirobot_map_merge/map_merge" to ""
[29.739s] -- Installing: /home/deepak/task2/turtlebot3_ws/install/multirobot_map_merge/share/multirobot_map_merge/environment/library_path.sh
[29.739s] -- Installing: /home/deepak/task2/turtlebot3_ws/install/multirobot_map_merge/share/multirobot_map_merge/environment/library_path.dsv
[29.739s] -- Installing: /home/deepak/task2/turtlebot3_ws/install/multirobot_map_merge/share/ament_index/resource_index/package_run_dependencies/multirobot_map_merge
[29.739s] -- Installing: /home/deepak/task2/turtlebot3_ws/install/multirobot_map_merge/share/ament_index/resource_index/parent_prefix_path/multirobot_map_merge
[29.739s] -- Installing: /home/deepak/task2/turtlebot3_ws/install/multirobot_map_merge/share/multirobot_map_merge/environment/ament_prefix_path.sh
[29.739s] -- Installing: /home/deepak/task2/turtlebot3_ws/install/multirobot_map_merge/share/multirobot_map_merge/environment/ament_prefix_path.dsv
[29.739s] -- Installing: /home/deepak/task2/turtlebot3_ws/install/multirobot_map_merge/share/multirobot_map_merge/environment/path.sh
[29.739s] -- Installing: /home/deepak/task2/turtlebot3_ws/install/multirobot_map_merge/share/multirobot_map_merge/environment/path.dsv
[29.740s] -- Installing: /home/deepak/task2/turtlebot3_ws/install/multirobot_map_merge/share/multirobot_map_merge/local_setup.bash
[29.740s] -- Installing: /home/deepak/task2/turtlebot3_ws/install/multirobot_map_merge/share/multirobot_map_merge/local_setup.sh
[29.740s] -- Installing: /home/deepak/task2/turtlebot3_ws/install/multirobot_map_merge/share/multirobot_map_merge/local_setup.zsh
[29.740s] -- Installing: /home/deepak/task2/turtlebot3_ws/install/multirobot_map_merge/share/multirobot_map_merge/local_setup.dsv
[29.740s] -- Installing: /home/deepak/task2/turtlebot3_ws/install/multirobot_map_merge/share/multirobot_map_merge/package.dsv
[29.740s] -- Installing: /home/deepak/task2/turtlebot3_ws/install/multirobot_map_merge/share/ament_index/resource_index/packages/multirobot_map_merge
[29.740s] -- Installing: /home/deepak/task2/turtlebot3_ws/install/multirobot_map_merge/share/multirobot_map_merge/cmake/ament_cmake_export_include_directories-extras.cmake
[29.740s] -- Installing: /home/deepak/task2/turtlebot3_ws/install/multirobot_map_merge/share/multirobot_map_merge/cmake/ament_cmake_export_libraries-extras.cmake
[29.740s] -- Installing: /home/deepak/task2/turtlebot3_ws/install/multirobot_map_merge/share/multirobot_map_merge/cmake/multirobot_map_mergeConfig.cmake
[29.740s] -- Installing: /home/deepak/task2/turtlebot3_ws/install/multirobot_map_merge/share/multirobot_map_merge/cmake/multirobot_map_mergeConfig-version.cmake
[29.741s] -- Installing: /home/deepak/task2/turtlebot3_ws/install/multirobot_map_merge/share/multirobot_map_merge/package.xml
[29.743s] Invoked command in '/home/deepak/task2/turtlebot3_ws/build/multirobot_map_merge' returned '0': CMAKE_PREFIX_PATH=${CMAKE_PREFIX_PATH}:/home/deepak/moveit_ws/install/moveit_configs_utils:/opt/ros/humble /usr/bin/cmake --install /home/deepak/task2/turtlebot3_ws/build/multirobot_map_merge
