[0.417s] Invoking command in '/home/deepak/task2/turtlebot3_ws/src/turtlebot3/turtlebot3_example': AMENT_PREFIX_PATH=/home/deepak/task2/turtlebot3_ws/install/turtlebot3_msgs:${AMENT_PREFIX_PATH} CMAKE_PREFIX_PATH=/home/deepak/task2/turtlebot3_ws/install/turtlebot3_msgs:${CMAKE_PREFIX_PATH} LD_LIBRARY_PATH=/home/deepak/task2/turtlebot3_ws/install/turtlebot3_msgs/lib:${LD_LIBRARY_PATH} PYTHONPATH=/home/deepak/task2/turtlebot3_ws/build/turtlebot3_example/prefix_override:/usr/lib/python3/dist-packages/colcon_core/task/python/colcon_distutils_commands:/home/deepak/task2/turtlebot3_ws/install/turtlebot3_example/lib/python3.10/site-packages:/home/deepak/task2/turtlebot3_ws/install/turtlebot3_msgs/local/lib/python3.10/dist-packages:${PYTHONPATH} /usr/bin/python3 -W ignore:setup.py install is deprecated -W ignore:easy_install command is deprecated setup.py egg_info --egg-base ../../../build/turtlebot3_example build --build-base /home/deepak/task2/turtlebot3_ws/build/turtlebot3_example/build install --record /home/deepak/task2/turtlebot3_ws/build/turtlebot3_example/install.log --install-scripts $base/lib/turtlebot3_example --single-version-externally-managed install_data
[0.556s] running egg_info
[0.557s] writing ../../../build/turtlebot3_example/turtlebot3_example.egg-info/PKG-INFO
[0.557s] writing dependency_links to ../../../build/turtlebot3_example/turtlebot3_example.egg-info/dependency_links.txt
[0.557s] writing entry points to ../../../build/turtlebot3_example/turtlebot3_example.egg-info/entry_points.txt
[0.557s] writing requirements to ../../../build/turtlebot3_example/turtlebot3_example.egg-info/requires.txt
[0.557s] writing top-level names to ../../../build/turtlebot3_example/turtlebot3_example.egg-info/top_level.txt
[0.558s] reading manifest file '../../../build/turtlebot3_example/turtlebot3_example.egg-info/SOURCES.txt'
[0.559s] writing manifest file '../../../build/turtlebot3_example/turtlebot3_example.egg-info/SOURCES.txt'
[0.559s] running build
[0.559s] running build_py
[0.559s] running install
[0.559s] running install_lib
[0.560s] running install_data
[0.560s] running install_egg_info
[0.561s] removing '/home/deepak/task2/turtlebot3_ws/install/turtlebot3_example/lib/python3.10/site-packages/turtlebot3_example-2.3.6-py3.10.egg-info' (and everything under it)
[0.561s] Copying ../../../build/turtlebot3_example/turtlebot3_example.egg-info to /home/deepak/task2/turtlebot3_ws/install/turtlebot3_example/lib/python3.10/site-packages/turtlebot3_example-2.3.6-py3.10.egg-info
[0.562s] running install_scripts
[0.573s] Installing turtlebot3_absolute_move script to /home/deepak/task2/turtlebot3_ws/install/turtlebot3_example/lib/turtlebot3_example
[0.573s] Installing turtlebot3_interactive_marker script to /home/deepak/task2/turtlebot3_ws/install/turtlebot3_example/lib/turtlebot3_example
[0.573s] Installing turtlebot3_obstacle_detection script to /home/deepak/task2/turtlebot3_ws/install/turtlebot3_example/lib/turtlebot3_example
[0.573s] Installing turtlebot3_patrol_client script to /home/deepak/task2/turtlebot3_ws/install/turtlebot3_example/lib/turtlebot3_example
[0.573s] Installing turtlebot3_patrol_server script to /home/deepak/task2/turtlebot3_ws/install/turtlebot3_example/lib/turtlebot3_example
[0.573s] Installing turtlebot3_relative_move script to /home/deepak/task2/turtlebot3_ws/install/turtlebot3_example/lib/turtlebot3_example
[0.573s] writing list of installed files to '/home/deepak/task2/turtlebot3_ws/build/turtlebot3_example/install.log'
[0.588s] Invoked command in '/home/deepak/task2/turtlebot3_ws/src/turtlebot3/turtlebot3_example' returned '0': AMENT_PREFIX_PATH=/home/deepak/task2/turtlebot3_ws/install/turtlebot3_msgs:${AMENT_PREFIX_PATH} CMAKE_PREFIX_PATH=/home/deepak/task2/turtlebot3_ws/install/turtlebot3_msgs:${CMAKE_PREFIX_PATH} LD_LIBRARY_PATH=/home/deepak/task2/turtlebot3_ws/install/turtlebot3_msgs/lib:${LD_LIBRARY_PATH} PYTHONPATH=/home/deepak/task2/turtlebot3_ws/build/turtlebot3_example/prefix_override:/usr/lib/python3/dist-packages/colcon_core/task/python/colcon_distutils_commands:/home/deepak/task2/turtlebot3_ws/install/turtlebot3_example/lib/python3.10/site-packages:/home/deepak/task2/turtlebot3_ws/install/turtlebot3_msgs/local/lib/python3.10/dist-packages:${PYTHONPATH} /usr/bin/python3 -W ignore:setup.py install is deprecated -W ignore:easy_install command is deprecated setup.py egg_info --egg-base ../../../build/turtlebot3_example build --build-base /home/deepak/task2/turtlebot3_ws/build/turtlebot3_example/build install --record /home/deepak/task2/turtlebot3_ws/build/turtlebot3_example/install.log --install-scripts $base/lib/turtlebot3_example --single-version-externally-managed install_data
